Component: ARM Compiler 5.06 update 5 (build 528) Tool: armlink [4d35e2]

==============================================================================

Section Cross References

    startup_stm32f401xc.o(STACK) refers (Special) to heapauxi.o(.text) for __use_two_region_memory
    startup_stm32f401xc.o(HEAP) refers (Special) to heapauxi.o(.text) for __use_two_region_memory
    startup_stm32f401xc.o(RESET) refers (Special) to heapauxi.o(.text) for __use_two_region_memory
    startup_stm32f401xc.o(RESET) refers to startup_stm32f401xc.o(STACK) for __initial_sp
    startup_stm32f401xc.o(RESET) refers to startup_stm32f401xc.o(.text) for Reset_Handler
    startup_stm32f401xc.o(RESET) refers to stm32f4xx_it.o(i.NMI_Handler) for NMI_Handler
    startup_stm32f401xc.o(RESET) refers to stm32f4xx_it.o(i.HardFault_Handler) for HardFault_Handler
    startup_stm32f401xc.o(RESET) refers to stm32f4xx_it.o(i.MemManage_Handler) for MemManage_Handler
    startup_stm32f401xc.o(RESET) refers to stm32f4xx_it.o(i.BusFault_Handler) for BusFault_Handler
    startup_stm32f401xc.o(RESET) refers to stm32f4xx_it.o(i.UsageFault_Handler) for UsageFault_Handler
    startup_stm32f401xc.o(RESET) refers to stm32f4xx_it.o(i.SVC_Handler) for SVC_Handler
    startup_stm32f401xc.o(RESET) refers to stm32f4xx_it.o(i.DebugMon_Handler) for DebugMon_Handler
    startup_stm32f401xc.o(RESET) refers to stm32f4xx_it.o(i.PendSV_Handler) for PendSV_Handler
    startup_stm32f401xc.o(RESET) refers to stm32f4xx_it.o(i.SysTick_Handler) for SysTick_Handler
    startup_stm32f401xc.o(RESET) refers to zzy_lib_uart_f4.o(i.USART1_IRQHandler) for USART1_IRQHandler
    startup_stm32f401xc.o(RESET) refers to zzy_lib_uart_f4.o(i.USART6_IRQHandler) for USART6_IRQHandler
    startup_stm32f401xc.o(.text) refers (Special) to heapauxi.o(.text) for __use_two_region_memory
    startup_stm32f401xc.o(.text) refers to system_stm32f4xx.o(i.SystemInit) for SystemInit
    startup_stm32f401xc.o(.text) refers to __main.o(!!!main) for __main
    startup_stm32f401xc.o(.text) refers to startup_stm32f401xc.o(HEAP) for Heap_Mem
    startup_stm32f401xc.o(.text) refers to startup_stm32f401xc.o(STACK) for Stack_Mem
    main.o(i.SystemClock_Config) refers to rt_memclr_w.o(.text) for __aeabi_memclr4
    main.o(i.SystemClock_Config) refers to stm32f4xx_hal_rcc.o(i.HAL_RCC_OscConfig) for HAL_RCC_OscConfig
    main.o(i.SystemClock_Config) refers to main.o(i.Error_Handler) for Error_Handler
    main.o(i.SystemClock_Config) refers to stm32f4xx_hal_rcc.o(i.HAL_RCC_ClockConfig) for HAL_RCC_ClockConfig
    main.o(i.draw_circle) refers to main.o(i.laser_off) for laser_off
    main.o(i.draw_circle) refers to main.o(i.move) for move
    main.o(i.draw_circle) refers to main.o(i.laser_on) for laser_on
    main.o(i.draw_circle) refers to cosf.o(i.__hardfp_cosf) for __hardfp_cosf
    main.o(i.draw_circle) refers to sinf.o(i.__hardfp_sinf) for __hardfp_sinf
    main.o(i.draw_rectangle) refers to main.o(i.laser_off) for laser_off
    main.o(i.draw_rectangle) refers to main.o(i.move) for move
    main.o(i.draw_rectangle) refers to main.o(i.laser_on) for laser_on
    main.o(i.laser_off) refers to stm32f4xx_hal_gpio.o(i.HAL_GPIO_WritePin) for HAL_GPIO_WritePin
    main.o(i.laser_off) refers to main.o(.data) for current_laser_state
    main.o(i.laser_on) refers to stm32f4xx_hal_gpio.o(i.HAL_GPIO_WritePin) for HAL_GPIO_WritePin
    main.o(i.laser_on) refers to main.o(.data) for current_laser_state
    main.o(i.main) refers to stm32f4xx_hal.o(i.HAL_Init) for HAL_Init
    main.o(i.main) refers to main.o(i.SystemClock_Config) for SystemClock_Config
    main.o(i.main) refers to gpio.o(i.MX_GPIO_Init) for MX_GPIO_Init
    main.o(i.main) refers to usart.o(i.MX_USART1_UART_Init) for MX_USART1_UART_Init
    main.o(i.main) refers to spi.o(i.MX_SPI1_Init) for MX_SPI1_Init
    main.o(i.main) refers to usart.o(i.MX_USART6_UART_Init) for MX_USART6_UART_Init
    main.o(i.main) refers to dac8563.o(i.dac8563_init) for dac8563_init
    main.o(i.main) refers to stm32f4xx_hal_gpio.o(i.HAL_GPIO_WritePin) for HAL_GPIO_WritePin
    main.o(i.main) refers to zzy_lib_uart_f4.o(i.UART1_Init) for UART1_Init
    main.o(i.main) refers to zzy_lib_uart_f4.o(i.UART6_Init) for UART6_Init
    main.o(i.main) refers to zzy_lib_uart_f4.o(i.UART6_Register_IDLE_callback) for UART6_Register_IDLE_callback
    main.o(i.main) refers to main.o(i.get_next_pose) for get_next_pose
    main.o(i.main) refers to main.o(i.draw_circle) for draw_circle
    main.o(i.main) refers to main.o(i.draw_rectangle) for draw_rectangle
    main.o(i.main) refers to rt_memcpy_v6.o(.text) for __aeabi_memcpy
    main.o(i.main) refers to rt_memclr.o(.text) for __aeabi_memclr
    main.o(i.main) refers to main.o(i.uart6_IDLE_callback) for uart6_IDLE_callback
    main.o(i.main) refers to main.o(.bss) for task_buf
    main.o(i.main) refers to main.o(.data) for flag_update
[...]
    ../clib/printf.c                         0x00000000   Number         0  _printf_oct_int_ll.o ABSOLUTE
    ../clib/printf.c                         0x00000000   Number         0  _printf_oct_int.o ABSOLUTE
    ../clib/printf.c                         0x00000000   Number         0  vsnprintf.o ABSOLUTE
    ../clib/printf.c                         0x00000000   Number         0  __2printf.o ABSOLUTE
    ../clib/printf.c                         0x00000000   Number         0  _printf_oct_ll.o ABSOLUTE
    ../clib/printf.c                         0x00000000   Number         0  noretval__2printf.o ABSOLUTE
    ../clib/printf_percent.s                 0x00000000   Number         0  _printf_llx.o ABSOLUTE
    ../clib/printf_percent.s                 0x00000000   Number         0  _printf_ls.o ABSOLUTE
    ../clib/printf_percent.s                 0x00000000   Number         0  _printf_a.o ABSOLUTE
    ../clib/printf_percent.s                 0x00000000   Number         0  _printf_g.o ABSOLUTE
    ../clib/printf_percent.s                 0x00000000   Number         0  _printf_e.o ABSOLUTE
    ../clib/printf_percent.s                 0x00000000   Number         0  _printf_f.o ABSOLUTE
    ../clib/printf_percent.s                 0x00000000   Number         0  _printf_lc.o ABSOLUTE
    ../clib/printf_percent.s                 0x00000000   Number         0  _printf_percent_end.o ABSOLUTE
    ../clib/printf_percent.s                 0x00000000   Number         0  _printf_u.o ABSOLUTE
    ../clib/printf_percent.s                 0x00000000   Number         0  _printf_i.o ABSOLUTE
    ../clib/printf_percent.s                 0x00000000   Number         0  _printf_o.o ABSOLUTE
    ../clib/printf_percent.s                 0x00000000   Number         0  _printf_p.o ABSOLUTE
    ../clib/printf_percent.s                 0x00000000   Number         0  _printf_n.o ABSOLUTE
    ../clib/printf_percent.s                 0x00000000   Number         0  _printf_lli.o ABSOLUTE
    ../clib/printf_percent.s                 0x00000000   Number         0  _printf_c.o ABSOLUTE
    ../clib/printf_percent.s                 0x00000000   Number         0  _printf_percent.o ABSOLUTE
    ../clib/printf_percent.s                 0x00000000   Number         0  _printf_lld.o ABSOLUTE
    ../clib/printf_percent.s                 0x00000000   Number         0  _printf_d.o ABSOLUTE
    ../clib/printf_percent.s                 0x00000000   Number         0  _printf_x.o ABSOLUTE
    ../clib/printf_percent.s                 0x00000000   Number         0  _printf_llu.o ABSOLUTE
    ../clib/printf_percent.s                 0x00000000   Number         0  _printf_s.o ABSOLUTE
    ../clib/printf_percent.s                 0x00000000   Number         0  _printf_ll.o ABSOLUTE
    ../clib/printf_percent.s                 0x00000000   Number         0  _printf_l.o ABSOLUTE
    ../clib/printf_percent.s                 0x00000000   Number         0  _printf_llo.o ABSOLUTE
    ../clib/scanf.c                          0x00000000   Number         0  _scanf_int.o ABSOLUTE
    ../clib/scanf.c                          0x00000000   Number         0  __0sscanf.o ABSOLUTE
    ../clib/scanf.c                          0x00000000   Number         0  scanf_char.o ABSOLUTE
    ../clib/scanf.c                          0x00000000   Number         0  _chval.o ABSOLUTE
    ../clib/scanf.c                          0x00000000   Number         0  _sgetc.o ABSOLUTE
    ../clib/scanf.c                          0x00000000   Number         0  _scanf.o ABSOLUTE
    ../clib/signal.c                         0x00000000   Number         0  defsig_other.o ABSOLUTE
    ../clib/signal.c                         0x00000000   Number         0  defsig_segv_inner.o ABSOLUTE
    ../clib/signal.c                         0x00000000   Number         0  defsig_cppl_inner.o ABSOLUTE
    ../clib/signal.c                         0x00000000   Number         0  defsig_pvfn_inner.o ABSOLUTE
    ../clib/signal.c                         0x00000000   Number         0  defsig_stak_inner.o ABSOLUTE
    ../clib/signal.c                         0x00000000   Number         0  defsig_rtmem_formal.o ABSOLUTE
    ../clib/signal.c                         0x00000000   Number         0  defsig_rtmem_inner.o ABSOLUTE
    ../clib/signal.c                         0x00000000   Number         0  defsig_rtred_inner.o ABSOLUTE
    ../clib/signal.c                         0x00000000   Number         0  defsig_abrt_inner.o ABSOLUTE
    ../clib/signal.c                         0x00000000   Number         0  defsig_general.o ABSOLUTE
    ../clib/signal.c                         0x00000000   Number         0  __raise.o ABSOLUTE
    ../clib/signal.c                         0x00000000   Number         0  defsig_fpe_inner.o ABSOLUTE
    ../clib/signal.c                         0x00000000   Number         0  defsig_exit.o ABSOLUTE
    ../clib/signal.c                         0x00000000   Number         0  defsig_fpe_formal.o ABSOLUTE
    ../clib/signal.c                         0x00000000   Number         0  defsig_fpe_outer.o ABSOLUTE
    ../clib/signal.c                         0x00000000   Number         0  defsig_rtmem_outer.o ABSOLUTE
    ../clib/signal.s                         0x00000000   Number         0  defsig.o ABSOLUTE
    ../clib/stdio.c                          0x00000000   Number         0  ferror.o ABSOLUTE
    ../clib/stdio.c                          0x00000000   Number         0  ferror_locked.o ABSOLUTE
    ../clib/stdlib.c                         0x00000000   Number         0  exit.o ABSOLUTE
    ../clib/string.c                         0x00000000   Number         0  strtok.o ABSOLUTE
    ../clib/string.c                         0x00000000   Number         0  strtok_int.o ABSOLUTE
    ../clib/string.c                         0x00000000   Number         0  strlen.o ABSOLUTE
    ../clib/string.c                         0x00000000   Number         0  strspn.o ABSOLUTE
    ../clib/string.c                         0x00000000   Number         0  strcspn.o ABSOLUTE
    ../fplib/fpinit.s                        0x00000000   Number         0  fpinit.o ABSOLUTE
    ../fplib/istatus.s                       0x00000000   Number         0  istatus.o ABSOLUTE
    ../fplib/printf1.s                       0x00000000   Number         0  printf1.o ABSOLUTE
    ../fplib/printf2.s                       0x00000000   Number         0  printf2.o ABSOLUTE
    ../fplib/printf2a.s                      0x00000000   Number         0  printf2a.o ABSOLUTE
    ../fplib/printf2b.s                      0x00000000   Number         0  printf2b.o ABSOLUTE
    ../fplib/usenofp.s                       0x00000000   Number         0  usenofp.o ABSOLUTE
    ../mathlib/cosf.c                        0x00000000   Number         0  cosf.o ABSOLUTE
    ../mathlib/cosf.c                        0x00000000   Number         0  cosf_x.o ABSOLUTE
    ../mathlib/fpclassify.c                  0x00000000   Number         0  fpclassify.o ABSOLUTE
    ../mathlib/fpclassifyf.c                 0x00000000   Number         0  fpclassifyf.o ABSOLUTE
    ../mathlib/funder.c                      0x00000000   Number         0  funder.o ABSOLUTE
    ../mathlib/rredf.c                       0x00000000   Number         0  rredf.o ABSOLUTE
    ../mathlib/sinf.c                        0x00000000   Number         0  sinf.o ABSOLUTE
    ../mathlib/sinf.c                        0x00000000   Number         0  sinf_x.o ABSOLUTE
    ../mathlib/sqrtf.c                       0x00000000   Number         0  sqrtf.o ABSOLUTE
    ../mathlib/sqrtf.c                       0x00000000   Number         0  sqrtf_x.o ABSOLUTE
    ..\Core\Src\gpio.c                       0x00000000   Number         0  gpio.o ABSOLUTE
    ..\Core\Src\main.c                       0x00000000   Number         0  main.o ABSOLUTE
    ..\Core\Src\spi.c                        0x00000000   Number         0  spi.o ABSOLUTE
    ..\Core\Src\stm32f4xx_hal_msp.c          0x00000000   Number         0  stm32f4xx_hal_msp.o ABSOLUTE
    ..\Core\Src\stm32f4xx_it.c               0x00000000   Number         0  stm32f4xx_it.o ABSOLUTE
    ..\Core\Src\system_stm32f4xx.c           0x00000000   Number         0  system_stm32f4xx.o ABSOLUTE
    ..\Core\Src\usart.c                      0x00000000   Number         0  usart.o ABSOLUTE
    ..\Drivers\STM32F4xx_HAL_Driver\Src\stm32f4xx_hal.c 0x00000000   Number         0  stm32f4xx_hal.o ABSOLUTE
    ..\Drivers\STM32F4xx_HAL_Driver\Src\stm32f4xx_hal_cortex.c 0x00000000   Number         0  stm32f4xx_hal_cortex.o ABSOLUTE
    ..\Drivers\STM32F4xx_HAL_Driver\Src\stm32f4xx_hal_dma.c 0x00000000   Number         0  stm32f4xx_hal_dma.o ABSOLUTE
    ..\Drivers\STM32F4xx_HAL_Driver\Src\stm32f4xx_hal_dma_ex.c 0x00000000   Number         0  stm32f4xx_hal_dma_ex.o ABSOLUTE
    ..\Drivers\STM32F4xx_HAL_Driver\Src\stm32f4xx_hal_exti.c 0x00000000   Number         0  stm32f4xx_hal_exti.o ABSOLUTE
    ..\Drivers\STM32F4xx_HAL_Driver\Src\stm32f4xx_hal_flash.c 0x00000000   Number         0  stm32f4xx_hal_flash.o ABSOLUTE
    ..\Drivers\STM32F4xx_HAL_Driver\Src\stm32f4xx_hal_flash_ex.c 0x00000000   Number         0  stm32f4xx_hal_flash_ex.o ABSOLUTE
    ..\Drivers\STM32F4xx_HAL_Driver\Src\stm32f4xx_hal_flash_ramfunc.c 0x00000000   Number         0  stm32f4xx_hal_flash_ramfunc.o ABSOLUTE
    ..\Drivers\STM32F4xx_HAL_Driver\Src\stm32f4xx_hal_gpio.c 0x00000000   Number         0  stm32f4xx_hal_gpio.o ABSOLUTE
    ..\Drivers\STM32F4xx_HAL_Driver\Src\stm32f4xx_hal_pwr.c 0x00000000   Number         0  stm32f4xx_hal_pwr.o ABSOLUTE
    ..\Drivers\STM32F4xx_HAL_Driver\Src\stm32f4xx_hal_pwr_ex.c 0x00000000   Number         0  stm32f4xx_hal_pwr_ex.o ABSOLUTE
    ..\Drivers\STM32F4xx_HAL_Driver\Src\stm32f4xx_hal_rcc.c 0x00000000   Number         0  stm32f4xx_hal_rcc.o ABSOLUTE
    ..\Drivers\STM32F4xx_HAL_Driver\Src\stm32f4xx_hal_rcc_ex.c 0x00000000   Number         0  stm32f4xx_hal_rcc_ex.o ABSOLUTE
    ..\Drivers\STM32F4xx_HAL_Driver\Src\stm32f4xx_hal_spi.c 0x00000000   Number         0  stm32f4xx_hal_spi.o ABSOLUTE
    ..\Drivers\STM32F4xx_HAL_Driver\Src\stm32f4xx_hal_uart.c 0x00000000   Number         0  stm32f4xx_hal_uart.o ABSOLUTE
    ..\HARDWARE\dac8563\dac8563.c            0x00000000   Number         0  dac8563.o ABSOLUTE
    ..\HARDWARE\zzy_lib_delay\zzy_lib_delay.c 0x00000000   Number         0  zzy_lib_delay.o ABSOLUTE
    ..\HARDWARE\zzy_lib_uart_f4\zzy_lib_uart_f4.c 0x00000000   Number         0  zzy_lib_uart_f4.o ABSOLUTE
    ..\\HARDWARE\\dac8563\\dac8563.c         0x00000000   Number         0  dac8563.o ABSOLUTE
    ..\\HARDWARE\\zzy_lib_delay\\zzy_lib_delay.c 0x00000000   Number         0  zzy_lib_delay.o ABSOLUTE
    ..\\HARDWARE\\zzy_lib_uart_f4\\zzy_lib_uart_f4.c 0x00000000   Number         0  zzy_lib_uart_f4.o ABSOLUTE
    dc.s                                     0x00000000   Number         0  dc.o ABSOLUTE
    startup_stm32f401xc.s                    0x00000000   Number         0  startup_stm32f401xc.o ABSOLUTE
    RESET                                    0x08000000   Section      404  startup_stm32f401xc.o(RESET)
    !!!main                                  0x08000194   Section        8  __main.o(!!!main)
    !!!scatter                               0x0800019c   Section       52  __scatter.o(!!!scatter)
    !!handler_copy                           0x080001d0   Section       26  __scatter_copy.o(!!handler_copy)
    !!handler_zi                             0x080001ec   Section       28  __scatter_zi.o(!!handler_zi)
    .ARM.Collect$$_printf_percent$$00000000  0x08000208   Section        0  _printf_percent.o(.ARM.Collect$$_printf_percent$$00000000)
    .ARM.Collect$$_printf_percent$$00000017  0x08000208   Section        4  _printf_percent_end.o(.ARM.Collect$$_printf_percent$$00000017)
    .ARM.Collect$$libinit$$00000000          0x0800020c   Section        2  libinit.o(.ARM.Collect$$libinit$$00000000)
    .ARM.Collect$$libinit$$00000001          0x0800020e   Section        4  libinit2.o(.ARM.Collect$$libinit$$00000001)
    .ARM.Collect$$libinit$$00000004          0x08000212   Section        0  libinit2.o(.ARM.Collect$$libinit$$00000004)
    .ARM.Collect$$libinit$$0000000A          0x08000212   Section        0  libinit2.o(.ARM.Collect$$libinit$$0000000A)
    .ARM.Collect$$libinit$$0000000C          0x08000212   Section        0  libinit2.o(.ARM.Collect$$libinit$$0000000C)
    .ARM.Collect$$libinit$$0000000E          0x08000212   Section        0  libinit2.o(.ARM.Collect$$libinit$$0000000E)
    .ARM.Collect$$libinit$$0000000F          0x08000212   Section        6  libinit2.o(.ARM.Collect$$libinit$$0000000F)
    .ARM.Collect$$libinit$$00000011          0x08000218   Section        0  libinit2.o(.ARM.Collect$$libinit$$00000011)
    .ARM.Collect$$libinit$$00000012          0x08000218   Section       12  libinit2.o(.ARM.Collect$$libinit$$00000012)
    .ARM.Collect$$libinit$$00000013          0x08000224   Section        0  libinit2.o(.ARM.Collect$$libinit$$00000013)
    .ARM.Collect$$libinit$$00000015          0x08000224   Section        0  libinit2.o(.ARM.Collect$$libinit$$00000015)
    .ARM.Collect$$libinit$$00000017          0x08000224   Section        0  libinit2.o(.ARM.Collect$$libinit$$00000017)
    .ARM.Collect$$libinit$$00000019          0x08000224   Section        0  libinit2.o(.ARM.Collect$$libinit$$00000019)
    .ARM.Collect$$libinit$$0000001B          0x08000224   Section        0  libinit2.o(.ARM.Collect$$libinit$$0000001B)
    .ARM.Collect$$libinit$$0000001D          0x08000224   Section        0  libinit2.o(.ARM.Collect$$libinit$$0000001D)
    .ARM.Collect$$libinit$$0000001F          0x08000224   Section        0  libinit2.o(.ARM.Collect$$libinit$$0000001F)
    .ARM.Collect$$libinit$$00000021          0x08000224   Section        0  libinit2.o(.ARM.Collect$$libinit$$00000021)
    .ARM.Collect$$libinit$$00000023          0x08000224   Section        0  libinit2.o(.ARM.Collect$$libinit$$00000023)
    .ARM.Collect$$libinit$$00000025          0x08000224   Section        0  libinit2.o(.ARM.Collect$$libinit$$00000025)
    .ARM.Collect$$libinit$$0000002C          0x08000224   Section        0  libinit2.o(.ARM.Collect$$libinit$$0000002C)
    .ARM.Collect$$libinit$$0000002E          0x08000224   Section        0  libinit2.o(.ARM.Collect$$libinit$$0000002E)
    .ARM.Collect$$libinit$$00000030          0x08000224   Section        0  libinit2.o(.ARM.Collect$$libinit$$00000030)
    .ARM.Collect$$libinit$$00000032          0x08000224   Section        0  libinit2.o(.ARM.Collect$$libinit$$00000032)
    .ARM.Collect$$libinit$$00000033          0x08000224   Section        2  libinit2.o(.ARM.Collect$$libinit$$00000033)
    .ARM.Collect$$libshutdown$$00000000      0x08000226   Section        2  libshutdown.o(.ARM.Collect$$libshutdown$$00000000)
    .ARM.Collect$$libshutdown$$00000002      0x08000228   Section        0  libshutdown2.o(.ARM.Collect$$libshutdown$$00000002)
    .ARM.Collect$$libshutdown$$00000004      0x08000228   Section        0  libshutdown2.o(.ARM.Collect$$libshutdown$$00000004)
    .ARM.Collect$$libshutdown$$00000007      0x08000228   Section        0  libshutdown2.o(.ARM.Collect$$libshutdown$$00000007)
    .ARM.Collect$$libshutdown$$0000000A      0x08000228   Section        0  libshutdown2.o(.ARM.Collect$$libshutdown$$0000000A)
    .ARM.Collect$$libshutdown$$0000000C      0x08000228   Section        0  libshutdown2.o(.ARM.Collect$$libshutdown$$0000000C)
    .ARM.Collect$$libshutdown$$0000000F      0x08000228   Section        0  libshutdown2.o(.ARM.Collect$$libshutdown$$0000000F)
    .ARM.Collect$$libshutdown$$00000010      0x08000228   Section        2  libshutdown2.o(.ARM.Collect$$libshutdown$$00000010)
    .ARM.Collect$$rtentry$$00000000          0x0800022a   Section        0  __rtentry.o(.ARM.Collect$$rtentry$$00000000)
    .ARM.Collect$$rtentry$$00000002          0x0800022a   Section        0  __rtentry2.o(.ARM.Collect$$rtentry$$00000002)
    .ARM.Collect$$rtentry$$00000004          0x0800022a   Section        6  __rtentry4.o(.ARM.Collect$$rtentry$$00000004)
    .ARM.Collect$$rtentry$$00000009          0x08000230   Section        0  __rtentry2.o(.ARM.Collect$$rtentry$$00000009)
    .ARM.Collect$$rtentry$$0000000A          0x08000230   Section        4  __rtentry2.o(.ARM.Collect$$rtentry$$0000000A)
    .ARM.Collect$$rtentry$$0000000C          0x08000234   Section        0  __rtentry2.o(.ARM.Collect$$rtentry$$0000000C)
    .ARM.Collect$$rtentry$$0000000D          0x08000234   Section        8  __rtentry2.o(.ARM.Collect$$rtentry$$0000000D)
    .ARM.Collect$$rtexit$$00000000           0x0800023c   Section        2  rtexit.o(.ARM.Collect$$rtexit$$00000000)
    .ARM.Collect$$rtexit$$00000002           0x0800023e   Section        0  rtexit2.o(.ARM.Collect$$rtexit$$00000002)
    .ARM.Collect$$rtexit$$00000003           0x0800023e   Section        4  rtexit2.o(.ARM.Collect$$rtexit$$00000003)
    .ARM.Collect$$rtexit$$00000004           0x08000242   Section        6  rtexit2.o(.ARM.Collect$$rtexit$$00000004)
    .text                                    0x08000248   Section       64  startup_stm32f401xc.o(.text)
    $v0                                      0x08000248   Number         0  startup_stm32f401xc.o(.text)
    .text                                    0x08000288   Section        2  use_no_semi_2.o(.text)
    .text                                    0x0800028a   Section      238  lludivv7m.o(.text)
    .text                                    0x08000378   Section        0  __2printf.o(.text)
    .text                                    0x08000390   Section        0  __printf_flags_ss_wp.o(.text)
    .text                                    0x08000518   Section        0  __0sscanf.o(.text)
    .text                                    0x08000554   Section        0  _scanf_int.o(.text)
    .text                                    0x080006a0   Section        0  strtok.o(.text)
    .text                                    0x080006ac   Section      138  rt_memcpy_v6.o(.text)
    .text                                    0x08000736   Section       68  rt_memclr.o(.text)
    .text                                    0x0800077a   Section       78  rt_memclr_w.o(.text)
    .text                                    0x080007c8   Section        0  heapauxi.o(.text)
    .text                                    0x080007ce   Section        2  use_no_semi.o(.text)
    .text                                    0x080007d0   Section        0  _rserrno.o(.text)
    .text                                    0x080007e8   Section        0  _printf_char_common.o(.text)
    _printf_input_char                       0x080007e9   Thumb Code    10  _printf_char_common.o(.text)
    .text                                    0x08000818   Section        0  _printf_char_file.o(.text)
    .text                                    0x0800083c   Section        0  _chval.o(.text)
    .text                                    0x08000858   Section        0  scanf_char.o(.text)
    _scanf_char_input                        0x08000859   Thumb Code    12  scanf_char.o(.text)
    .text                                    0x08000884   Section        0  _sgetc.o(.text)
    .text                                    0x080008c4   Section        0  strtok_int.o(.text)
    .text                                    0x08000908   Section      100  rt_memcpy_w.o(.text)
    .text                                    0x0800096c   Section        8  rt_errno_addr_intlibspace.o(.text)
    .text                                    0x08000974   Section        0  isspace.o(.text)
    .text                                    0x08000988   Section        0  _scanf.o(.text)
    .text                                    0x08000cfc   Section        0  ferror.o(.text)
    .text                                    0x08000d04   Section        0  strcspn.o(.text)
    .text                                    0x08000d24   Section        0  strspn.o(.text)
    .text                                    0x08000d40   Section        8  libspace.o(.text)
    .text                                    0x08000d48   Section       74  sys_stackheap_outer.o(.text)
    .text                                    0x08000d94   Section       16  rt_ctype_table.o(.text)
    .text                                    0x08000da4   Section        8  rt_locale_intlibspace.o(.text)
    .text                                    0x08000dac   Section        0  exit.o(.text)
    .text                                    0x08000dc0   Section      128  strcmpv7m.o(.text)
    i.BusFault_Handler                       0x08000e40   Section        0  stm32f4xx_it.o(i.BusFault_Handler)
    i.DebugMon_Handler                       0x08000e44   Section        0  stm32f4xx_it.o(i.DebugMon_Handler)
    i.Error_Handler                          0x08000e46   Section        0  main.o(i.Error_Handler)
    i.HAL_GPIO_Init                          0x08000e4c   Section        0  stm32f4xx_hal_gpio.o(i.HAL_GPIO_Init)
    i.HAL_GPIO_WritePin                      0x08001014   Section        0  stm32f4xx_hal_gpio.o(i.HAL_GPIO_WritePin)
    i.HAL_GetTick                            0x08001020   Section        0  stm32f4xx_hal.o(i.HAL_GetTick)
    i.HAL_IncTick                            0x0800102c   Section        0  stm32f4xx_hal.o(i.HAL_IncTick)
    i.HAL_Init                               0x08001044   Section        0  stm32f4xx_hal.o(i.HAL_Init)
    i.HAL_InitTick                           0x08001080   Section        0  stm32f4xx_hal.o(i.HAL_InitTick)
    i.HAL_MspInit                            0x080010cc   Section        0  stm32f4xx_hal_msp.o(i.HAL_MspInit)
    i.HAL_NVIC_EnableIRQ                     0x08001114   Section        0  stm32f4xx_hal_cortex.o(i.HAL_NVIC_EnableIRQ)
    i.HAL_NVIC_SetPriority                   0x0800113c   Section        0  stm32f4xx_hal_cortex.o(i.HAL_NVIC_SetPriority)
    i.HAL_NVIC_SetPriorityGrouping           0x080011b8   Section        0  stm32f4xx_hal_cortex.o(i.HAL_NVIC_SetPriorityGrouping)
    i.HAL_RCC_ClockConfig                    0x080011e0   Section        0  stm32f4xx_hal_rcc.o(i.HAL_RCC_ClockConfig)
    i.HAL_RCC_GetHCLKFreq                    0x08001364   Section        0  stm32f4xx_hal_rcc.o(i.HAL_RCC_GetHCLKFreq)
    i.HAL_RCC_GetPCLK1Freq                   0x08001370   Section        0  stm32f4xx_hal_rcc.o(i.HAL_RCC_GetPCLK1Freq)
    i.HAL_RCC_GetPCLK2Freq                   0x08001390   Section        0  stm32f4xx_hal_rcc.o(i.HAL_RCC_GetPCLK2Freq)
    i.HAL_RCC_GetSysClockFreq                0x080013b0   Section        0  stm32f4xx_hal_rcc.o(i.HAL_RCC_GetSysClockFreq)
    i.HAL_RCC_OscConfig                      0x08001460   Section        0  stm32f4xx_hal_rcc.o(i.HAL_RCC_OscConfig)
    i.HAL_SPI_Init                           0x080018fc   Section        0  stm32f4xx_hal_spi.o(i.HAL_SPI_Init)
    i.HAL_SPI_MspInit                        0x080019c4   Section        0  spi.o(i.HAL_SPI_MspInit)
    i.HAL_SYSTICK_Config                     0x08001a4c   Section        0  stm32f4xx_hal_cortex.o(i.HAL_SYSTICK_Config)
    i.HAL_UART_Init                          0x08001a80   Section        0  stm32f4xx_hal_uart.o(i.HAL_UART_Init)
    i.HAL_UART_MspInit                       0x08001af8   Section        0  usart.o(i.HAL_UART_MspInit)
    i.HardFault_Handler                      0x08001bf0   Section        0  stm32f4xx_it.o(i.HardFault_Handler)
    i.MX_GPIO_Init                           0x08001bf4   Section        0  gpio.o(i.MX_GPIO_Init)
    i.MX_SPI1_Init                           0x08001d04   Section        0  spi.o(i.MX_SPI1_Init)
    i.MX_USART1_UART_Init                    0x08001d48   Section        0  usart.o(i.MX_USART1_UART_Init)
    i.MX_USART6_UART_Init                    0x08001d80   Section        0  usart.o(i.MX_USART6_UART_Init)
    i.MemManage_Handler                      0x08001db8   Section        0  stm32f4xx_it.o(i.MemManage_Handler)
    i.NMI_Handler                            0x08001dbc   Section        0  stm32f4xx_it.o(i.NMI_Handler)
    i.PendSV_Handler                         0x08001dc0   Section        0  stm32f4xx_it.o(i.PendSV_Handler)
    i.SVC_Handler                            0x08001dc2   Section        0  stm32f4xx_it.o(i.SVC_Handler)
    i.SysTick_Handler                        0x08001dc4   Section        0  stm32f4xx_it.o(i.SysTick_Handler)
    i.SystemClock_Config                     0x08001dcc   Section        0  main.o(i.SystemClock_Config)
    i.SystemInit                             0x08001e80   Section        0  system_stm32f4xx.o(i.SystemInit)
    i.UART1_GetRxData                        0x08001e94   Section        0  zzy_lib_uart_f4.o(i.UART1_GetRxData)
    i.UART1_GetRxNum                         0x08001ea0   Section        0  zzy_lib_uart_f4.o(i.UART1_GetRxNum)
    i.UART1_Init                             0x08001eac   Section        0  zzy_lib_uart_f4.o(i.UART1_Init)
    i.UART1_SendData                         0x08001f0c   Section        0  zzy_lib_uart_f4.o(i.UART1_SendData)
    i.UART6_ClearRx                          0x08001f60   Section        0  zzy_lib_uart_f4.o(i.UART6_ClearRx)
    i.UART6_GetRxData                        0x08001f6c   Section        0  zzy_lib_uart_f4.o(i.UART6_GetRxData)
    i.UART6_GetRxNum                         0x08001f78   Section        0  zzy_lib_uart_f4.o(i.UART6_GetRxNum)
    i.UART6_Init                             0x08001f84   Section        0  zzy_lib_uart_f4.o(i.UART6_Init)
    i.UART6_Register_IDLE_callback           0x08001fe8   Section        0  zzy_lib_uart_f4.o(i.UART6_Register_IDLE_callback)
    i.UART_SetConfig                         0x08001ff4   Section        0  stm32f4xx_hal_uart.o(i.UART_SetConfig)
    UART_SetConfig                           0x08001ff5   Thumb Code   546  stm32f4xx_hal_uart.o(i.UART_SetConfig)
    i.USART1_IRQHandler                      0x08002220   Section        0  zzy_lib_uart_f4.o(i.USART1_IRQHandler)
    i.USART6_IRQHandler                      0x0800235c   Section        0  zzy_lib_uart_f4.o(i.USART6_IRQHandler)
    i.UsageFault_Handler                     0x080024a8   Section        0  stm32f4xx_it.o(i.UsageFault_Handler)
    i.__ARM_fpclassifyf                      0x080024ac   Section        0  fpclassifyf.o(i.__ARM_fpclassifyf)
    i.__NVIC_GetPriorityGrouping             0x080024d4   Section        0  stm32f4xx_hal_cortex.o(i.__NVIC_GetPriorityGrouping)
    __NVIC_GetPriorityGrouping               0x080024d5   Thumb Code    10  stm32f4xx_hal_cortex.o(i.__NVIC_GetPriorityGrouping)
    i.__NVIC_SetPriority                     0x080024e4   Section        0  stm32f4xx_hal_cortex.o(i.__NVIC_SetPriority)
    __NVIC_SetPriority                       0x080024e5   Thumb Code    32  stm32f4xx_hal_cortex.o(i.__NVIC_SetPriority)
    i.__hardfp_cosf                          0x0800250c   Section        0  cosf.o(i.__hardfp_cosf)
    i.__hardfp_sinf                          0x0800265c   Section        0  sinf.o(i.__hardfp_sinf)
    i.__hardfp_sqrtf                         0x080027ec   Section        0  sqrtf.o(i.__hardfp_sqrtf)
    i.__mathlib_flt_infnan                   0x08002826   Section        0  funder.o(i.__mathlib_flt_infnan)
    i.__mathlib_flt_invalid                  0x0800282c   Section        0  funder.o(i.__mathlib_flt_invalid)
    i.__mathlib_flt_underflow                0x0800283c   Section        0  funder.o(i.__mathlib_flt_underflow)
    i.__mathlib_rredf2                       0x0800284c   Section        0  rredf.o(i.__mathlib_rredf2)
    i._is_digit                              0x080029a0   Section        0  __printf_wp.o(i._is_digit)
    i._sys_exit                              0x080029ae   Section        0  zzy_lib_uart_f4.o(i._sys_exit)
    i.dac8563_init                           0x080029b4   Section        0  dac8563.o(i.dac8563_init)
    i.dac8563_output                         0x08002a08   Section        0  dac8563.o(i.dac8563_output)
    i.dac8563_output_int16                   0x08002a40   Section        0  dac8563.o(i.dac8563_output_int16)
    i.dac8563_write                          0x08002a58   Section        0  dac8563.o(i.dac8563_write)
    i.draw_circle                            0x08002ac0   Section        0  main.o(i.draw_circle)
    i.draw_rectangle                         0x08002b7c   Section        0  main.o(i.draw_rectangle)
    i.fputc                                  0x08002c08   Section        0  zzy_lib_uart_f4.o(i.fputc)
    i.get_next_pose                          0x08002c18   Section        0  main.o(i.get_next_pose)
    i.laser_off                              0x08002c70   Section        0  main.o(i.laser_off)
    i.laser_on                               0x08002c98   Section        0  main.o(i.laser_on)
    i.main                                   0x08002cc0   Section        0  main.o(i.main)
    i.move                                   0x08002da8   Section        0  main.o(i.move)
    i.uart6_IDLE_callback                    0x08002ec8   Section        0  main.o(i.uart6_IDLE_callback)
    i.zjs_delay_us                           0x08003004   Section        0  zzy_lib_delay.o(i.zjs_delay_us)
    locale$$code                             0x080030b0   Section       44  lc_ctype_c.o(locale$$code)
    x$fpl$fpinit                             0x080030dc   Section       10  fpinit.o(x$fpl$fpinit)
    $v0                                      0x080030dc   Number         0  fpinit.o(x$fpl$fpinit)
    .constdata                               0x080030e6   Section       24  system_stm32f4xx.o(.constdata)
    x$fpl$usenofp                            0x080030e6   Section        0  usenofp.o(x$fpl$usenofp)
    .constdata                               0x080030fe   Section       17  __printf_flags_ss_wp.o(.constdata)
    maptable                                 0x080030fe   Data          17  __printf_flags_ss_wp.o(.constdata)
    .constdata                               0x08003110   Section       32  rredf.o(.constdata)
    twooverpi                                0x08003110   Data          32  rredf.o(.constdata)
    locale$$data                             0x08003150   Section      272  lc_ctype_c.o(locale$$data)
    __lcctype_c_name                         0x08003154   Data           2  lc_ctype_c.o(locale$$data)
    __lcctype_c_start                        0x0800315c   Data           0  lc_ctype_c.o(locale$$data)
    __lcctype_c_end                          0x08003260   Data           0  lc_ctype_c.o(locale$$data)
    .data                                    0x20000000   Section        7  main.o(.data)
    .data                                    0x20000008   Section        9  stm32f4xx_hal.o(.data)
    .data                                    0x20000014   Section        4  system_stm32f4xx.o(.data)
    .data                                    0x20000018   Section       12  zzy_lib_delay.o(.data)
    s32Start                                 0x20000018   Data           4  zzy_lib_delay.o(.data)
    s32Goal                                  0x2000001c   Data           4  zzy_lib_delay.o(.data)
    s32Val                                   0x20000020   Data           4  zzy_lib_delay.o(.data)
    .data                                    0x20000024   Section        8  zzy_lib_uart_f4.o(.data)
    cnt                                      0x20000028   Data           2  zzy_lib_uart_f4.o(.data)
    cnt                                      0x2000002a   Data           2  zzy_lib_uart_f4.o(.data)
    .data                                    0x2000002c   Section        4  strtok.o(.data)
    _strtok_saves1                           0x2000002c   Data           4  strtok.o(.data)
    .bss                                     0x20000030   Section      280  main.o(.bss)
    .bss                                     0x20000148   Section       88  spi.o(.bss)
    .bss                                     0x200001a0   Section      144  usart.o(.bss)
    .bss                                     0x20000230   Section     4648  zzy_lib_uart_f4.o(.bss)
    xUART1                                   0x20000230   Data          20  zzy_lib_uart_f4.o(.bss)
    uaUART1RxData                            0x20000244   Data         512  zzy_lib_uart_f4.o(.bss)
    uaUART1TxFiFoData                        0x20000444   Data        2048  zzy_lib_uart_f4.o(.bss)
    xUART6                                   0x20000c44   Data          20  zzy_lib_uart_f4.o(.bss)
    uaUart6RxData                            0x20000c58   Data         512  zzy_lib_uart_f4.o(.bss)
    uaUart6TxFiFoData                        0x20000e58   Data         512  zzy_lib_uart_f4.o(.bss)
    rxTemp                                   0x20001058   Data         512  zzy_lib_uart_f4.o(.bss)
    rxTemp                                   0x20001258   Data         512  zzy_lib_uart_f4.o(.bss)
    .bss                                     0x20001458   Section       96  libspace.o(.bss)
    HEAP                                     0x200014b8   Section      512  startup_stm32f401xc.o(HEAP)
    Heap_Mem                                 0x200014b8   Data         512  startup_stm32f401xc.o(HEAP)
    STACK                                    0x200016b8   Section     1024  startup_stm32f401xc.o(STACK)
    Stack_Mem                                0x200016b8   Data        1024  startup_stm32f401xc.o(STACK)
    __initial_sp                             0x20001ab8   Data           0  startup_stm32f401xc.o(STACK)

    Global Symbols

    Symbol Name                              Value     Ov Type        Size  Object(Section)

    BuildAttributes$$THM_ISAv4$E$P$D$K$B$S$7EM$VFPi3$EXTD16$VFPS$VFMA$PE$A:L22UL41UL21$X:L11$S22US41US21$IEEE1$IW$USESV6$~STKCKD$USESV7$~SHL$OTIME$ROPI$IEEEX$EBA8$UX$STANDARDLIB$REQ8$PRES8$EABIv2 0x00000000   Number         0  anon$$obj.o ABSOLUTE
    __ARM_use_no_argv                        0x00000000   Number         0  main.o ABSOLUTE
    _printf_flags                            0x00000000   Number         0  printf_stubs.o ABSOLUTE
    _printf_return_value                     0x00000000   Number         0  printf_stubs.o ABSOLUTE
    _printf_sizespec                         0x00000000   Number         0  printf_stubs.o ABSOLUTE
    _printf_widthprec                        0x00000000   Number         0  printf_stubs.o ABSOLUTE
    __ARM_exceptions_init                     - Undefined Weak Reference
    __alloca_initialize                       - Undefined Weak Reference
    __arm_preinit_                            - Undefined Weak Reference
    __cpp_initialize__aeabi_                  - Undefined Weak Reference
    __cxa_finalize                            - Undefined Weak Reference
    __sigvec_lookup                           - Undefined Weak Reference
    _atexit_init                              - Undefined Weak Reference
    _call_atexit_fns                          - Undefined Weak Reference
    _clock_init                               - Undefined Weak Reference
    _fp_trap_init                             - Undefined Weak Reference
    _fp_trap_shutdown                         - Undefined Weak Reference
    _get_lc_collate                           - Undefined Weak Reference
    _get_lc_monetary                          - Undefined Weak Reference
    _get_lc_time                              - Undefined Weak Reference
    _getenv_init                              - Undefined Weak Reference
    _handle_redirection                       - Undefined Weak Reference
    _init_alloc                               - Undefined Weak Reference
    _init_user_alloc                          - Undefined Weak Reference
    _initio                                   - Undefined Weak Reference
    _mutex_acquire                            - Undefined Weak Reference
    _mutex_release                            - Undefined Weak Reference
    _printf_mbtowc                            - Undefined Weak Reference
    _printf_wc                                - Undefined Weak Reference
    _rand_init                                - Undefined Weak Reference
    _scanf_longlong                           - Undefined Weak Reference
    _scanf_mbtowc                             - Undefined Weak Reference
    _scanf_real                               - Undefined Weak Reference
    _scanf_string                             - Undefined Weak Reference
    _scanf_wctomb                             - Undefined Weak Reference
    _scanf_wstring                            - Undefined Weak Reference
    _signal_finish                            - Undefined Weak Reference
    _signal_init                              - Undefined Weak Reference
    _terminate_alloc                          - Undefined Weak Reference
    _terminate_user_alloc                     - Undefined Weak Reference
    _terminateio                              - Undefined Weak Reference
    __Vectors_Size                           0x00000194   Number         0  startup_stm32f401xc.o ABSOLUTE
    __Vectors                                0x08000000   Data           4  startup_stm32f401xc.o(RESET)
    __Vectors_End                            0x08000194   Data           0  startup_stm32f401xc.o(RESET)
    __main                                   0x08000195   Thumb Code     8  __main.o(!!!main)
    __scatterload                            0x0800019d   Thumb Code     0  __scatter.o(!!!scatter)
    __scatterload_rt2                        0x0800019d   Thumb Code    44  __scatter.o(!!!scatter)
    __scatterload_rt2_thumb_only             0x0800019d   Thumb Code     0  __scatter.o(!!!scatter)
    __scatterload_null                       0x080001ab   Thumb Code     0  __scatter.o(!!!scatter)
    __scatterload_copy                       0x080001d1   Thumb Code    26  __scatter_copy.o(!!handler_copy)
    __scatterload_zeroinit                   0x080001ed   Thumb Code    28  __scatter_zi.o(!!handler_zi)
    _printf_percent                          0x08000209   Thumb Code     0  _printf_percent.o(.ARM.Collect$$_printf_percent$$00000000)
    _printf_percent_end                      0x08000209   Thumb Code     0  _printf_percent_end.o(.ARM.Collect$$_printf_percent$$00000017)
    __rt_lib_init                            0x0800020d   Thumb Code     0  libinit.o(.ARM.Collect$$libinit$$00000000)
    __rt_lib_init_fp_1                       0x0800020f   Thumb Code     0  libinit2.o(.ARM.Collect$$libinit$$00000001)
    __rt_lib_init_heap_1                     0x08000213   Thumb Code     0  libinit2.o(.ARM.Collect$$libinit$$0000000A)
    __rt_lib_init_lc_common                  0x08000213   Thumb Code     0  libinit2.o(.ARM.Collect$$libinit$$0000000F)
    __rt_lib_init_preinit_1                  0x08000213   Thumb Code     0  libinit2.o(.ARM.Collect$$libinit$$00000004)
    __rt_lib_init_rand_1                     0x08000213   Thumb Code     0  libinit2.o(.ARM.Collect$$libinit$$0000000E)
    __rt_lib_init_user_alloc_1               0x08000213   Thumb Code     0  libinit2.o(.ARM.Collect$$libinit$$0000000C)
    __rt_lib_init_lc_collate_1               0x08000219   Thumb Code     0  libinit2.o(.ARM.Collect$$libinit$$00000011)
    __rt_lib_init_lc_ctype_2                 0x08000219   Thumb Code     0  libinit2.o(.ARM.Collect$$libinit$$00000012)
    __rt_lib_init_alloca_1                   0x08000225   Thumb Code     0  libinit2.o(.ARM.Collect$$libinit$$0000002E)
    __rt_lib_init_argv_1                     0x08000225   Thumb Code     0  libinit2.o(.ARM.Collect$$libinit$$0000002C)
    __rt_lib_init_atexit_1                   0x08000225   Thumb Code     0  libinit2.o(.ARM.Collect$$libinit$$0000001B)
    __rt_lib_init_clock_1                    0x08000225   Thumb Code     0  libinit2.o(.ARM.Collect$$libinit$$00000021)
    __rt_lib_init_cpp_1                      0x08000225   Thumb Code     0  libinit2.o(.ARM.Collect$$libinit$$00000032)
    __rt_lib_init_exceptions_1               0x08000225   Thumb Code     0  libinit2.o(.ARM.Collect$$libinit$$00000030)
    __rt_lib_init_fp_trap_1                  0x08000225   Thumb Code     0  libinit2.o(.ARM.Collect$$libinit$$0000001F)
    __rt_lib_init_getenv_1                   0x08000225   Thumb Code     0  libinit2.o(.ARM.Collect$$libinit$$00000023)
    __rt_lib_init_lc_ctype_1                 0x08000225   Thumb Code     0  libinit2.o(.ARM.Collect$$libinit$$00000013)
    __rt_lib_init_lc_monetary_1              0x08000225   Thumb Code     0  libinit2.o(.ARM.Collect$$libinit$$00000015)
    __rt_lib_init_lc_numeric_1               0x08000225   Thumb Code     0  libinit2.o(.ARM.Collect$$libinit$$00000017)
    __rt_lib_init_lc_time_1                  0x08000225   Thumb Code     0  libinit2.o(.ARM.Collect$$libinit$$00000019)
    __rt_lib_init_return                     0x08000225   Thumb Code     0  libinit2.o(.ARM.Collect$$libinit$$00000033)
    __rt_lib_init_signal_1                   0x08000225   Thumb Code     0  libinit2.o(.ARM.Collect$$libinit$$0000001D)
    __rt_lib_init_stdio_1                    0x08000225   Thumb Code     0  libinit2.o(.ARM.Collect$$libinit$$00000025)
    __rt_lib_shutdown                        0x08000227   Thumb Code     0  libshutdown.o(.ARM.Collect$$libshutdown$$00000000)
    __rt_lib_shutdown_cpp_1                  0x08000229   Thumb Code     0  libshutdown2.o(.ARM.Collect$$libshutdown$$00000002)
    __rt_lib_shutdown_fp_trap_1              0x08000229   Thumb Code     0  libshutdown2.o(.ARM.Collect$$libshutdown$$00000007)
    __rt_lib_shutdown_heap_1                 0x08000229   Thumb Code     0  libshutdown2.o(.ARM.Collect$$libshutdown$$0000000F)
    __rt_lib_shutdown_return                 0x08000229   Thumb Code     0  libshutdown2.o(.ARM.Collect$$libshutdown$$00000010)
    __rt_lib_shutdown_signal_1               0x08000229   Thumb Code     0  libshutdown2.o(.ARM.Collect$$libshutdown$$0000000A)
    __rt_lib_shutdown_stdio_1                0x08000229   Thumb Code     0  libshutdown2.o(.ARM.Collect$$libshutdown$$00000004)
    __rt_lib_shutdown_user_alloc_1           0x08000229   Thumb Code     0  libshutdown2.o(.ARM.Collect$$libshutdown$$0000000C)
    __rt_entry                               0x0800022b   Thumb Code     0  __rtentry.o(.ARM.Collect$$rtentry$$00000000)
    __rt_entry_presh_1                       0x0800022b   Thumb Code     0  __rtentry2.o(.ARM.Collect$$rtentry$$00000002)
    __rt_entry_sh                            0x0800022b   Thumb Code     0  __rtentry4.o(.ARM.Collect$$rtentry$$00000004)
    __rt_entry_li                            0x08000231   Thumb Code     0  __rtentry2.o(.ARM.Collect$$rtentry$$0000000A)
    __rt_entry_postsh_1                      0x08000231   Thumb Code     0  __rtentry2.o(.ARM.Collect$$rtentry$$00000009)
    __rt_entry_main                          0x08000235   Thumb Code     0  __rtentry2.o(.ARM.Collect$$rtentry$$0000000D)
    __rt_entry_postli_1                      0x08000235   Thumb Code     0  __rtentry2.o(.ARM.Collect$$rtentry$$0000000C)
    __rt_exit                                0x0800023d   Thumb Code     0  rtexit.o(.ARM.Collect$$rtexit$$00000000)
    __rt_exit_ls                             0x0800023f   Thumb Code     0  rtexit2.o(.ARM.Collect$$rtexit$$00000003)
    __rt_exit_prels_1                        0x0800023f   Thumb Code     0  rtexit2.o(.ARM.Collect$$rtexit$$00000002)
    __rt_exit_exit                           0x08000243   Thumb Code     0  rtexit2.o(.ARM.Collect$$rtexit$$00000004)
    Reset_Handler                            0x08000249   Thumb Code     8  startup_stm32f401xc.o(.text)
    ADC_IRQHandler                           0x08000263   Thumb Code     0  startup_stm32f401xc.o(.text)
    DMA1_Stream0_IRQHandler                  0x08000263   Thumb Code     0  startup_stm32f401xc.o(.text)
    DMA1_Stream1_IRQHandler                  0x08000263   Thumb Code     0  startup_stm32f401xc.o(.text)
    DMA1_Stream2_IRQHandler                  0x08000263   Thumb Code     0  startup_stm32f401xc.o(.text)
    DMA1_Stream3_IRQHandler                  0x08000263   Thumb Code     0  startup_stm32f401xc.o(.text)
    DMA1_Stream4_IRQHandler                  0x08000263   Thumb Code     0  startup_stm32f401xc.o(.text)
    DMA1_Stream5_IRQHandler                  0x08000263   Thumb Code     0  startup_stm32f401xc.o(.text)
    DMA1_Stream6_IRQHandler                  0x08000263   Thumb Code     0  startup_stm32f401xc.o(.text)
    DMA1_Stream7_IRQHandler                  0x08000263   Thumb Code     0  startup_stm32f401xc.o(.text)
    DMA2_Stream0_IRQHandler                  0x08000263   Thumb Code     0  startup_stm32f401xc.o(.text)
    DMA2_Stream1_IRQHandler                  0x08000263   Thumb Code     0  startup_stm32f401xc.o(.text)
    DMA2_Stream2_IRQHandler                  0x08000263   Thumb Code     0  startup_stm32f401xc.o(.text)
    DMA2_Stream3_IRQHandler                  0x08000263   Thumb Code     0  startup_stm32f401xc.o(.text)
    DMA2_Stream4_IRQHandler                  0x08000263   Thumb Code     0  startup_stm32f401xc.o(.text)
    DMA2_Stream5_IRQHandler                  0x08000263   Thumb Code     0  startup_stm32f401xc.o(.text)
    DMA2_Stream6_IRQHandler                  0x08000263   Thumb Code     0  startup_stm32f401xc.o(.text)
    DMA2_Stream7_IRQHandler                  0x08000263   Thumb Code     0  startup_stm32f401xc.o(.text)
    EXTI0_IRQHandler                         0x08000263   Thumb Code     0  startup_stm32f401xc.o(.text)
    EXTI15_10_IRQHandler                     0x08000263   Thumb Code     0  startup_stm32f401xc.o(.text)
    EXTI1_IRQHandler                         0x08000263   Thumb Code     0  startup_stm32f401xc.o(.text)
    EXTI2_IRQHandler                         0x08000263   Thumb Code     0  startup_stm32f401xc.o(.text)
    EXTI3_IRQHandler                         0x08000263   Thumb Code     0  startup_stm32f401xc.o(.text)
    EXTI4_IRQHandler                         0x08000263   Thumb Code     0  startup_stm32f401xc.o(.text)
    EXTI9_5_IRQHandler                       0x08000263   Thumb Code     0  startup_stm32f401xc.o(.text)
    FLASH_IRQHandler                         0x08000263   Thumb Code     0  startup_stm32f401xc.o(.text)
    FPU_IRQHandler                           0x08000263   Thumb Code     0  startup_stm32f401xc.o(.text)
    I2C1_ER_IRQHandler                       0x08000263   Thumb Code     0  startup_stm32f401xc.o(.text)
    I2C1_EV_IRQHandler                       0x08000263   Thumb Code     0  startup_stm32f401xc.o(.text)
    I2C2_ER_IRQHandler                       0x08000263   Thumb Code     0  startup_stm32f401xc.o(.text)
    I2C2_EV_IRQHandler                       0x08000263   Thumb Code     0  startup_stm32f401xc.o(.text)
    I2C3_ER_IRQHandler                       0x08000263   Thumb Code     0  startup_stm32f401xc.o(.text)
    I2C3_EV_IRQHandler                       0x08000263   Thumb Code     0  startup_stm32f401xc.o(.text)
    OTG_FS_IRQHandler                        0x08000263   Thumb Code     0  startup_stm32f401xc.o(.text)
    OTG_FS_WKUP_IRQHandler                   0x08000263   Thumb Code     0  startup_stm32f401xc.o(.text)
    PVD_IRQHandler                           0x08000263   Thumb Code     0  startup_stm32f401xc.o(.text)
    RCC_IRQHandler                           0x08000263   Thumb Code     0  startup_stm32f401xc.o(.text)
    RTC_Alarm_IRQHandler                     0x08000263   Thumb Code     0  startup_stm32f401xc.o(.text)
    RTC_WKUP_IRQHandler                      0x08000263   Thumb Code     0  startup_stm32f401xc.o(.text)
    SDIO_IRQHandler                          0x08000263   Thumb Code     0  startup_stm32f401xc.o(.text)
    SPI1_IRQHandler                          0x08000263   Thumb Code     0  startup_stm32f401xc.o(.text)
    SPI2_IRQHandler                          0x08000263   Thumb Code     0  startup_stm32f401xc.o(.text)
    SPI3_IRQHandler                          0x08000263   Thumb Code     0  startup_stm32f401xc.o(.text)
    SPI4_IRQHandler                          0x08000263   Thumb Code     0  startup_stm32f401xc.o(.text)
    TAMP_STAMP_IRQHandler                    0x08000263   Thumb Code     0  startup_stm32f401xc.o(.text)
    TIM1_BRK_TIM9_IRQHandler                 0x08000263   Thumb Code     0  startup_stm32f401xc.o(.text)
    TIM1_CC_IRQHandler                       0x08000263   Thumb Code     0  startup_stm32f401xc.o(.text)
    TIM1_TRG_COM_TIM11_IRQHandler            0x08000263   Thumb Code     0  startup_stm32f401xc.o(.text)
    TIM1_UP_TIM10_IRQHandler                 0x08000263   Thumb Code     0  startup_stm32f401xc.o(.text)
    TIM2_IRQHandler                          0x08000263   Thumb Code     0  startup_stm32f401xc.o(.text)
    TIM3_IRQHandler                          0x08000263   Thumb Code     0  startup_stm32f401xc.o(.text)
    TIM4_IRQHandler                          0x08000263   Thumb Code     0  startup_stm32f401xc.o(.text)
    TIM5_IRQHandler                          0x08000263   Thumb Code     0  startup_stm32f401xc.o(.text)
    USART2_IRQHandler                        0x08000263   Thumb Code     0  startup_stm32f401xc.o(.text)
    WWDG_IRQHandler                          0x08000263   Thumb Code     0  startup_stm32f401xc.o(.text)
    __user_initial_stackheap                 0x08000265   Thumb Code     0  startup_stm32f401xc.o(.text)
    __use_no_semihosting                     0x08000289   Thumb Code     2  use_no_semi_2.o(.text)
    __aeabi_uldivmod                         0x0800028b   Thumb Code     0  lludivv7m.o(.text)
    _ll_udiv                                 0x0800028b   Thumb Code   238  lludivv7m.o(.text)
    __2printf                                0x08000379   Thumb Code    20  __2printf.o(.text)
    __printf                                 0x08000391   Thumb Code   388  __printf_flags_ss_wp.o(.text)
    __0sscanf                                0x08000519   Thumb Code    52  __0sscanf.o(.text)
    _scanf_int                               0x08000555   Thumb Code   332  _scanf_int.o(.text)
    strtok                                   0x080006a1   Thumb Code     6  strtok.o(.text)
    __aeabi_memcpy                           0x080006ad   Thumb Code     0  rt_memcpy_v6.o(.text)
    __rt_memcpy                              0x080006ad   Thumb Code   138  rt_memcpy_v6.o(.text)
    _memcpy_lastbytes                        0x08000713   Thumb Code     0  rt_memcpy_v6.o(.text)
    __aeabi_memclr                           0x08000737   Thumb Code     0  rt_memclr.o(.text)
    __rt_memclr                              0x08000737   Thumb Code    68  rt_memclr.o(.text)
    _memset                                  0x0800073b   Thumb Code     0  rt_memclr.o(.text)
    __aeabi_memclr4                          0x0800077b   Thumb Code     0  rt_memclr_w.o(.text)
    __aeabi_memclr8                          0x0800077b   Thumb Code     0  rt_memclr_w.o(.text)
    __rt_memclr_w                            0x0800077b   Thumb Code    78  rt_memclr_w.o(.text)
    _memset_w                                0x0800077f   Thumb Code     0  rt_memclr_w.o(.text)
    __use_two_region_memory                  0x080007c9   Thumb Code     2  heapauxi.o(.text)
    __rt_heap_escrow$2region                 0x080007cb   Thumb Code     2  heapauxi.o(.text)
    __rt_heap_expand$2region                 0x080007cd   Thumb Code     2  heapauxi.o(.text)
    __I$use$semihosting                      0x080007cf   Thumb Code     0  use_no_semi.o(.text)
    __use_no_semihosting_swi                 0x080007cf   Thumb Code     2  use_no_semi.o(.text)
    __read_errno                             0x080007d1   Thumb Code    10  _rserrno.o(.text)
    __set_errno                              0x080007db   Thumb Code    12  _rserrno.o(.text)
    _printf_char_common                      0x080007f3   Thumb Code    32  _printf_char_common.o(.text)
    _printf_char_file                        0x08000819   Thumb Code    32  _printf_char_file.o(.text)
    _chval                                   0x0800083d   Thumb Code    28  _chval.o(.text)
    __vfscanf_char                           0x08000865   Thumb Code    24  scanf_char.o(.text)
    _sgetc                                   0x08000885   Thumb Code    30  _sgetc.o(.text)
    _sbackspace                              0x080008a3   Thumb Code    34  _sgetc.o(.text)
    __strtok_internal                        0x080008c5   Thumb Code    64  strtok_int.o(.text)
    __aeabi_memcpy4                          0x08000909   Thumb Code     0  rt_memcpy_w.o(.text)
    __aeabi_memcpy8                          0x08000909   Thumb Code     0  rt_memcpy_w.o(.text)
    __rt_memcpy_w                            0x08000909   Thumb Code   100  rt_memcpy_w.o(.text)
    _memcpy_lastbytes_aligned                0x08000951   Thumb Code     0  rt_memcpy_w.o(.text)
    __aeabi_errno_addr                       0x0800096d   Thumb Code     8  rt_errno_addr_intlibspace.o(.text)
    __errno$intlibspace                      0x0800096d   Thumb Code     0  rt_errno_addr_intlibspace.o(.text)
    __rt_errno_addr$intlibspace              0x0800096d   Thumb Code     0  rt_errno_addr_intlibspace.o(.text)
    isspace                                  0x08000975   Thumb Code    18  isspace.o(.text)
    __vfscanf                                0x08000989   Thumb Code   878  _scanf.o(.text)
    ferror                                   0x08000cfd   Thumb Code     8  ferror.o(.text)
    strcspn                                  0x08000d05   Thumb Code    32  strcspn.o(.text)
    strspn                                   0x08000d25   Thumb Code    28  strspn.o(.text)
    __user_libspace                          0x08000d41   Thumb Code     8  libspace.o(.text)
    __user_perproc_libspace                  0x08000d41   Thumb Code     0  libspace.o(.text)
    __user_perthread_libspace                0x08000d41   Thumb Code     0  libspace.o(.text)
    __user_setup_stackheap                   0x08000d49   Thumb Code    74  sys_stackheap_outer.o(.text)
    __rt_ctype_table                         0x08000d95   Thumb Code    16  rt_ctype_table.o(.text)
    __rt_locale                              0x08000da5   Thumb Code     8  rt_locale_intlibspace.o(.text)
    exit                                     0x08000dad   Thumb Code    18  exit.o(.text)
    strcmp                                   0x08000dc1   Thumb Code   128  strcmpv7m.o(.text)
    BusFault_Handler                         0x08000e41   Thumb Code     4  stm32f4xx_it.o(i.BusFault_Handler)
    DebugMon_Handler                         0x08000e45   Thumb Code     2  stm32f4xx_it.o(i.DebugMon_Handler)
    Error_Handler                            0x08000e47   Thumb Code     6  main.o(i.Error_Handler)
    HAL_GPIO_Init                            0x08000e4d   Thumb Code   424  stm32f4xx_hal_gpio.o(i.HAL_GPIO_Init)
    HAL_GPIO_WritePin                        0x08001015   Thumb Code    12  stm32f4xx_hal_gpio.o(i.HAL_GPIO_WritePin)
    HAL_GetTick                              0x08001021   Thumb Code     6  stm32f4xx_hal.o(i.HAL_GetTick)
    HAL_IncTick                              0x0800102d   Thumb Code    16  stm32f4xx_hal.o(i.HAL_IncTick)
    HAL_Init                                 0x08001045   Thumb Code    54  stm32f4xx_hal.o(i.HAL_Init)
    HAL_InitTick                             0x08001081   Thumb Code    64  stm32f4xx_hal.o(i.HAL_InitTick)
    HAL_MspInit                              0x080010cd   Thumb Code    68  stm32f4xx_hal_msp.o(i.HAL_MspInit)
    HAL_NVIC_EnableIRQ                       0x08001115   Thumb Code    40  stm32f4xx_hal_cortex.o(i.HAL_NVIC_EnableIRQ)
    HAL_NVIC_SetPriority                     0x0800113d   Thumb Code   124  stm32f4xx_hal_cortex.o(i.HAL_NVIC_SetPriority)
    HAL_NVIC_SetPriorityGrouping             0x080011b9   Thumb Code    32  stm32f4xx_hal_cortex.o(i.HAL_NVIC_SetPriorityGrouping)
    HAL_RCC_ClockConfig                      0x080011e1   Thumb Code   368  stm32f4xx_hal_rcc.o(i.HAL_RCC_ClockConfig)
    HAL_RCC_GetHCLKFreq                      0x08001365   Thumb Code     6  stm32f4xx_hal_rcc.o(i.HAL_RCC_GetHCLKFreq)
    HAL_RCC_GetPCLK1Freq                     0x08001371   Thumb Code    22  stm32f4xx_hal_rcc.o(i.HAL_RCC_GetPCLK1Freq)
    HAL_RCC_GetPCLK2Freq                     0x08001391   Thumb Code    22  stm32f4xx_hal_rcc.o(i.HAL_RCC_GetPCLK2Freq)
    HAL_RCC_GetSysClockFreq                  0x080013b1   Thumb Code   162  stm32f4xx_hal_rcc.o(i.HAL_RCC_GetSysClockFreq)
    HAL_RCC_OscConfig                        0x08001461   Thumb Code  1172  stm32f4xx_hal_rcc.o(i.HAL_RCC_OscConfig)
    HAL_SPI_Init                             0x080018fd   Thumb Code   200  stm32f4xx_hal_spi.o(i.HAL_SPI_Init)
    HAL_SPI_MspInit                          0x080019c5   Thumb Code   122  spi.o(i.HAL_SPI_MspInit)
    HAL_SYSTICK_Config                       0x08001a4d   Thumb Code    52  stm32f4xx_hal_cortex.o(i.HAL_SYSTICK_Config)
    HAL_UART_Init                            0x08001a81   Thumb Code   118  stm32f4xx_hal_uart.o(i.HAL_UART_Init)
    HAL_UART_MspInit                         0x08001af9   Thumb Code   232  usart.o(i.HAL_UART_MspInit)
    HardFault_Handler                        0x08001bf1   Thumb Code     4  stm32f4xx_it.o(i.HardFault_Handler)
    MX_GPIO_Init                             0x08001bf5   Thumb Code   254  gpio.o(i.MX_GPIO_Init)
    MX_SPI1_Init                             0x08001d05   Thumb Code    60  spi.o(i.MX_SPI1_Init)
    MX_USART1_UART_Init                      0x08001d49   Thumb Code    46  usart.o(i.MX_USART1_UART_Init)
    MX_USART6_UART_Init                      0x08001d81   Thumb Code    46  usart.o(i.MX_USART6_UART_Init)
    MemManage_Handler                        0x08001db9   Thumb Code     4  stm32f4xx_it.o(i.MemManage_Handler)
    NMI_Handler                              0x08001dbd   Thumb Code     4  stm32f4xx_it.o(i.NMI_Handler)
    PendSV_Handler                           0x08001dc1   Thumb Code     2  stm32f4xx_it.o(i.PendSV_Handler)
    SVC_Handler                              0x08001dc3   Thumb Code     2  stm32f4xx_it.o(i.SVC_Handler)
    SysTick_Handler                          0x08001dc5   Thumb Code     8  stm32f4xx_it.o(i.SysTick_Handler)
    SystemClock_Config                       0x08001dcd   Thumb Code   172  main.o(i.SystemClock_Config)
    SystemInit                               0x08001e81   Thumb Code    14  system_stm32f4xx.o(i.SystemInit)
    UART1_GetRxData                          0x08001e95   Thumb Code     6  zzy_lib_uart_f4.o(i.UART1_GetRxData)
    UART1_GetRxNum                           0x08001ea1   Thumb Code     6  zzy_lib_uart_f4.o(i.UART1_GetRxNum)
    UART1_Init                               0x08001ead   Thumb Code    78  zzy_lib_uart_f4.o(i.UART1_Init)
    UART1_SendData                           0x08001f0d   Thumb Code    76  zzy_lib_uart_f4.o(i.UART1_SendData)
    UART6_ClearRx                            0x08001f61   Thumb Code     8  zzy_lib_uart_f4.o(i.UART6_ClearRx)
    UART6_GetRxData                          0x08001f6d   Thumb Code     6  zzy_lib_uart_f4.o(i.UART6_GetRxData)
    UART6_GetRxNum                           0x08001f79   Thumb Code     6  zzy_lib_uart_f4.o(i.UART6_GetRxNum)
    UART6_Init                               0x08001f85   Thumb Code    84  zzy_lib_uart_f4.o(i.UART6_Init)
    UART6_Register_IDLE_callback             0x08001fe9   Thumb Code     6  zzy_lib_uart_f4.o(i.UART6_Register_IDLE_callback)
    USART1_IRQHandler                        0x08002221   Thumb Code   236  zzy_lib_uart_f4.o(i.USART1_IRQHandler)
    USART6_IRQHandler                        0x0800235d   Thumb Code   250  zzy_lib_uart_f4.o(i.USART6_IRQHandler)
    UsageFault_Handler                       0x080024a9   Thumb Code     4  stm32f4xx_it.o(i.UsageFault_Handler)
    __ARM_fpclassifyf                        0x080024ad   Thumb Code    38  fpclassifyf.o(i.__ARM_fpclassifyf)
    __hardfp_cosf                            0x0800250d   Thumb Code   280  cosf.o(i.__hardfp_cosf)
    __hardfp_sinf                            0x0800265d   Thumb Code   344  sinf.o(i.__hardfp_sinf)
    __hardfp_sqrtf                           0x080027ed   Thumb Code    58  sqrtf.o(i.__hardfp_sqrtf)
    __mathlib_flt_infnan                     0x08002827   Thumb Code     6  funder.o(i.__mathlib_flt_infnan)
    __mathlib_flt_invalid                    0x0800282d   Thumb Code    10  funder.o(i.__mathlib_flt_invalid)
    __mathlib_flt_underflow                  0x0800283d   Thumb Code    10  funder.o(i.__mathlib_flt_underflow)
    __mathlib_rredf2                         0x0800284d   Thumb Code   316  rredf.o(i.__mathlib_rredf2)
    _is_digit                                0x080029a1   Thumb Code    14  __printf_wp.o(i._is_digit)
    _sys_exit                                0x080029af   Thumb Code     4  zzy_lib_uart_f4.o(i._sys_exit)
    dac8563_init                             0x080029b5   Thumb Code    74  dac8563.o(i.dac8563_init)
    dac8563_output                           0x08002a09   Thumb Code    50  dac8563.o(i.dac8563_output)
    dac8563_output_int16                     0x08002a41   Thumb Code    24  dac8563.o(i.dac8563_output_int16)
    dac8563_write                            0x08002a59   Thumb Code    96  dac8563.o(i.dac8563_write)
    draw_circle                              0x08002ac1   Thumb Code   178  main.o(i.draw_circle)
    draw_rectangle                           0x08002b7d   Thumb Code   140  main.o(i.draw_rectangle)
    fputc                                    0x08002c09   Thumb Code    16  zzy_lib_uart_f4.o(i.fputc)
    get_next_pose                            0x08002c19   Thumb Code    88  main.o(i.get_next_pose)
    laser_off                                0x08002c71   Thumb Code    32  main.o(i.laser_off)
    laser_on                                 0x08002c99   Thumb Code    32  main.o(i.laser_on)
    main                                     0x08002cc1   Thumb Code   208  main.o(i.main)
    move                                     0x08002da9   Thumb Code   276  main.o(i.move)
    uart6_IDLE_callback                      0x08002ec9   Thumb Code   268  main.o(i.uart6_IDLE_callback)
    zjs_delay_us                             0x08003005   Thumb Code   156  zzy_lib_delay.o(i.zjs_delay_us)
    _get_lc_ctype                            0x080030b1   Thumb Code    44  lc_ctype_c.o(locale$$code)
    _fp_init                                 0x080030dd   Thumb Code    10  fpinit.o(x$fpl$fpinit)
    __fplib_config_fpu_vfp                   0x080030e5   Thumb Code     0  fpinit.o(x$fpl$fpinit)
    __fplib_config_pureend_doubles           0x080030e5   Thumb Code     0  fpinit.o(x$fpl$fpinit)
    AHBPrescTable                            0x080030e6   Data          16  system_stm32f4xx.o(.constdata)
    __I$use$fp                               0x080030e6   Number         0  usenofp.o(x$fpl$usenofp)
    APBPrescTable                            0x080030f6   Data           8  system_stm32f4xx.o(.constdata)
    Region$$Table$$Base                      0x08003130   Number         0  anon$$obj.o(Region$$Table)
    Region$$Table$$Limit                     0x08003150   Number         0  anon$$obj.o(Region$$Table)
    __ctype                                  0x0800315d   Data           0  lc_ctype_c.o(locale$$data)
    flag_update                              0x20000000   Data           1  main.o(.data)
    current_x                                0x20000002   Data           2  main.o(.data)
    current_y                                0x20000004   Data           2  main.o(.data)
    current_laser_state                      0x20000006   Data           1  main.o(.data)
    uwTick                                   0x20000008   Data           4  stm32f4xx_hal.o(.data)
    uwTickPrio                               0x2000000c   Data           4  stm32f4xx_hal.o(.data)
    uwTickFreq                               0x20000010   Data           1  stm32f4xx_hal.o(.data)
    SystemCoreClock                          0x20000014   Data           4  system_stm32f4xx.o(.data)
    __stdout                                 0x20000024   Data           4  zzy_lib_uart_f4.o(.data)
    task_buf                                 0x20000030   Data         140  main.o(.bss)
    task_buf_1                               0x200000bc   Data         140  main.o(.bss)
    hspi1                                    0x20000148   Data          88  spi.o(.bss)
    huart1                                   0x200001a0   Data          72  usart.o(.bss)
    huart6                                   0x200001e8   Data          72  usart.o(.bss)
    __libspace_start                         0x20001458   Data          96  libspace.o(.bss)
    __temporary_stack_top$libspace           0x200014b8   Data           0  libspace.o(.bss)



==============================================================================

Memory Map of the image

  Image Entry point : 0x08000195

  Load Region LR_IROM1 (Base: 0x08000000, Size: 0x00003290, Max: 0x00040000, ABSOLUTE)

    Execution Region ER_IROM1 (Exec base: 0x08000000, Load base: 0x08000000, Size: 0x00003260, Max: 0x00040000, ABSOLUTE)

    Exec Addr    Load Addr    Size         Type   Attr      Idx    E Section Name        Object

    0x08000000   0x08000000   0x00000194   Data   RO            3    RESET               startup_stm32f401xc.o
    0x08000194   0x08000194   0x00000008   Code   RO         2791  * !!!main             c_w.l(__main.o)
    0x0800019c   0x0800019c   0x00000034   Code   RO         3155    !!!scatter          c_w.l(__scatter.o)
    0x080001d0   0x080001d0   0x0000001a   Code   RO         3157    !!handler_copy      c_w.l(__scatter_copy.o)
    0x080001ea   0x080001ea   0x00000002   PAD
    0x080001ec   0x080001ec   0x0000001c   Code   RO         3159    !!handler_zi        c_w.l(__scatter_zi.o)
    0x08000208   0x08000208   0x00000000   Code   RO         2773    .ARM.Collect$$_printf_percent$$00000000  c_w.l(_printf_percent.o)
    0x08000208   0x08000208   0x00000004   Code   RO         2877    .ARM.Collect$$_printf_percent$$00000017  c_w.l(_printf_percent_end.o)
    0x0800020c   0x0800020c   0x00000002   Code   RO         3025    .ARM.Collect$$libinit$$00000000  c_w.l(libinit.o)
    0x0800020e   0x0800020e   0x00000004   Code   RO         3043    .ARM.Collect$$libinit$$00000001  c_w.l(libinit2.o)
    0x08000212   0x08000212   0x00000000   Code   RO         3046    .ARM.Collect$$libinit$$00000004  c_w.l(libinit2.o)
    0x08000212   0x08000212   0x00000000   Code   RO         3049    .ARM.Collect$$libinit$$0000000A  c_w.l(libinit2.o)
    0x08000212   0x08000212   0x00000000   Code   RO         3051    .ARM.Collect$$libinit$$0000000C  c_w.l(libinit2.o)
    0x08000212   0x08000212   0x00000000   Code   RO         3053    .ARM.Collect$$libinit$$0000000E  c_w.l(libinit2.o)
    0x08000212   0x08000212   0x00000006   Code   RO         3054    .ARM.Collect$$libinit$$0000000F  c_w.l(libinit2.o)
    0x08000218   0x08000218   0x00000000   Code   RO         3056    .ARM.Collect$$libinit$$00000011  c_w.l(libinit2.o)
    0x08000218   0x08000218   0x0000000c   Code   RO         3057    .ARM.Collect$$libinit$$00000012  c_w.l(libinit2.o)
    0x08000224   0x08000224   0x00000000   Code   RO         3058    .ARM.Collect$$libinit$$00000013  c_w.l(libinit2.o)
    0x08000224   0x08000224   0x00000000   Code   RO         3060    .ARM.Collect$$libinit$$00000015  c_w.l(libinit2.o)
    0x08000224   0x08000224   0x00000000   Code   RO         3062    .ARM.Collect$$libinit$$00000017  c_w.l(libinit2.o)
    0x08000224   0x08000224   0x00000000   Code   RO         3064    .ARM.Collect$$libinit$$00000019  c_w.l(libinit2.o)
    0x08000224   0x08000224   0x00000000   Code   RO         3066    .ARM.Collect$$libinit$$0000001B  c_w.l(libinit2.o)
    0x08000224   0x08000224   0x00000000   Code   RO         3068    .ARM.Collect$$libinit$$0000001D  c_w.l(libinit2.o)
    0x08000224   0x08000224   0x00000000   Code   RO         3070    .ARM.Collect$$libinit$$0000001F  c_w.l(libinit2.o)
    0x08000224   0x08000224   0x00000000   Code   RO         3072    .ARM.Collect$$libinit$$00000021  c_w.l(libinit2.o)
    0x08000224   0x08000224   0x00000000   Code   RO         3074    .ARM.Collect$$libinit$$00000023  c_w.l(libinit2.o)
    0x08000224   0x08000224   0x00000000   Code   RO         3076    .ARM.Collect$$libinit$$00000025  c_w.l(libinit2.o)
    0x08000224   0x08000224   0x00000000   Code   RO         3080    .ARM.Collect$$libinit$$0000002C  c_w.l(libinit2.o)
    0x08000224   0x08000224   0x00000000   Code   RO         3082    .ARM.Collect$$libinit$$0000002E  c_w.l(libinit2.o)
    0x08000224   0x08000224   0x00000000   Code   RO         3084    .ARM.Collect$$libinit$$00000030  c_w.l(libinit2.o)
    0x08000224   0x08000224   0x00000000   Code   RO         3086    .ARM.Collect$$libinit$$00000032  c_w.l(libinit2.o)
    0x08000224   0x08000224   0x00000002   Code   RO         3087    .ARM.Collect$$libinit$$00000033  c_w.l(libinit2.o)
    0x08000226   0x08000226   0x00000002   Code   RO         3111    .ARM.Collect$$libshutdown$$00000000  c_w.l(libshutdown.o)
    0x08000228   0x08000228   0x00000000   Code   RO         3137    .ARM.Collect$$libshutdown$$00000002  c_w.l(libshutdown2.o)
    0x08000228   0x08000228   0x00000000   Code   RO         3139    .ARM.Collect$$libshutdown$$00000004  c_w.l(libshutdown2.o)
    0x08000228   0x08000228   0x00000000   Code   RO         3142    .ARM.Collect$$libshutdown$$00000007  c_w.l(libshutdown2.o)
    0x08000228   0x08000228   0x00000000   Code   RO         3145    .ARM.Collect$$libshutdown$$0000000A  c_w.l(libshutdown2.o)
    0x08000228   0x08000228   0x00000000   Code   RO         3147    .ARM.Collect$$libshutdown$$0000000C  c_w.l(libshutdown2.o)
    0x08000228   0x08000228   0x00000000   Code   RO         3150    .ARM.Collect$$libshutdown$$0000000F  c_w.l(libshutdown2.o)
    0x08000228   0x08000228   0x00000002   Code   RO         3151    .ARM.Collect$$libshutdown$$00000010  c_w.l(libshutdown2.o)
    0x0800022a   0x0800022a   0x00000000   Code   RO         2831    .ARM.Collect$$rtentry$$00000000  c_w.l(__rtentry.o)
    0x0800022a   0x0800022a   0x00000000   Code   RO         2926    .ARM.Collect$$rtentry$$00000002  c_w.l(__rtentry2.o)
    0x0800022a   0x0800022a   0x00000006   Code   RO         2938    .ARM.Collect$$rtentry$$00000004  c_w.l(__rtentry4.o)
    0x08000230   0x08000230   0x00000000   Code   RO         2928    .ARM.Collect$$rtentry$$00000009  c_w.l(__rtentry2.o)
    0x08000230   0x08000230   0x00000004   Code   RO         2929    .ARM.Collect$$rtentry$$0000000A  c_w.l(__rtentry2.o)
    0x08000234   0x08000234   0x00000000   Code   RO         2931    .ARM.Collect$$rtentry$$0000000C  c_w.l(__rtentry2.o)
    0x08000234   0x08000234   0x00000008   Code   RO         2932    .ARM.Collect$$rtentry$$0000000D  c_w.l(__rtentry2.o)
    0x0800023c   0x0800023c   0x00000002   Code   RO         3030    .ARM.Collect$$rtexit$$00000000  c_w.l(rtexit.o)
    0x0800023e   0x0800023e   0x00000000   Code   RO         3089    .ARM.Collect$$rtexit$$00000002  c_w.l(rtexit2.o)
    0x0800023e   0x0800023e   0x00000004   Code   RO         3090    .ARM.Collect$$rtexit$$00000003  c_w.l(rtexit2.o)
    0x08000242   0x08000242   0x00000006   Code   RO         3091    .ARM.Collect$$rtexit$$00000004  c_w.l(rtexit2.o)
    0x08000248   0x08000248   0x00000040   Code   RO            4    .text               startup_stm32f401xc.o
    0x08000288   0x08000288   0x00000002   Code   RO         2713    .text               c_w.l(use_no_semi_2.o)
    0x0800028a   0x0800028a   0x000000ee   Code   RO         2715    .text               c_w.l(lludivv7m.o)
    0x08000378   0x08000378   0x00000018   Code   RO         2719    .text               c_w.l(__2printf.o)
    0x08000390   0x08000390   0x00000188   Code   RO         2767    .text               c_w.l(__printf_flags_ss_wp.o)
    0x08000518   0x08000518   0x0000003c   Code   RO         2774    .text               c_w.l(__0sscanf.o)
    0x08000554   0x08000554   0x0000014c   Code   RO         2776    .text               c_w.l(_scanf_int.o)
    0x080006a0   0x080006a0   0x0000000c   Code   RO         2778    .text               c_w.l(strtok.o)
    0x080006ac   0x080006ac   0x0000008a   Code   RO         2783    .text               c_w.l(rt_memcpy_v6.o)
    0x08000736   0x08000736   0x00000044   Code   RO         2785    .text               c_w.l(rt_memclr.o)
    0x0800077a   0x0800077a   0x0000004e   Code   RO         2787    .text               c_w.l(rt_memclr_w.o)
    0x080007c8   0x080007c8   0x00000006   Code   RO         2789    .text               c_w.l(heapauxi.o)
    0x080007ce   0x080007ce   0x00000002   Code   RO         2829    .text               c_w.l(use_no_semi.o)
    0x080007d0   0x080007d0   0x00000016   Code   RO         2836    .text               c_w.l(_rserrno.o)
    0x080007e6   0x080007e6   0x00000002   PAD
    0x080007e8   0x080007e8   0x00000030   Code   RO         2846    .text               c_w.l(_printf_char_common.o)
    0x08000818   0x08000818   0x00000024   Code   RO         2854    .text               c_w.l(_printf_char_file.o)
    0x0800083c   0x0800083c   0x0000001c   Code   RO         2887    .text               c_w.l(_chval.o)
    0x08000858   0x08000858   0x0000002c   Code   RO         2889    .text               c_w.l(scanf_char.o)
    0x08000884   0x08000884   0x00000040   Code   RO         2891    .text               c_w.l(_sgetc.o)
    0x080008c4   0x080008c4   0x00000044   Code   RO         2893    .text               c_w.l(strtok_int.o)
    0x08000908   0x08000908   0x00000064   Code   RO         2895    .text               c_w.l(rt_memcpy_w.o)
    0x0800096c   0x0800096c   0x00000008   Code   RO         2945    .text               c_w.l(rt_errno_addr_intlibspace.o)
    0x08000974   0x08000974   0x00000012   Code   RO         2949    .text               c_w.l(isspace.o)
    0x08000986   0x08000986   0x00000002   PAD
    0x08000988   0x08000988   0x00000374   Code   RO         2960    .text               c_w.l(_scanf.o)
    0x08000cfc   0x08000cfc   0x00000008   Code   RO         2962    .text               c_w.l(ferror.o)
    0x08000d04   0x08000d04   0x00000020   Code   RO         2968    .text               c_w.l(strcspn.o)
    0x08000d24   0x08000d24   0x0000001c   Code   RO         2970    .text               c_w.l(strspn.o)
    0x08000d40   0x08000d40   0x00000008   Code   RO         2972    .text               c_w.l(libspace.o)
    0x08000d48   0x08000d48   0x0000004a   Code   RO         2975    .text               c_w.l(sys_stackheap_outer.o)
    0x08000d92   0x08000d92   0x00000002   PAD
    0x08000d94   0x08000d94   0x00000010   Code   RO         2977    .text               c_w.l(rt_ctype_table.o)
    0x08000da4   0x08000da4   0x00000008   Code   RO         2982    .text               c_w.l(rt_locale_intlibspace.o)
    0x08000dac   0x08000dac   0x00000012   Code   RO         3014    .text               c_w.l(exit.o)
    0x08000dbe   0x08000dbe   0x00000002   PAD
    0x08000dc0   0x08000dc0   0x00000080   Code   RO         3041    .text               c_w.l(strcmpv7m.o)
    0x08000e40   0x08000e40   0x00000004   Code   RO          339    i.BusFault_Handler  stm32f4xx_it.o
    0x08000e44   0x08000e44   0x00000002   Code   RO          340    i.DebugMon_Handler  stm32f4xx_it.o
    0x08000e46   0x08000e46   0x00000006   Code   RO           13    i.Error_Handler     main.o
    0x08000e4c   0x08000e4c   0x000001c8   Code   RO         1194    i.HAL_GPIO_Init     stm32f4xx_hal_gpio.o
    0x08001014   0x08001014   0x0000000c   Code   RO         1198    i.HAL_GPIO_WritePin  stm32f4xx_hal_gpio.o
    0x08001020   0x08001020   0x0000000c   Code   RO         1773    i.HAL_GetTick       stm32f4xx_hal.o
    0x0800102c   0x0800102c   0x00000018   Code   RO         1779    i.HAL_IncTick       stm32f4xx_hal.o
    0x08001044   0x08001044   0x0000003c   Code   RO         1780    i.HAL_Init          stm32f4xx_hal.o
    0x08001080   0x08001080   0x0000004c   Code   RO         1781    i.HAL_InitTick      stm32f4xx_hal.o
    0x080010cc   0x080010cc   0x00000048   Code   RO          414    i.HAL_MspInit       stm32f4xx_hal_msp.o
    0x08001114   0x08001114   0x00000028   Code   RO         1610    i.HAL_NVIC_EnableIRQ  stm32f4xx_hal_cortex.o
    0x0800113c   0x0800113c   0x0000007c   Code   RO         1616    i.HAL_NVIC_SetPriority  stm32f4xx_hal_cortex.o
    0x080011b8   0x080011b8   0x00000028   Code   RO         1617    i.HAL_NVIC_SetPriorityGrouping  stm32f4xx_hal_cortex.o
    0x080011e0   0x080011e0   0x00000184   Code   RO          761    i.HAL_RCC_ClockConfig  stm32f4xx_hal_rcc.o
    0x08001364   0x08001364   0x0000000c   Code   RO          766    i.HAL_RCC_GetHCLKFreq  stm32f4xx_hal_rcc.o
    0x08001370   0x08001370   0x00000020   Code   RO          768    i.HAL_RCC_GetPCLK1Freq  stm32f4xx_hal_rcc.o
    0x08001390   0x08001390   0x00000020   Code   RO          769    i.HAL_RCC_GetPCLK2Freq  stm32f4xx_hal_rcc.o
    0x080013b0   0x080013b0   0x000000b0   Code   RO          770    i.HAL_RCC_GetSysClockFreq  stm32f4xx_hal_rcc.o
    0x08001460   0x08001460   0x0000049c   Code   RO          773    i.HAL_RCC_OscConfig  stm32f4xx_hal_rcc.o
    0x080018fc   0x080018fc   0x000000c8   Code   RO          449    i.HAL_SPI_Init      stm32f4xx_hal_spi.o
    0x080019c4   0x080019c4   0x00000088   Code   RO          250    i.HAL_SPI_MspInit   spi.o
    0x08001a4c   0x08001a4c   0x00000034   Code   RO         1621    i.HAL_SYSTICK_Config  stm32f4xx_hal_cortex.o
    0x08001a80   0x08001a80   0x00000076   Code   RO         2048    i.HAL_UART_Init     stm32f4xx_hal_uart.o
    0x08001af6   0x08001af6   0x00000002   PAD
    0x08001af8   0x08001af8   0x000000f8   Code   RO          292    i.HAL_UART_MspInit  usart.o
    0x08001bf0   0x08001bf0   0x00000004   Code   RO          341    i.HardFault_Handler  stm32f4xx_it.o
    0x08001bf4   0x08001bf4   0x00000110   Code   RO          225    i.MX_GPIO_Init      gpio.o
    0x08001d04   0x08001d04   0x00000044   Code   RO          251    i.MX_SPI1_Init      spi.o
    0x08001d48   0x08001d48   0x00000038   Code   RO          293    i.MX_USART1_UART_Init  usart.o
    0x08001d80   0x08001d80   0x00000038   Code   RO          294    i.MX_USART6_UART_Init  usart.o
    0x08001db8   0x08001db8   0x00000004   Code   RO          342    i.MemManage_Handler  stm32f4xx_it.o
    0x08001dbc   0x08001dbc   0x00000004   Code   RO          343    i.NMI_Handler       stm32f4xx_it.o
    0x08001dc0   0x08001dc0   0x00000002   Code   RO          344    i.PendSV_Handler    stm32f4xx_it.o
    0x08001dc2   0x08001dc2   0x00000002   Code   RO          345    i.SVC_Handler       stm32f4xx_it.o
    0x08001dc4   0x08001dc4   0x00000008   Code   RO          346    i.SysTick_Handler   stm32f4xx_it.o
    0x08001dcc   0x08001dcc   0x000000b4   Code   RO           14    i.SystemClock_Config  main.o
    0x08001e80   0x08001e80   0x00000014   Code   RO         2392    i.SystemInit        system_stm32f4xx.o
    0x08001e94   0x08001e94   0x0000000c   Code   RO         2521    i.UART1_GetRxData   zzy_lib_uart_f4.o
    0x08001ea0   0x08001ea0   0x0000000c   Code   RO         2522    i.UART1_GetRxNum    zzy_lib_uart_f4.o
    0x08001eac   0x08001eac   0x00000060   Code   RO         2523    i.UART1_Init        zzy_lib_uart_f4.o
    0x08001f0c   0x08001f0c   0x00000054   Code   RO         2525    i.UART1_SendData    zzy_lib_uart_f4.o
    0x08001f60   0x08001f60   0x0000000c   Code   RO         2527    i.UART6_ClearRx     zzy_lib_uart_f4.o
    0x08001f6c   0x08001f6c   0x0000000c   Code   RO         2528    i.UART6_GetRxData   zzy_lib_uart_f4.o
    0x08001f78   0x08001f78   0x0000000c   Code   RO         2529    i.UART6_GetRxNum    zzy_lib_uart_f4.o
    0x08001f84   0x08001f84   0x00000064   Code   RO         2530    i.UART6_Init        zzy_lib_uart_f4.o
    0x08001fe8   0x08001fe8   0x0000000c   Code   RO         2531    i.UART6_Register_IDLE_callback  zzy_lib_uart_f4.o
    0x08001ff4   0x08001ff4   0x0000022c   Code   RO         2075    i.UART_SetConfig    stm32f4xx_hal_uart.o
    0x08002220   0x08002220   0x0000013c   Code   RO         2541    i.USART1_IRQHandler  zzy_lib_uart_f4.o
    0x0800235c   0x0800235c   0x0000014c   Code   RO         2542    i.USART6_IRQHandler  zzy_lib_uart_f4.o
    0x080024a8   0x080024a8   0x00000004   Code   RO          347    i.UsageFault_Handler  stm32f4xx_it.o
    0x080024ac   0x080024ac   0x00000026   Code   RO         2906    i.__ARM_fpclassifyf  m_wm.l(fpclassifyf.o)
    0x080024d2   0x080024d2   0x00000002   PAD
    0x080024d4   0x080024d4   0x00000010   Code   RO         1623    i.__NVIC_GetPriorityGrouping  stm32f4xx_hal_cortex.o
    0x080024e4   0x080024e4   0x00000028   Code   RO         1624    i.__NVIC_SetPriority  stm32f4xx_hal_cortex.o
    0x0800250c   0x0800250c   0x00000150   Code   RO         2793    i.__hardfp_cosf     m_wm.l(cosf.o)
    0x0800265c   0x0800265c   0x00000190   Code   RO         2805    i.__hardfp_sinf     m_wm.l(sinf.o)
    0x080027ec   0x080027ec   0x0000003a   Code   RO         2817    i.__hardfp_sqrtf    m_wm.l(sqrtf.o)
    0x08002826   0x08002826   0x00000006   Code   RO         2909    i.__mathlib_flt_infnan  m_wm.l(funder.o)
    0x0800282c   0x0800282c   0x00000010   Code   RO         2911    i.__mathlib_flt_invalid  m_wm.l(funder.o)
    0x0800283c   0x0800283c   0x00000010   Code   RO         2914    i.__mathlib_flt_underflow  m_wm.l(funder.o)
    0x0800284c   0x0800284c   0x00000154   Code   RO         2922    i.__mathlib_rredf2  m_wm.l(rredf.o)
    0x080029a0   0x080029a0   0x0000000e   Code   RO         2760    i._is_digit         c_w.l(__printf_wp.o)
    0x080029ae   0x080029ae   0x00000004   Code   RO         2543    i._sys_exit         zzy_lib_uart_f4.o
    0x080029b2   0x080029b2   0x00000002   PAD
    0x080029b4   0x080029b4   0x00000054   Code   RO         2466    i.dac8563_init      dac8563.o
    0x08002a08   0x08002a08   0x00000038   Code   RO         2467    i.dac8563_output    dac8563.o
    0x08002a40   0x08002a40   0x00000018   Code   RO         2469    i.dac8563_output_int16  dac8563.o
    0x08002a58   0x08002a58   0x00000068   Code   RO         2470    i.dac8563_write     dac8563.o
    0x08002ac0   0x08002ac0   0x000000bc   Code   RO           15    i.draw_circle       main.o
    0x08002b7c   0x08002b7c   0x0000008c   Code   RO           16    i.draw_rectangle    main.o
    0x08002c08   0x08002c08   0x00000010   Code   RO         2545    i.fputc             zzy_lib_uart_f4.o
    0x08002c18   0x08002c18   0x00000058   Code   RO           17    i.get_next_pose     main.o
    0x08002c70   0x08002c70   0x00000028   Code   RO           18    i.laser_off         main.o
    0x08002c98   0x08002c98   0x00000028   Code   RO           19    i.laser_on          main.o
    0x08002cc0   0x08002cc0   0x000000e8   Code   RO           20    i.main              main.o
    0x08002da8   0x08002da8   0x00000120   Code   RO           21    i.move              main.o
    0x08002ec8   0x08002ec8   0x0000013c   Code   RO           22    i.uart6_IDLE_callback  main.o
    0x08003004   0x08003004   0x000000ac   Code   RO         2429    i.zjs_delay_us      zzy_lib_delay.o
    0x080030b0   0x080030b0   0x0000002c   Code   RO         3035    locale$$code        c_w.l(lc_ctype_c.o)
    0x080030dc   0x080030dc   0x0000000a   Code   RO         3101    x$fpl$fpinit        fz_wm.l(fpinit.o)
    0x080030e6   0x080030e6   0x00000000   Code   RO         2905    x$fpl$usenofp       fz_wm.l(usenofp.o)
    0x080030e6   0x080030e6   0x00000018   Data   RO         2393    .constdata          system_stm32f4xx.o
    0x080030fe   0x080030fe   0x00000011   Data   RO         2768    .constdata          c_w.l(__printf_flags_ss_wp.o)
    0x0800310f   0x0800310f   0x00000001   PAD
    0x08003110   0x08003110   0x00000020   Data   RO         2923    .constdata          m_wm.l(rredf.o)
    0x08003130   0x08003130   0x00000020   Data   RO         3153    Region$$Table       anon$$obj.o
    0x08003150   0x08003150   0x00000110   Data   RO         3034    locale$$data        c_w.l(lc_ctype_c.o)


    Execution Region RW_IRAM1 (Exec base: 0x20000000, Load base: 0x08003260, Size: 0x00001ab8, Max: 0x00010000, ABSOLUTE)

    Exec Addr    Load Addr    Size         Type   Attr      Idx    E Section Name        Object

    0x20000000   0x08003260   0x00000007   Data   RW           25    .data               main.o
    0x20000007   0x08003267   0x00000001   PAD
    0x20000008   0x08003268   0x00000009   Data   RW         1787    .data               stm32f4xx_hal.o
    0x20000011   0x08003271   0x00000003   PAD
    0x20000014   0x08003274   0x00000004   Data   RW         2394    .data               system_stm32f4xx.o
    0x20000018   0x08003278   0x0000000c   Data   RW         2430    .data               zzy_lib_delay.o
    0x20000024   0x08003284   0x00000008   Data   RW         2548    .data               zzy_lib_uart_f4.o
    0x2000002c   0x0800328c   0x00000004   Data   RW         2779    .data               c_w.l(strtok.o)
    0x20000030        -       0x00000118   Zero   RW           23    .bss                main.o
    0x20000148        -       0x00000058   Zero   RW          252    .bss                spi.o
    0x200001a0        -       0x00000090   Zero   RW          295    .bss                usart.o
    0x20000230        -       0x00001228   Zero   RW         2547    .bss                zzy_lib_uart_f4.o
    0x20001458        -       0x00000060   Zero   RW         2973    .bss                c_w.l(libspace.o)
    0x200014b8        -       0x00000200   Zero   RW            2    HEAP                startup_stm32f401xc.o
    0x200016b8        -       0x00000400   Zero   RW            1    STACK               startup_stm32f401xc.o


==============================================================================

Image component sizes


      Code (inc. data)   RO Data    RW Data    ZI Data      Debug   Object Name

       268         24          0          0          0       2319   dac8563.o
       272         18          0          0          0       1023   gpio.o
      1518        118          0          7        280     399220   main.o
       204         22          0          0         88       1669   spi.o
        64         26        404          0       1536        844   startup_stm32f401xc.o
       172         32          0          9          0       8613   stm32f4xx_hal.o
       312         22          0          0          0      34331   stm32f4xx_hal_cortex.o
       468         32          0          0          0       2084   stm32f4xx_hal_gpio.o
        72          4          0          0          0        858   stm32f4xx_hal_msp.o
      1820         84          0          0          0       5632   stm32f4xx_hal_rcc.o
       200          0          0          0          0       1203   stm32f4xx_hal_spi.o
       674         10          0          0          0       1876   stm32f4xx_hal_uart.o
        34          0          0          0          0       4214   stm32f4xx_it.o
        20          6         24          4          0       1127   system_stm32f4xx.o
       360         36          0          0        144       2351   usart.o
       172         16          0         12          0       1023   zzy_lib_delay.o
      1020        238          0          8       4648      11314   zzy_lib_uart_f4.o

    ----------------------------------------------------------------------
      7654        688        460         44       6696     479701   Object Totals
         0          0         32          0          0          0   (incl. Generated)
         4          0          0          4          0          0   (incl. Padding)

    ----------------------------------------------------------------------

      Code (inc. data)   RO Data    RW Data    ZI Data      Debug   Library Member Name

        60          8          0          0          0         84   __0sscanf.o
        24          4          0          0          0         84   __2printf.o
         8          0          0          0          0         68   __main.o
       392          4         17          0          0         92   __printf_flags_ss_wp.o
        14          0          0          0          0         68   __printf_wp.o
         0          0          0          0          0          0   __rtentry.o
        12          0          0          0          0          0   __rtentry2.o
         6          0          0          0          0          0   __rtentry4.o
        52          8          0          0          0          0   __scatter.o
        26          0          0          0          0          0   __scatter_copy.o
        28          0          0          0          0          0   __scatter_zi.o
        28          0          0          0          0         68   _chval.o
        48          6          0          0          0         96   _printf_char_common.o
        36          4          0          0          0         80   _printf_char_file.o
         0          0          0          0          0          0   _printf_percent.o
         4          0          0          0          0          0   _printf_percent_end.o
        22          0          0          0          0        100   _rserrno.o
       884          6          0          0          0        100   _scanf.o
       332          0          0          0          0         96   _scanf_int.o
        64          0          0          0          0         84   _sgetc.o
        18          0          0          0          0         80   exit.o
         8          0          0          0          0         68   ferror.o
         6          0          0          0          0        152   heapauxi.o
        18          0          0          0          0         76   isspace.o
        44         10        272          0          0         76   lc_ctype_c.o
         2          0          0          0          0          0   libinit.o
        24          0          0          0          0          0   libinit2.o
         2          0          0          0          0          0   libshutdown.o
         2          0          0          0          0          0   libshutdown2.o
         8          4          0          0         96         68   libspace.o
       238          0          0          0          0        100   lludivv7m.o
        16          4          0          0          0         76   rt_ctype_table.o
         8          4          0          0          0         68   rt_errno_addr_intlibspace.o
         8          4          0          0          0         68   rt_locale_intlibspace.o
        68          0          0          0          0         68   rt_memclr.o
        78          0          0          0          0         80   rt_memclr_w.o
       138          0          0          0          0         68   rt_memcpy_v6.o
       100          0          0          0          0         80   rt_memcpy_w.o
         2          0          0          0          0          0   rtexit.o
        10          0          0          0          0          0   rtexit2.o
        44          8          0          0          0         84   scanf_char.o
       128          0          0          0          0         68   strcmpv7m.o
        32          0          0          0          0         80   strcspn.o
        28          0          0          0          0         80   strspn.o
        12          6          0          4          0         68   strtok.o
        68          4          0          0          0         84   strtok_int.o
        74          0          0          0          0         80   sys_stackheap_outer.o
         2          0          0          0          0         68   use_no_semi.o
         2          0          0          0          0         68   use_no_semi_2.o
        10          0          0          0          0        116   fpinit.o
         0          0          0          0          0          0   usenofp.o
       336         56          0          0          0        136   cosf.o
        38          0          0          0          0        116   fpclassifyf.o
        38         12          0          0          0        348   funder.o
       340         24         32          0          0        160   rredf.o
       400         56          0          0          0        212   sinf.o
        58          0          0          0          0        136   sqrtf.o

    ----------------------------------------------------------------------
      4460        232        322          4         96       4052   Library Totals
        12          0          1          0          0          0   (incl. Padding)

    ----------------------------------------------------------------------

      Code (inc. data)   RO Data    RW Data    ZI Data      Debug   Library Name

      3228         84        289          4         96       2828   c_w.l
        10          0          0          0          0        116   fz_wm.l
      1210        148         32          0          0       1108   m_wm.l

    ----------------------------------------------------------------------
      4460        232        322          4         96       4052   Library Totals

    ----------------------------------------------------------------------

==============================================================================


      Code (inc. data)   RO Data    RW Data    ZI Data      Debug   

     12114        920        782         48       6792     475441   Grand Totals
     12114        920        782         48       6792     475441   ELF Image Totals
     12114        920        782         48          0          0   ROM Totals

==============================================================================

    Total RO  Size (Code + RO Data)                12896 (  12.59kB)
    Total RW  Size (RW Data + ZI Data)              6840 (   6.68kB)
    Total ROM Size (Code + RO Data + RW Data)      12944 (  12.64kB)

==============================================================================

