Component: ARM Compiler 5.06 update 5 (build 528) Tool: armlink [4d35e2]

==============================================================================

Section Cross References

    startup_stm32f401xc.o(STACK) refers (Special) to heapauxi.o(.text) for __use_two_region_memory
    startup_stm32f401xc.o(HEAP) refers (Special) to heapauxi.o(.text) for __use_two_region_memory
    startup_stm32f401xc.o(RESET) refers (Special) to heapauxi.o(.text) for __use_two_region_memory
    startup_stm32f401xc.o(RESET) refers to startup_stm32f401xc.o(STACK) for __initial_sp
    startup_stm32f401xc.o(RESET) refers to startup_stm32f401xc.o(.text) for Reset_Handler
    startup_stm32f401xc.o(RESET) refers to stm32f4xx_it.o(i.NMI_Handler) for NMI_Handler
    startup_stm32f401xc.o(RESET) refers to stm32f4xx_it.o(i.HardFault_Handler) for HardFault_Handler
    startup_stm32f401xc.o(RESET) refers to stm32f4xx_it.o(i.MemManage_Handler) for MemManage_Handler
    startup_stm32f401xc.o(RESET) refers to stm32f4xx_it.o(i.BusFault_Handler) for BusFault_Handler
    startup_stm32f401xc.o(RESET) refers to stm32f4xx_it.o(i.UsageFault_Handler) for UsageFault_Handler
    startup_stm32f401xc.o(RESET) refers to stm32f4xx_it.o(i.SVC_Handler) for SVC_Handler
    startup_stm32f401xc.o(RESET) refers to stm32f4xx_it.o(i.DebugMon_Handler) for DebugMon_Handler
    startup_stm32f401xc.o(RESET) refers to stm32f4xx_it.o(i.PendSV_Handler) for PendSV_Handler
    startup_stm32f401xc.o(RESET) refers to stm32f4xx_it.o(i.SysTick_Handler) for SysTick_Handler
    startup_stm32f401xc.o(RESET) refers to stm32f4xx_it.o(i.USART1_IRQHandler) for USART1_IRQHandler
    startup_stm32f401xc.o(RESET) refers to stm32f4xx_it.o(i.DMA2_Stream2_IRQHandler) for DMA2_Stream2_IRQHandler
    startup_stm32f401xc.o(.text) refers (Special) to heapauxi.o(.text) for __use_two_region_memory
    startup_stm32f401xc.o(.text) refers to system_stm32f4xx.o(i.SystemInit) for SystemInit
    startup_stm32f401xc.o(.text) refers to __main.o(!!!main) for __main
    startup_stm32f401xc.o(.text) refers to startup_stm32f401xc.o(HEAP) for Heap_Mem
    startup_stm32f401xc.o(.text) refers to startup_stm32f401xc.o(STACK) for Stack_Mem
    main.o(i.HAL_UARTEx_RxEventCallback) refers to _scanf_int.o(.text) for _scanf_int
    main.o(i.HAL_UARTEx_RxEventCallback) refers to __0sscanf.o(.text) for __0sscanf
    main.o(i.HAL_UARTEx_RxEventCallback) refers to stm32f4xx_hal_uart.o(i.HAL_UARTEx_ReceiveToIdle_DMA) for HAL_UARTEx_ReceiveToIdle_DMA
    main.o(i.HAL_UARTEx_RxEventCallback) refers to rt_memclr.o(.text) for __aeabi_memclr
    main.o(i.HAL_UARTEx_RxEventCallback) refers to main.o(.bss) for uart1_rx_buf
    main.o(i.HAL_UARTEx_RxEventCallback) refers to main.o(.data) for flag_update
    main.o(i.SystemClock_Config) refers to rt_memclr_w.o(.text) for __aeabi_memclr4
    main.o(i.SystemClock_Config) refers to stm32f4xx_hal_rcc.o(i.HAL_RCC_OscConfig) for HAL_RCC_OscConfig
    main.o(i.SystemClock_Config) refers to main.o(i.Error_Handler) for Error_Handler
    main.o(i.SystemClock_Config) refers to stm32f4xx_hal_rcc.o(i.HAL_RCC_ClockConfig) for HAL_RCC_ClockConfig
    main.o(i.draw_circle) refers to cosf.o(i.__hardfp_cosf) for __hardfp_cosf
    main.o(i.draw_circle) refers to sinf.o(i.__hardfp_sinf) for __hardfp_sinf
    main.o(i.draw_circle) refers to dac8563.o(i.dac8563_output_int16) for dac8563_output_int16
    main.o(i.draw_circle) refers to zzy_lib_delay.o(i.zjs_delay_us) for zjs_delay_us
    main.o(i.draw_rectangle) refers to dac8563.o(i.dac8563_output_int16) for dac8563_output_int16
    main.o(i.draw_rectangle) refers to zzy_lib_delay.o(i.zjs_delay_us) for zjs_delay_us
    main.o(i.main) refers to stm32f4xx_hal.o(i.HAL_Init) for HAL_Init
    main.o(i.main) refers to main.o(i.SystemClock_Config) for SystemClock_Config
    main.o(i.main) refers to gpio.o(i.MX_GPIO_Init) for MX_GPIO_Init
    main.o(i.main) refers to dma.o(i.MX_DMA_Init) for MX_DMA_Init
    main.o(i.main) refers to usart.o(i.MX_USART1_UART_Init) for MX_USART1_UART_Init
    main.o(i.main) refers to spi.o(i.MX_SPI1_Init) for MX_SPI1_Init
    main.o(i.main) refers to dac8563.o(i.dac8563_init) for dac8563_init
    main.o(i.main) refers to stm32f4xx_hal_gpio.o(i.HAL_GPIO_WritePin) for HAL_GPIO_WritePin
    main.o(i.main) refers to stm32f4xx_hal_uart.o(i.HAL_UARTEx_ReceiveToIdle_DMA) for HAL_UARTEx_ReceiveToIdle_DMA
    main.o(i.main) refers to main.o(i.get_next_pose) for get_next_pose
    main.o(i.main) refers to main.o(i.move) for move
    main.o(i.main) refers to main.o(i.draw_circle) for draw_circle
    main.o(i.main) refers to main.o(i.draw_rectangle) for draw_rectangle
    main.o(i.main) refers to rt_memcpy_v6.o(.text) for __aeabi_memcpy
    main.o(i.main) refers to rt_memclr.o(.text) for __aeabi_memclr
    main.o(i.main) refers to main.o(.bss) for uart1_rx_buf
    main.o(i.main) refers to usart.o(.bss) for huart1
    main.o(i.main) refers to main.o(.data) for flag_update
[...]

==============================================================================

Image Symbol Table

    Local Symbols

    Symbol Name                              Value     Ov Type        Size  Object(Section)

    ../Core/Src/dma.c                        0x00000000   Number         0  dma.o ABSOLUTE
    ../Core/Src/gpio.c                       0x00000000   Number         0  gpio.o ABSOLUTE
    ../Core/Src/main.c                       0x00000000   Number         0  main.o ABSOLUTE
    ../Core/Src/spi.c                        0x00000000   Number         0  spi.o ABSOLUTE
    ../Core/Src/stm32f4xx_hal_msp.c          0x00000000   Number         0  stm32f4xx_hal_msp.o ABSOLUTE
    ../Core/Src/stm32f4xx_it.c               0x00000000   Number         0  stm32f4xx_it.o ABSOLUTE
    ../Core/Src/system_stm32f4xx.c           0x00000000   Number         0  system_stm32f4xx.o ABSOLUTE
    ../Core/Src/usart.c                      0x00000000   Number         0  usart.o ABSOLUTE
    ../Drivers/STM32F4xx_HAL_Driver/Src/stm32f4xx_hal.c 0x00000000   Number         0  stm32f4xx_hal.o ABSOLUTE
    ../Drivers/STM32F4xx_HAL_Driver/Src/stm32f4xx_hal_cortex.c 0x00000000   Number         0  stm32f4xx_hal_cortex.o ABSOLUTE
    ../Drivers/STM32F4xx_HAL_Driver/Src/stm32f4xx_hal_dma.c 0x00000000   Number         0  stm32f4xx_hal_dma.o ABSOLUTE
    ../Drivers/STM32F4xx_HAL_Driver/Src/stm32f4xx_hal_dma_ex.c 0x00000000   Number         0  stm32f4xx_hal_dma_ex.o ABSOLUTE
    ../Drivers/STM32F4xx_HAL_Driver/Src/stm32f4xx_hal_exti.c 0x00000000   Number         0  stm32f4xx_hal_exti.o ABSOLUTE
    ../Drivers/STM32F4xx_HAL_Driver/Src/stm32f4xx_hal_flash.c 0x00000000   Number         0  stm32f4xx_hal_flash.o ABSOLUTE
    ../Drivers/STM32F4xx_HAL_Driver/Src/stm32f4xx_hal_flash_ex.c 0x00000000   Number         0  stm32f4xx_hal_flash_ex.o ABSOLUTE
    ../Drivers/STM32F4xx_HAL_Driver/Src/stm32f4xx_hal_flash_ramfunc.c 0x00000000   Number         0  stm32f4xx_hal_flash_ramfunc.o ABSOLUTE
    ../Drivers/STM32F4xx_HAL_Driver/Src/stm32f4xx_hal_gpio.c 0x00000000   Number         0  stm32f4xx_hal_gpio.o ABSOLUTE
    ../Drivers/STM32F4xx_HAL_Driver/Src/stm32f4xx_hal_pwr.c 0x00000000   Number         0  stm32f4xx_hal_pwr.o ABSOLUTE
    ../Drivers/STM32F4xx_HAL_Driver/Src/stm32f4xx_hal_pwr_ex.c 0x00000000   Number         0  stm32f4xx_hal_pwr_ex.o ABSOLUTE
    ../Drivers/STM32F4xx_HAL_Driver/Src/stm32f4xx_hal_rcc.c 0x00000000   Number         0  stm32f4xx_hal_rcc.o ABSOLUTE
    ../Drivers/STM32F4xx_HAL_Driver/Src/stm32f4xx_hal_rcc_ex.c 0x00000000   Number         0  stm32f4xx_hal_rcc_ex.o ABSOLUTE
    ../Drivers/STM32F4xx_HAL_Driver/Src/stm32f4xx_hal_spi.c 0x00000000   Number         0  stm32f4xx_hal_spi.o ABSOLUTE
    ../Drivers/STM32F4xx_HAL_Driver/Src/stm32f4xx_hal_uart.c 0x00000000   Number         0  stm32f4xx_hal_uart.o ABSOLUTE
    ../clib/angel/boardlib.s                 0x00000000   Number         0  boardshut.o ABSOLUTE
    ../clib/angel/boardlib.s                 0x00000000   Number         0  boardinit1.o ABSOLUTE
    ../clib/angel/boardlib.s                 0x00000000   Number         0  boardinit2.o ABSOLUTE
    ../clib/angel/boardlib.s                 0x00000000   Number         0  boardinit3.o ABSOLUTE
    ../clib/angel/handlers.s                 0x00000000   Number         0  __scatter_zi.o ABSOLUTE
    ../clib/angel/handlers.s                 0x00000000   Number         0  __scatter_copy.o ABSOLUTE
    ../clib/angel/kernel.s                   0x00000000   Number         0  rtexit.o ABSOLUTE
    ../clib/angel/kernel.s                   0x00000000   Number         0  __rtentry2.o ABSOLUTE
    ../clib/angel/kernel.s                   0x00000000   Number         0  __rtentry.o ABSOLUTE
    ../clib/angel/kernel.s                   0x00000000   Number         0  __rtentry4.o ABSOLUTE
    ../clib/angel/kernel.s                   0x00000000   Number         0  rtexit2.o ABSOLUTE
    ../clib/angel/rt.s                       0x00000000   Number         0  rt_locale.o ABSOLUTE
    ../clib/angel/rt.s                       0x00000000   Number         0  rt_locale_intlibspace.o ABSOLUTE
    ../clib/angel/rt.s                       0x00000000   Number         0  rt_errno_addr.o ABSOLUTE
    ../clib/angel/rt.s                       0x00000000   Number         0  rt_div0.o ABSOLUTE
    ../clib/angel/rt.s                       0x00000000   Number         0  rt_raise.o ABSOLUTE
    ../clib/angel/rt.s                       0x00000000   Number         0  rt_ctype_table.o ABSOLUTE
    ../clib/angel/rt.s                       0x00000000   Number         0  rt_errno_addr_intlibspace.o ABSOLUTE
    ../clib/angel/rt.s                       0x00000000   Number         0  aeabi_ldiv0_sigfpe.o ABSOLUTE
    ../clib/angel/rt.s                       0x00000000   Number         0  aeabi_ldiv0.o ABSOLUTE
    ../clib/angel/scatter.s                  0x00000000   Number         0  __scatter.o ABSOLUTE
    ../clib/angel/startup.s                  0x00000000   Number         0  __main.o ABSOLUTE
    ../clib/angel/sys.s                      0x00000000   Number         0  use_no_semi.o ABSOLUTE
    ../clib/angel/sys.s                      0x00000000   Number         0  indicate_semi.o ABSOLUTE
    ../clib/angel/sys.s                      0x00000000   Number         0  sys_stackheap_outer.o ABSOLUTE
    ../clib/angel/sys.s                      0x00000000   Number         0  libspace.o ABSOLUTE
    ../clib/angel/sysapp.c                   0x00000000   Number         0  sys_command.o ABSOLUTE
    ../clib/angel/sysapp.c                   0x00000000   Number         0  sys_exit.o ABSOLUTE
    ../clib/angel/sysapp.c                   0x00000000   Number         0  sys_wrch.o ABSOLUTE
    ../clib/armsys.c                         0x00000000   Number         0  argv_veneer.o ABSOLUTE
    ../clib/armsys.c                         0x00000000   Number         0  argv_veneer.o ABSOLUTE
    ../clib/armsys.c                         0x00000000   Number         0  _get_argv_nomalloc.o ABSOLUTE
    ../clib/armsys.c                         0x00000000   Number         0  no_argv.o ABSOLUTE
    ../clib/ctype.c                          0x00000000   Number         0  isspace.o ABSOLUTE
    ../clib/fenv.c                           0x00000000   Number         0  _rserrno.o ABSOLUTE
    ../clib/heapalloc.c                      0x00000000   Number         0  hrguard.o ABSOLUTE
    ../clib/heapaux.c                        0x00000000   Number         0  heapauxi.o ABSOLUTE
    ../clib/libinit.s                        0x00000000   Number         0  libshutdown.o ABSOLUTE
    ../clib/libinit.s                        0x00000000   Number         0  libinit2.o ABSOLUTE
    ../clib/libinit.s                        0x00000000   Number         0  libinit.o ABSOLUTE
    ../clib/libinit.s                        0x00000000   Number         0  libshutdown2.o ABSOLUTE
    ../clib/locale.s                         0x00000000   Number         0  lc_ctype_c.o ABSOLUTE
    ../clib/longlong.s                       0x00000000   Number         0  lludivv7m.o ABSOLUTE
    ../clib/memcpset.s                       0x00000000   Number         0  rt_memcpy_w.o ABSOLUTE
    ../clib/memcpset.s                       0x00000000   Number         0  strcmpv7m.o ABSOLUTE
    ../clib/memcpset.s                       0x00000000   Number         0  rt_memclr_w.o ABSOLUTE
    ../clib/memcpset.s                       0x00000000   Number         0  rt_memclr.o ABSOLUTE
    ../clib/memcpset.s                       0x00000000   Number         0  rt_memcpy_v6.o ABSOLUTE
    ../clib/scanf.c                          0x00000000   Number         0  __0sscanf.o ABSOLUTE
    ../clib/scanf.c                          0x00000000   Number         0  _scanf_int.o ABSOLUTE
    ../clib/scanf.c                          0x00000000   Number         0  _chval.o ABSOLUTE
    ../clib/scanf.c                          0x00000000   Number         0  scanf_char.o ABSOLUTE
    ../clib/scanf.c                          0x00000000   Number         0  _scanf.o ABSOLUTE
    ../clib/scanf.c                          0x00000000   Number         0  _sgetc.o ABSOLUTE
    ../clib/signal.c                         0x00000000   Number         0  __raise.o ABSOLUTE
    ../clib/signal.c                         0x00000000   Number         0  defsig_exit.o ABSOLUTE
    ../clib/signal.c                         0x00000000   Number         0  defsig_rtred_inner.o ABSOLUTE
    ../clib/signal.c                         0x00000000   Number         0  defsig_fpe_inner.o ABSOLUTE
    ../clib/signal.c                         0x00000000   Number         0  defsig_abrt_inner.o ABSOLUTE
    ../clib/signal.c                         0x00000000   Number         0  defsig_rtmem_inner.o ABSOLUTE
    ../clib/signal.c                         0x00000000   Number         0  defsig_rtmem_outer.o ABSOLUTE
    ../clib/signal.c                         0x00000000   Number         0  defsig_rtmem_formal.o ABSOLUTE
    ../clib/signal.c                         0x00000000   Number         0  defsig_stak_inner.o ABSOLUTE
    ../clib/signal.c                         0x00000000   Number         0  defsig_pvfn_inner.o ABSOLUTE
    ../clib/signal.c                         0x00000000   Number         0  defsig_cppl_inner.o ABSOLUTE
    ../clib/signal.c                         0x00000000   Number         0  defsig_segv_inner.o ABSOLUTE
    ../clib/signal.c                         0x00000000   Number         0  defsig_other.o ABSOLUTE
    ../clib/signal.c                         0x00000000   Number         0  defsig_fpe_formal.o ABSOLUTE
    ../clib/signal.c                         0x00000000   Number         0  defsig_general.o ABSOLUTE
    ../clib/signal.c                         0x00000000   Number         0  defsig_fpe_outer.o ABSOLUTE
    ../clib/signal.s                         0x00000000   Number         0  defsig.o ABSOLUTE
    ../clib/stdlib.c                         0x00000000   Number         0  exit.o ABSOLUTE
    ../fplib/fpinit.s                        0x00000000   Number         0  fpinit.o ABSOLUTE
    ../fplib/usenofp.s                       0x00000000   Number         0  usenofp.o ABSOLUTE
    ../mathlib/cosf.c                        0x00000000   Number         0  cosf_x.o ABSOLUTE
    ../mathlib/cosf.c                        0x00000000   Number         0  cosf.o ABSOLUTE
    ../mathlib/fpclassifyf.c                 0x00000000   Number         0  fpclassifyf.o ABSOLUTE
    ../mathlib/funder.c                      0x00000000   Number         0  funder.o ABSOLUTE
    ../mathlib/rredf.c                       0x00000000   Number         0  rredf.o ABSOLUTE
    ../mathlib/sinf.c                        0x00000000   Number         0  sinf_x.o ABSOLUTE
    ../mathlib/sinf.c                        0x00000000   Number         0  sinf.o ABSOLUTE
    ..\Core\Src\dma.c                        0x00000000   Number         0  dma.o ABSOLUTE
    ..\Core\Src\gpio.c                       0x00000000   Number         0  gpio.o ABSOLUTE
    ..\Core\Src\main.c                       0x00000000   Number         0  main.o ABSOLUTE
    ..\Core\Src\spi.c                        0x00000000   Number         0  spi.o ABSOLUTE
    ..\Core\Src\stm32f4xx_hal_msp.c          0x00000000   Number         0  stm32f4xx_hal_msp.o ABSOLUTE
    ..\Core\Src\stm32f4xx_it.c               0x00000000   Number         0  stm32f4xx_it.o ABSOLUTE
    ..\Core\Src\system_stm32f4xx.c           0x00000000   Number         0  system_stm32f4xx.o ABSOLUTE
    ..\Core\Src\usart.c                      0x00000000   Number         0  usart.o ABSOLUTE
    ..\Drivers\STM32F4xx_HAL_Driver\Src\stm32f4xx_hal.c 0x00000000   Number         0  stm32f4xx_hal.o ABSOLUTE
    ..\Drivers\STM32F4xx_HAL_Driver\Src\stm32f4xx_hal_cortex.c 0x00000000   Number         0  stm32f4xx_hal_cortex.o ABSOLUTE
    ..\Drivers\STM32F4xx_HAL_Driver\Src\stm32f4xx_hal_dma.c 0x00000000   Number         0  stm32f4xx_hal_dma.o ABSOLUTE
    ..\Drivers\STM32F4xx_HAL_Driver\Src\stm32f4xx_hal_dma_ex.c 0x00000000   Number         0  stm32f4xx_hal_dma_ex.o ABSOLUTE
    ..\Drivers\STM32F4xx_HAL_Driver\Src\stm32f4xx_hal_exti.c 0x00000000   Number         0  stm32f4xx_hal_exti.o ABSOLUTE
    ..\Drivers\STM32F4xx_HAL_Driver\Src\stm32f4xx_hal_flash.c 0x00000000   Number         0  stm32f4xx_hal_flash.o ABSOLUTE
    ..\Drivers\STM32F4xx_HAL_Driver\Src\stm32f4xx_hal_flash_ex.c 0x00000000   Number         0  stm32f4xx_hal_flash_ex.o ABSOLUTE
    ..\Drivers\STM32F4xx_HAL_Driver\Src\stm32f4xx_hal_flash_ramfunc.c 0x00000000   Number         0  stm32f4xx_hal_flash_ramfunc.o ABSOLUTE
    ..\Drivers\STM32F4xx_HAL_Driver\Src\stm32f4xx_hal_gpio.c 0x00000000   Number         0  stm32f4xx_hal_gpio.o ABSOLUTE
    ..\Drivers\STM32F4xx_HAL_Driver\Src\stm32f4xx_hal_pwr.c 0x00000000   Number         0  stm32f4xx_hal_pwr.o ABSOLUTE
    ..\Drivers\STM32F4xx_HAL_Driver\Src\stm32f4xx_hal_pwr_ex.c 0x00000000   Number         0  stm32f4xx_hal_pwr_ex.o ABSOLUTE
    ..\Drivers\STM32F4xx_HAL_Driver\Src\stm32f4xx_hal_rcc.c 0x00000000   Number         0  stm32f4xx_hal_rcc.o ABSOLUTE
    ..\Drivers\STM32F4xx_HAL_Driver\Src\stm32f4xx_hal_rcc_ex.c 0x00000000   Number         0  stm32f4xx_hal_rcc_ex.o ABSOLUTE
    ..\Drivers\STM32F4xx_HAL_Driver\Src\stm32f4xx_hal_spi.c 0x00000000   Number         0  stm32f4xx_hal_spi.o ABSOLUTE
    ..\Drivers\STM32F4xx_HAL_Driver\Src\stm32f4xx_hal_uart.c 0x00000000   Number         0  stm32f4xx_hal_uart.o ABSOLUTE
    ..\HARDWARE\dac8563\dac8563.c            0x00000000   Number         0  dac8563.o ABSOLUTE
    ..\HARDWARE\zzy_lib_delay\zzy_lib_delay.c 0x00000000   Number         0  zzy_lib_delay.o ABSOLUTE
    ..\\HARDWARE\\dac8563\\dac8563.c         0x00000000   Number         0  dac8563.o ABSOLUTE
    ..\\HARDWARE\\zzy_lib_delay\\zzy_lib_delay.c 0x00000000   Number         0  zzy_lib_delay.o ABSOLUTE
    dc.s                                     0x00000000   Number         0  dc.o ABSOLUTE
    startup_stm32f401xc.s                    0x00000000   Number         0  startup_stm32f401xc.o ABSOLUTE
    RESET                                    0x08000000   Section      404  startup_stm32f401xc.o(RESET)
    !!!main                                  0x08000194   Section        8  __main.o(!!!main)
    !!!scatter                               0x0800019c   Section       52  __scatter.o(!!!scatter)
    !!handler_copy                           0x080001d0   Section       26  __scatter_copy.o(!!handler_copy)
    !!handler_zi                             0x080001ec   Section       28  __scatter_zi.o(!!handler_zi)
    .ARM.Collect$$libinit$$00000000          0x08000208   Section        2  libinit.o(.ARM.Collect$$libinit$$00000000)
    .ARM.Collect$$libinit$$00000001          0x0800020a   Section        4  libinit2.o(.ARM.Collect$$libinit$$00000001)
    .ARM.Collect$$libinit$$00000004          0x0800020e   Section        0  libinit2.o(.ARM.Collect$$libinit$$00000004)
    .ARM.Collect$$libinit$$0000000A          0x0800020e   Section        0  libinit2.o(.ARM.Collect$$libinit$$0000000A)
    .ARM.Collect$$libinit$$0000000C          0x0800020e   Section        0  libinit2.o(.ARM.Collect$$libinit$$0000000C)
    .ARM.Collect$$libinit$$0000000E          0x0800020e   Section        0  libinit2.o(.ARM.Collect$$libinit$$0000000E)
    .ARM.Collect$$libinit$$0000000F          0x0800020e   Section        6  libinit2.o(.ARM.Collect$$libinit$$0000000F)
    .ARM.Collect$$libinit$$00000011          0x08000214   Section        0  libinit2.o(.ARM.Collect$$libinit$$00000011)
    .ARM.Collect$$libinit$$00000012          0x08000214   Section       12  libinit2.o(.ARM.Collect$$libinit$$00000012)
    .ARM.Collect$$libinit$$00000013          0x08000220   Section        0  libinit2.o(.ARM.Collect$$libinit$$00000013)
    .ARM.Collect$$libinit$$00000015          0x08000220   Section        0  libinit2.o(.ARM.Collect$$libinit$$00000015)
    .ARM.Collect$$libinit$$00000017          0x08000220   Section        0  libinit2.o(.ARM.Collect$$libinit$$00000017)
    .ARM.Collect$$libinit$$00000019          0x08000220   Section        0  libinit2.o(.ARM.Collect$$libinit$$00000019)
    .ARM.Collect$$libinit$$0000001B          0x08000220   Section        0  libinit2.o(.ARM.Collect$$libinit$$0000001B)
    .ARM.Collect$$libinit$$0000001D          0x08000220   Section        0  libinit2.o(.ARM.Collect$$libinit$$0000001D)
    .ARM.Collect$$libinit$$0000001F          0x08000220   Section        0  libinit2.o(.ARM.Collect$$libinit$$0000001F)
    .ARM.Collect$$libinit$$00000021          0x08000220   Section        0  libinit2.o(.ARM.Collect$$libinit$$00000021)
    .ARM.Collect$$libinit$$00000023          0x08000220   Section        0  libinit2.o(.ARM.Collect$$libinit$$00000023)
    .ARM.Collect$$libinit$$00000025          0x08000220   Section        0  libinit2.o(.ARM.Collect$$libinit$$00000025)
    .ARM.Collect$$libinit$$0000002C          0x08000220   Section        0  libinit2.o(.ARM.Collect$$libinit$$0000002C)
    .ARM.Collect$$libinit$$0000002E          0x08000220   Section        0  libinit2.o(.ARM.Collect$$libinit$$0000002E)
    .ARM.Collect$$libinit$$00000030          0x08000220   Section        0  libinit2.o(.ARM.Collect$$libinit$$00000030)
    .ARM.Collect$$libinit$$00000032          0x08000220   Section        0  libinit2.o(.ARM.Collect$$libinit$$00000032)
    .ARM.Collect$$libinit$$00000033          0x08000220   Section        2  libinit2.o(.ARM.Collect$$libinit$$00000033)
    .ARM.Collect$$libshutdown$$00000000      0x08000222   Section        2  libshutdown.o(.ARM.Collect$$libshutdown$$00000000)
    .ARM.Collect$$libshutdown$$00000002      0x08000224   Section        0  libshutdown2.o(.ARM.Collect$$libshutdown$$00000002)
    .ARM.Collect$$libshutdown$$00000004      0x08000224   Section        0  libshutdown2.o(.ARM.Collect$$libshutdown$$00000004)
    .ARM.Collect$$libshutdown$$00000007      0x08000224   Section        0  libshutdown2.o(.ARM.Collect$$libshutdown$$00000007)
    .ARM.Collect$$libshutdown$$0000000A      0x08000224   Section        0  libshutdown2.o(.ARM.Collect$$libshutdown$$0000000A)
    .ARM.Collect$$libshutdown$$0000000C      0x08000224   Section        0  libshutdown2.o(.ARM.Collect$$libshutdown$$0000000C)
    .ARM.Collect$$libshutdown$$0000000F      0x08000224   Section        0  libshutdown2.o(.ARM.Collect$$libshutdown$$0000000F)
    .ARM.Collect$$libshutdown$$00000010      0x08000224   Section        2  libshutdown2.o(.ARM.Collect$$libshutdown$$00000010)
    .ARM.Collect$$rtentry$$00000000          0x08000226   Section        0  __rtentry.o(.ARM.Collect$$rtentry$$00000000)
    .ARM.Collect$$rtentry$$00000002          0x08000226   Section        0  __rtentry2.o(.ARM.Collect$$rtentry$$00000002)
    .ARM.Collect$$rtentry$$00000004          0x08000226   Section        6  __rtentry4.o(.ARM.Collect$$rtentry$$00000004)
    .ARM.Collect$$rtentry$$00000009          0x0800022c   Section        0  __rtentry2.o(.ARM.Collect$$rtentry$$00000009)
    .ARM.Collect$$rtentry$$0000000A          0x0800022c   Section        4  __rtentry2.o(.ARM.Collect$$rtentry$$0000000A)
    .ARM.Collect$$rtentry$$0000000C          0x08000230   Section        0  __rtentry2.o(.ARM.Collect$$rtentry$$0000000C)
    .ARM.Collect$$rtentry$$0000000D          0x08000230   Section        8  __rtentry2.o(.ARM.Collect$$rtentry$$0000000D)
    .ARM.Collect$$rtexit$$00000000           0x08000238   Section        2  rtexit.o(.ARM.Collect$$rtexit$$00000000)
    .ARM.Collect$$rtexit$$00000002           0x0800023a   Section        0  rtexit2.o(.ARM.Collect$$rtexit$$00000002)
    .ARM.Collect$$rtexit$$00000003           0x0800023a   Section        4  rtexit2.o(.ARM.Collect$$rtexit$$00000003)
    .ARM.Collect$$rtexit$$00000004           0x0800023e   Section        6  rtexit2.o(.ARM.Collect$$rtexit$$00000004)
    .text                                    0x08000244   Section       64  startup_stm32f401xc.o(.text)
    $v0                                      0x08000244   Number         0  startup_stm32f401xc.o(.text)
    .text                                    0x08000284   Section      238  lludivv7m.o(.text)
    .text                                    0x08000374   Section        0  __0sscanf.o(.text)
    .text                                    0x080003b0   Section        0  _scanf_int.o(.text)
    .text                                    0x080004fc   Section      138  rt_memcpy_v6.o(.text)
    .text                                    0x08000586   Section       68  rt_memclr.o(.text)
    .text                                    0x080005ca   Section       78  rt_memclr_w.o(.text)
    .text                                    0x08000618   Section        0  heapauxi.o(.text)
    .text                                    0x0800061e   Section        0  _rserrno.o(.text)
    .text                                    0x08000634   Section        0  _chval.o(.text)
    .text                                    0x08000650   Section        0  scanf_char.o(.text)
    _scanf_char_input                        0x08000651   Thumb Code    12  scanf_char.o(.text)
    .text                                    0x0800067c   Section        0  _sgetc.o(.text)
    .text                                    0x080006bc   Section      100  rt_memcpy_w.o(.text)
    .text                                    0x08000720   Section        8  rt_errno_addr_intlibspace.o(.text)
    .text                                    0x08000728   Section        0  isspace.o(.text)
    .text                                    0x0800073c   Section        0  _scanf.o(.text)
    .text                                    0x08000ab0   Section        8  libspace.o(.text)
    .text                                    0x08000ab8   Section       74  sys_stackheap_outer.o(.text)
    .text                                    0x08000b04   Section       16  rt_ctype_table.o(.text)
    .text                                    0x08000b14   Section        0  exit.o(.text)
    .text                                    0x08000b28   Section        8  rt_locale_intlibspace.o(.text)
    .text                                    0x08000b30   Section        0  sys_exit.o(.text)
    .text                                    0x08000b3c   Section      128  strcmpv7m.o(.text)
    .text                                    0x08000bbc   Section        2  use_no_semi.o(.text)
    .text                                    0x08000bbe   Section        0  indicate_semi.o(.text)
    i.BusFault_Handler                       0x08000bbe   Section        0  stm32f4xx_it.o(i.BusFault_Handler)
    i.DMA2_Stream2_IRQHandler                0x08000bc4   Section        0  stm32f4xx_it.o(i.DMA2_Stream2_IRQHandler)
    i.DMA_CalcBaseAndBitshift                0x08000bd4   Section        0  stm32f4xx_hal_dma.o(i.DMA_CalcBaseAndBitshift)
    DMA_CalcBaseAndBitshift                  0x08000bd5   Thumb Code    46  stm32f4xx_hal_dma.o(i.DMA_CalcBaseAndBitshift)
    i.DMA_CheckFifoParam                     0x08000c08   Section        0  stm32f4xx_hal_dma.o(i.DMA_CheckFifoParam)
    DMA_CheckFifoParam                       0x08000c09   Thumb Code   170  stm32f4xx_hal_dma.o(i.DMA_CheckFifoParam)
    i.DMA_SetConfig                          0x08000cb2   Section        0  stm32f4xx_hal_dma.o(i.DMA_SetConfig)
    DMA_SetConfig                            0x08000cb3   Thumb Code    44  stm32f4xx_hal_dma.o(i.DMA_SetConfig)
    i.DebugMon_Handler                       0x08000cde   Section        0  stm32f4xx_it.o(i.DebugMon_Handler)
    i.Error_Handler                          0x08000ce0   Section        0  main.o(i.Error_Handler)
    i.HAL_DMA_Abort                          0x08000ce6   Section        0  stm32f4xx_hal_dma.o(i.HAL_DMA_Abort)
    i.HAL_DMA_Abort_IT                       0x08000d92   Section        0  stm32f4xx_hal_dma.o(i.HAL_DMA_Abort_IT)
    i.HAL_DMA_IRQHandler                     0x08000dbc   Section        0  stm32f4xx_hal_dma.o(i.HAL_DMA_IRQHandler)
    i.HAL_DMA_Init                           0x08000ffc   Section        0  stm32f4xx_hal_dma.o(i.HAL_DMA_Init)
    i.HAL_DMA_Start_IT                       0x080010e8   Section        0  stm32f4xx_hal_dma.o(i.HAL_DMA_Start_IT)
    i.HAL_GPIO_Init                          0x0800117c   Section        0  stm32f4xx_hal_gpio.o(i.HAL_GPIO_Init)
    i.HAL_GPIO_WritePin                      0x08001344   Section        0  stm32f4xx_hal_gpio.o(i.HAL_GPIO_WritePin)
    i.HAL_GetTick                            0x08001350   Section        0  stm32f4xx_hal.o(i.HAL_GetTick)
    i.HAL_IncTick                            0x0800135c   Section        0  stm32f4xx_hal.o(i.HAL_IncTick)
    i.HAL_Init                               0x08001374   Section        0  stm32f4xx_hal.o(i.HAL_Init)
    i.HAL_InitTick                           0x080013b0   Section        0  stm32f4xx_hal.o(i.HAL_InitTick)
    i.HAL_MspInit                            0x080013fc   Section        0  stm32f4xx_hal_msp.o(i.HAL_MspInit)
    i.HAL_NVIC_EnableIRQ                     0x08001444   Section        0  stm32f4xx_hal_cortex.o(i.HAL_NVIC_EnableIRQ)
    i.HAL_NVIC_SetPriority                   0x0800146c   Section        0  stm32f4xx_hal_cortex.o(i.HAL_NVIC_SetPriority)
    i.HAL_NVIC_SetPriorityGrouping           0x080014e8   Section        0  stm32f4xx_hal_cortex.o(i.HAL_NVIC_SetPriorityGrouping)
    i.HAL_RCC_ClockConfig                    0x08001510   Section        0  stm32f4xx_hal_rcc.o(i.HAL_RCC_ClockConfig)
    i.HAL_RCC_GetHCLKFreq                    0x08001694   Section        0  stm32f4xx_hal_rcc.o(i.HAL_RCC_GetHCLKFreq)
    i.HAL_RCC_GetPCLK1Freq                   0x080016a0   Section        0  stm32f4xx_hal_rcc.o(i.HAL_RCC_GetPCLK1Freq)
    i.HAL_RCC_GetPCLK2Freq                   0x080016c0   Section        0  stm32f4xx_hal_rcc.o(i.HAL_RCC_GetPCLK2Freq)
    i.HAL_RCC_GetSysClockFreq                0x080016e0   Section        0  stm32f4xx_hal_rcc.o(i.HAL_RCC_GetSysClockFreq)
    i.HAL_RCC_OscConfig                      0x08001790   Section        0  stm32f4xx_hal_rcc.o(i.HAL_RCC_OscConfig)
    i.HAL_SPI_Init                           0x08001c2c   Section        0  stm32f4xx_hal_spi.o(i.HAL_SPI_Init)
    i.HAL_SPI_MspInit                        0x08001cf4   Section        0  spi.o(i.HAL_SPI_MspInit)
    i.HAL_SYSTICK_Config                     0x08001d7c   Section        0  stm32f4xx_hal_cortex.o(i.HAL_SYSTICK_Config)
    i.HAL_UARTEx_ReceiveToIdle_DMA           0x08001db0   Section        0  stm32f4xx_hal_uart.o(i.HAL_UARTEx_ReceiveToIdle_DMA)
    i.HAL_UARTEx_RxEventCallback             0x08001e20   Section        0  main.o(i.HAL_UARTEx_RxEventCallback)
    i.HAL_UART_ErrorCallback                 0x08001f4c   Section        0  stm32f4xx_hal_uart.o(i.HAL_UART_ErrorCallback)
    i.HAL_UART_IRQHandler                    0x08001f50   Section        0  stm32f4xx_hal_uart.o(i.HAL_UART_IRQHandler)
    i.HAL_UART_Init                          0x08002258   Section        0  stm32f4xx_hal_uart.o(i.HAL_UART_Init)
    i.HAL_UART_MspInit                       0x080022d0   Section        0  usart.o(i.HAL_UART_MspInit)
    i.HAL_UART_RxCpltCallback                0x080023ac   Section        0  stm32f4xx_hal_uart.o(i.HAL_UART_RxCpltCallback)
    i.HAL_UART_RxHalfCpltCallback            0x080023ae   Section        0  stm32f4xx_hal_uart.o(i.HAL_UART_RxHalfCpltCallback)
    i.HAL_UART_TxCpltCallback                0x080023b0   Section        0  stm32f4xx_hal_uart.o(i.HAL_UART_TxCpltCallback)
    i.HardFault_Handler                      0x080023b2   Section        0  stm32f4xx_it.o(i.HardFault_Handler)
    i.MX_DMA_Init                            0x080023b8   Section        0  dma.o(i.MX_DMA_Init)
    i.MX_GPIO_Init                           0x080023f0   Section        0  gpio.o(i.MX_GPIO_Init)
    i.MX_SPI1_Init                           0x08002500   Section        0  spi.o(i.MX_SPI1_Init)
    i.MX_USART1_UART_Init                    0x08002544   Section        0  usart.o(i.MX_USART1_UART_Init)
    i.MemManage_Handler                      0x0800257c   Section        0  stm32f4xx_it.o(i.MemManage_Handler)
    i.NMI_Handler                            0x08002580   Section        0  stm32f4xx_it.o(i.NMI_Handler)
    i.PendSV_Handler                         0x08002584   Section        0  stm32f4xx_it.o(i.PendSV_Handler)
    i.SVC_Handler                            0x08002586   Section        0  stm32f4xx_it.o(i.SVC_Handler)
    i.SysTick_Handler                        0x08002588   Section        0  stm32f4xx_it.o(i.SysTick_Handler)
    i.SystemClock_Config                     0x08002590   Section        0  main.o(i.SystemClock_Config)
    i.SystemInit                             0x08002644   Section        0  system_stm32f4xx.o(i.SystemInit)
    i.UART_DMAAbortOnError                   0x08002658   Section        0  stm32f4xx_hal_uart.o(i.UART_DMAAbortOnError)
    UART_DMAAbortOnError                     0x08002659   Thumb Code    18  stm32f4xx_hal_uart.o(i.UART_DMAAbortOnError)
    i.UART_DMAError                          0x0800266a   Section        0  stm32f4xx_hal_uart.o(i.UART_DMAError)
    UART_DMAError                            0x0800266b   Thumb Code    80  stm32f4xx_hal_uart.o(i.UART_DMAError)
    i.UART_DMAReceiveCplt                    0x080026ba   Section        0  stm32f4xx_hal_uart.o(i.UART_DMAReceiveCplt)
    UART_DMAReceiveCplt                      0x080026bb   Thumb Code   180  stm32f4xx_hal_uart.o(i.UART_DMAReceiveCplt)
    i.UART_DMARxHalfCplt                     0x0800276e   Section        0  stm32f4xx_hal_uart.o(i.UART_DMARxHalfCplt)
    UART_DMARxHalfCplt                       0x0800276f   Thumb Code    36  stm32f4xx_hal_uart.o(i.UART_DMARxHalfCplt)
    i.UART_EndRxTransfer                     0x08002792   Section        0  stm32f4xx_hal_uart.o(i.UART_EndRxTransfer)
    UART_EndRxTransfer                       0x08002793   Thumb Code   108  stm32f4xx_hal_uart.o(i.UART_EndRxTransfer)
    i.UART_EndTransmit_IT                    0x080027fe   Section        0  stm32f4xx_hal_uart.o(i.UART_EndTransmit_IT)
    UART_EndTransmit_IT                      0x080027ff   Thumb Code    32  stm32f4xx_hal_uart.o(i.UART_EndTransmit_IT)
    i.UART_EndTxTransfer                     0x0800281e   Section        0  stm32f4xx_hal_uart.o(i.UART_EndTxTransfer)
    UART_EndTxTransfer                       0x0800281f   Thumb Code    38  stm32f4xx_hal_uart.o(i.UART_EndTxTransfer)
    i.UART_Receive_IT                        0x08002844   Section        0  stm32f4xx_hal_uart.o(i.UART_Receive_IT)
    UART_Receive_IT                          0x08002845   Thumb Code   252  stm32f4xx_hal_uart.o(i.UART_Receive_IT)
    i.UART_SetConfig                         0x08002940   Section        0  stm32f4xx_hal_uart.o(i.UART_SetConfig)
    UART_SetConfig                           0x08002941   Thumb Code   546  stm32f4xx_hal_uart.o(i.UART_SetConfig)
    i.UART_Start_Receive_DMA                 0x08002b6c   Section        0  stm32f4xx_hal_uart.o(i.UART_Start_Receive_DMA)
    i.UART_Transmit_IT                       0x08002c44   Section        0  stm32f4xx_hal_uart.o(i.UART_Transmit_IT)
    UART_Transmit_IT                         0x08002c45   Thumb Code    96  stm32f4xx_hal_uart.o(i.UART_Transmit_IT)
    i.USART1_IRQHandler                      0x08002ca4   Section        0  stm32f4xx_it.o(i.USART1_IRQHandler)
    i.UsageFault_Handler                     0x08002cb4   Section        0  stm32f4xx_it.o(i.UsageFault_Handler)
    i.__ARM_fpclassifyf                      0x08002cb8   Section        0  fpclassifyf.o(i.__ARM_fpclassifyf)
    i.__NVIC_GetPriorityGrouping             0x08002ce0   Section        0  stm32f4xx_hal_cortex.o(i.__NVIC_GetPriorityGrouping)
    __NVIC_GetPriorityGrouping               0x08002ce1   Thumb Code    10  stm32f4xx_hal_cortex.o(i.__NVIC_GetPriorityGrouping)
    i.__NVIC_SetPriority                     0x08002cf0   Section        0  stm32f4xx_hal_cortex.o(i.__NVIC_SetPriority)
    __NVIC_SetPriority                       0x08002cf1   Thumb Code    32  stm32f4xx_hal_cortex.o(i.__NVIC_SetPriority)
    i.__hardfp_cosf                          0x08002d18   Section        0  cosf.o(i.__hardfp_cosf)
    i.__hardfp_sinf                          0x08002e68   Section        0  sinf.o(i.__hardfp_sinf)
    i.__mathlib_flt_infnan                   0x08002ff8   Section        0  funder.o(i.__mathlib_flt_infnan)
    i.__mathlib_flt_invalid                  0x08003000   Section        0  funder.o(i.__mathlib_flt_invalid)
    i.__mathlib_flt_underflow                0x08003010   Section        0  funder.o(i.__mathlib_flt_underflow)
    i.__mathlib_rredf2                       0x08003020   Section        0  rredf.o(i.__mathlib_rredf2)
    i.dac8563_init                           0x08003174   Section        0  dac8563.o(i.dac8563_init)
    i.dac8563_output                         0x080031c8   Section        0  dac8563.o(i.dac8563_output)
    i.dac8563_output_int16                   0x08003200   Section        0  dac8563.o(i.dac8563_output_int16)
    i.dac8563_write                          0x08003218   Section        0  dac8563.o(i.dac8563_write)
    i.draw_circle                            0x08003280   Section        0  main.o(i.draw_circle)
    i.draw_rectangle                         0x0800332c   Section        0  main.o(i.draw_rectangle)
    i.get_next_pose                          0x080033fa   Section        0  main.o(i.get_next_pose)
    i.main                                   0x08003454   Section        0  main.o(i.main)
    i.move                                   0x080035ac   Section        0  main.o(i.move)
    i.zjs_delay_us                           0x080035e8   Section        0  zzy_lib_delay.o(i.zjs_delay_us)
    locale$$code                             0x08003694   Section       44  lc_ctype_c.o(locale$$code)
    x$fpl$fpinit                             0x080036c0   Section       10  fpinit.o(x$fpl$fpinit)
    $v0                                      0x080036c0   Number         0  fpinit.o(x$fpl$fpinit)
    .constdata                               0x080036ca   Section        8  stm32f4xx_hal_dma.o(.constdata)
    x$fpl$usenofp                            0x080036ca   Section        0  usenofp.o(x$fpl$usenofp)
    flagBitshiftOffset                       0x080036ca   Data           8  stm32f4xx_hal_dma.o(.constdata)
    .constdata                               0x080036d2   Section       24  system_stm32f4xx.o(.constdata)
    .constdata                               0x080036ec   Section       32  rredf.o(.constdata)
    twooverpi                                0x080036ec   Data          32  rredf.o(.constdata)
    locale$$data                             0x0800372c   Section      272  lc_ctype_c.o(locale$$data)
    __lcctype_c_name                         0x08003730   Data           2  lc_ctype_c.o(locale$$data)
    __lcctype_c_start                        0x08003738   Data           0  lc_ctype_c.o(locale$$data)
    __lcctype_c_end                          0x0800383c   Data           0  lc_ctype_c.o(locale$$data)
    .data                                    0x20000000   Section        1  main.o(.data)
    .data                                    0x20000004   Section        9  stm32f4xx_hal.o(.data)
    .data                                    0x20000010   Section        4  system_stm32f4xx.o(.data)
    .data                                    0x20000014   Section       12  zzy_lib_delay.o(.data)
    s32Start                                 0x20000014   Data           4  zzy_lib_delay.o(.data)
    s32Goal                                  0x20000018   Data           4  zzy_lib_delay.o(.data)
    s32Val                                   0x2000001c   Data           4  zzy_lib_delay.o(.data)
    .bss                                     0x20000020   Section     1304  main.o(.bss)
    .bss                                     0x20000538   Section       88  spi.o(.bss)
    .bss                                     0x20000590   Section      168  usart.o(.bss)
    .bss                                     0x20000638   Section       96  libspace.o(.bss)
    HEAP                                     0x20000698   Section      512  startup_stm32f401xc.o(HEAP)
    Heap_Mem                                 0x20000698   Data         512  startup_stm32f401xc.o(HEAP)
    STACK                                    0x20000898   Section     1024  startup_stm32f401xc.o(STACK)
    Stack_Mem                                0x20000898   Data        1024  startup_stm32f401xc.o(STACK)
    __initial_sp                             0x20000c98   Data           0  startup_stm32f401xc.o(STACK)

    Global Symbols

    Symbol Name                              Value     Ov Type        Size  Object(Section)

    BuildAttributes$$THM_ISAv4$E$P$D$K$B$S$7EM$VFPi3$EXTD16$VFPS$VFMA$PE$A:L22UL41UL21$X:L11$S22US41US21$IEEE1$IW$USESV6$~STKCKD$USESV7$~SHL$OTIME$ROPI$IEEEX$EBA8$UX$STANDARDLIB$REQ8$PRES8$EABIv2 0x00000000   Number         0  anon$$obj.o ABSOLUTE
    __ARM_use_no_argv                        0x00000000   Number         0  main.o ABSOLUTE
    __ARM_exceptions_init                     - Undefined Weak Reference
    __alloca_initialize                       - Undefined Weak Reference
    __arm_preinit_                            - Undefined Weak Reference
    __cpp_initialize__aeabi_                  - Undefined Weak Reference
    __cxa_finalize                            - Undefined Weak Reference
    __sigvec_lookup                           - Undefined Weak Reference
    _atexit_init                              - Undefined Weak Reference
    _call_atexit_fns                          - Undefined Weak Reference
    _clock_init                               - Undefined Weak Reference
    _fp_trap_init                             - Undefined Weak Reference
    _fp_trap_shutdown                         - Undefined Weak Reference
    _get_lc_collate                           - Undefined Weak Reference
    _get_lc_monetary                          - Undefined Weak Reference
    _get_lc_numeric                           - Undefined Weak Reference
    _get_lc_time                              - Undefined Weak Reference
    _getenv_init                              - Undefined Weak Reference
    _handle_redirection                       - Undefined Weak Reference
    _init_alloc                               - Undefined Weak Reference
    _init_user_alloc                          - Undefined Weak Reference
    _initio                                   - Undefined Weak Reference
    _rand_init                                - Undefined Weak Reference
    _scanf_longlong                           - Undefined Weak Reference
    _scanf_mbtowc                             - Undefined Weak Reference
    _scanf_real                               - Undefined Weak Reference
    _scanf_string                             - Undefined Weak Reference
    _scanf_wctomb                             - Undefined Weak Reference
    _scanf_wstring                            - Undefined Weak Reference
    _signal_finish                            - Undefined Weak Reference
    _signal_init                              - Undefined Weak Reference
    _terminate_alloc                          - Undefined Weak Reference
    _terminate_user_alloc                     - Undefined Weak Reference
    _terminateio                              - Undefined Weak Reference
    __Vectors_Size                           0x00000194   Number         0  startup_stm32f401xc.o ABSOLUTE
    __Vectors                                0x08000000   Data           4  startup_stm32f401xc.o(RESET)
    __Vectors_End                            0x08000194   Data           0  startup_stm32f401xc.o(RESET)
    __main                                   0x08000195   Thumb Code     8  __main.o(!!!main)
    __scatterload                            0x0800019d   Thumb Code     0  __scatter.o(!!!scatter)
    __scatterload_rt2                        0x0800019d   Thumb Code    44  __scatter.o(!!!scatter)
    __scatterload_rt2_thumb_only             0x0800019d   Thumb Code     0  __scatter.o(!!!scatter)
    __scatterload_null                       0x080001ab   Thumb Code     0  __scatter.o(!!!scatter)
    __scatterload_copy                       0x080001d1   Thumb Code    26  __scatter_copy.o(!!handler_copy)
    __scatterload_zeroinit                   0x080001ed   Thumb Code    28  __scatter_zi.o(!!handler_zi)
    __rt_lib_init                            0x08000209   Thumb Code     0  libinit.o(.ARM.Collect$$libinit$$00000000)
    __rt_lib_init_fp_1                       0x0800020b   Thumb Code     0  libinit2.o(.ARM.Collect$$libinit$$00000001)
    __rt_lib_init_heap_1                     0x0800020f   Thumb Code     0  libinit2.o(.ARM.Collect$$libinit$$0000000A)
    __rt_lib_init_lc_common                  0x0800020f   Thumb Code     0  libinit2.o(.ARM.Collect$$libinit$$0000000F)
    __rt_lib_init_preinit_1                  0x0800020f   Thumb Code     0  libinit2.o(.ARM.Collect$$libinit$$00000004)
    __rt_lib_init_rand_1                     0x0800020f   Thumb Code     0  libinit2.o(.ARM.Collect$$libinit$$0000000E)
    __rt_lib_init_user_alloc_1               0x0800020f   Thumb Code     0  libinit2.o(.ARM.Collect$$libinit$$0000000C)
    __rt_lib_init_lc_collate_1               0x08000215   Thumb Code     0  libinit2.o(.ARM.Collect$$libinit$$00000011)
    __rt_lib_init_lc_ctype_2                 0x08000215   Thumb Code     0  libinit2.o(.ARM.Collect$$libinit$$00000012)
    __rt_lib_init_alloca_1                   0x08000221   Thumb Code     0  libinit2.o(.ARM.Collect$$libinit$$0000002E)
    __rt_lib_init_argv_1                     0x08000221   Thumb Code     0  libinit2.o(.ARM.Collect$$libinit$$0000002C)
    __rt_lib_init_atexit_1                   0x08000221   Thumb Code     0  libinit2.o(.ARM.Collect$$libinit$$0000001B)
    __rt_lib_init_clock_1                    0x08000221   Thumb Code     0  libinit2.o(.ARM.Collect$$libinit$$00000021)
    __rt_lib_init_cpp_1                      0x08000221   Thumb Code     0  libinit2.o(.ARM.Collect$$libinit$$00000032)
    __rt_lib_init_exceptions_1               0x08000221   Thumb Code     0  libinit2.o(.ARM.Collect$$libinit$$00000030)
    __rt_lib_init_fp_trap_1                  0x08000221   Thumb Code     0  libinit2.o(.ARM.Collect$$libinit$$0000001F)
    __rt_lib_init_getenv_1                   0x08000221   Thumb Code     0  libinit2.o(.ARM.Collect$$libinit$$00000023)
    __rt_lib_init_lc_ctype_1                 0x08000221   Thumb Code     0  libinit2.o(.ARM.Collect$$libinit$$00000013)
    __rt_lib_init_lc_monetary_1              0x08000221   Thumb Code     0  libinit2.o(.ARM.Collect$$libinit$$00000015)
    __rt_lib_init_lc_numeric_1               0x08000221   Thumb Code     0  libinit2.o(.ARM.Collect$$libinit$$00000017)
    __rt_lib_init_lc_time_1                  0x08000221   Thumb Code     0  libinit2.o(.ARM.Collect$$libinit$$00000019)
    __rt_lib_init_return                     0x08000221   Thumb Code     0  libinit2.o(.ARM.Collect$$libinit$$00000033)
    __rt_lib_init_signal_1                   0x08000221   Thumb Code     0  libinit2.o(.ARM.Collect$$libinit$$0000001D)
    __rt_lib_init_stdio_1                    0x08000221   Thumb Code     0  libinit2.o(.ARM.Collect$$libinit$$00000025)
    __rt_lib_shutdown                        0x08000223   Thumb Code     0  libshutdown.o(.ARM.Collect$$libshutdown$$00000000)
    __rt_lib_shutdown_cpp_1                  0x08000225   Thumb Code     0  libshutdown2.o(.ARM.Collect$$libshutdown$$00000002)
    __rt_lib_shutdown_fp_trap_1              0x08000225   Thumb Code     0  libshutdown2.o(.ARM.Collect$$libshutdown$$00000007)
    __rt_lib_shutdown_heap_1                 0x08000225   Thumb Code     0  libshutdown2.o(.ARM.Collect$$libshutdown$$0000000F)
    __rt_lib_shutdown_return                 0x08000225   Thumb Code     0  libshutdown2.o(.ARM.Collect$$libshutdown$$00000010)
    __rt_lib_shutdown_signal_1               0x08000225   Thumb Code     0  libshutdown2.o(.ARM.Collect$$libshutdown$$0000000A)
    __rt_lib_shutdown_stdio_1                0x08000225   Thumb Code     0  libshutdown2.o(.ARM.Collect$$libshutdown$$00000004)
    __rt_lib_shutdown_user_alloc_1           0x08000225   Thumb Code     0  libshutdown2.o(.ARM.Collect$$libshutdown$$0000000C)
    __rt_entry                               0x08000227   Thumb Code     0  __rtentry.o(.ARM.Collect$$rtentry$$00000000)
    __rt_entry_presh_1                       0x08000227   Thumb Code     0  __rtentry2.o(.ARM.Collect$$rtentry$$00000002)
    __rt_entry_sh                            0x08000227   Thumb Code     0  __rtentry4.o(.ARM.Collect$$rtentry$$00000004)
    __rt_entry_li                            0x0800022d   Thumb Code     0  __rtentry2.o(.ARM.Collect$$rtentry$$0000000A)
    __rt_entry_postsh_1                      0x0800022d   Thumb Code     0  __rtentry2.o(.ARM.Collect$$rtentry$$00000009)
    __rt_entry_main                          0x08000231   Thumb Code     0  __rtentry2.o(.ARM.Collect$$rtentry$$0000000D)
    __rt_entry_postli_1                      0x08000231   Thumb Code     0  __rtentry2.o(.ARM.Collect$$rtentry$$0000000C)
    __rt_exit                                0x08000239   Thumb Code     0  rtexit.o(.ARM.Collect$$rtexit$$00000000)
    __rt_exit_ls                             0x0800023b   Thumb Code     0  rtexit2.o(.ARM.Collect$$rtexit$$00000003)
    __rt_exit_prels_1                        0x0800023b   Thumb Code     0  rtexit2.o(.ARM.Collect$$rtexit$$00000002)
    __rt_exit_exit                           0x0800023f   Thumb Code     0  rtexit2.o(.ARM.Collect$$rtexit$$00000004)
    Reset_Handler                            0x08000245   Thumb Code     8  startup_stm32f401xc.o(.text)
    ADC_IRQHandler                           0x0800025f   Thumb Code     0  startup_stm32f401xc.o(.text)
    DMA1_Stream0_IRQHandler                  0x0800025f   Thumb Code     0  startup_stm32f401xc.o(.text)
    DMA1_Stream1_IRQHandler                  0x0800025f   Thumb Code     0  startup_stm32f401xc.o(.text)
    DMA1_Stream2_IRQHandler                  0x0800025f   Thumb Code     0  startup_stm32f401xc.o(.text)
    DMA1_Stream3_IRQHandler                  0x0800025f   Thumb Code     0  startup_stm32f401xc.o(.text)
    DMA1_Stream4_IRQHandler                  0x0800025f   Thumb Code     0  startup_stm32f401xc.o(.text)
    DMA1_Stream5_IRQHandler                  0x0800025f   Thumb Code     0  startup_stm32f401xc.o(.text)
    DMA1_Stream6_IRQHandler                  0x0800025f   Thumb Code     0  startup_stm32f401xc.o(.text)
    DMA1_Stream7_IRQHandler                  0x0800025f   Thumb Code     0  startup_stm32f401xc.o(.text)
    DMA2_Stream0_IRQHandler                  0x0800025f   Thumb Code     0  startup_stm32f401xc.o(.text)
    DMA2_Stream1_IRQHandler                  0x0800025f   Thumb Code     0  startup_stm32f401xc.o(.text)
    DMA2_Stream3_IRQHandler                  0x0800025f   Thumb Code     0  startup_stm32f401xc.o(.text)
    DMA2_Stream4_IRQHandler                  0x0800025f   Thumb Code     0  startup_stm32f401xc.o(.text)
    DMA2_Stream5_IRQHandler                  0x0800025f   Thumb Code     0  startup_stm32f401xc.o(.text)
    DMA2_Stream6_IRQHandler                  0x0800025f   Thumb Code     0  startup_stm32f401xc.o(.text)
    DMA2_Stream7_IRQHandler                  0x0800025f   Thumb Code     0  startup_stm32f401xc.o(.text)
    EXTI0_IRQHandler                         0x0800025f   Thumb Code     0  startup_stm32f401xc.o(.text)
    EXTI15_10_IRQHandler                     0x0800025f   Thumb Code     0  startup_stm32f401xc.o(.text)
    EXTI1_IRQHandler                         0x0800025f   Thumb Code     0  startup_stm32f401xc.o(.text)
    EXTI2_IRQHandler                         0x0800025f   Thumb Code     0  startup_stm32f401xc.o(.text)
    EXTI3_IRQHandler                         0x0800025f   Thumb Code     0  startup_stm32f401xc.o(.text)
    EXTI4_IRQHandler                         0x0800025f   Thumb Code     0  startup_stm32f401xc.o(.text)
    EXTI9_5_IRQHandler                       0x0800025f   Thumb Code     0  startup_stm32f401xc.o(.text)
    FLASH_IRQHandler                         0x0800025f   Thumb Code     0  startup_stm32f401xc.o(.text)
    FPU_IRQHandler                           0x0800025f   Thumb Code     0  startup_stm32f401xc.o(.text)
    I2C1_ER_IRQHandler                       0x0800025f   Thumb Code     0  startup_stm32f401xc.o(.text)
    I2C1_EV_IRQHandler                       0x0800025f   Thumb Code     0  startup_stm32f401xc.o(.text)
    I2C2_ER_IRQHandler                       0x0800025f   Thumb Code     0  startup_stm32f401xc.o(.text)
    I2C2_EV_IRQHandler                       0x0800025f   Thumb Code     0  startup_stm32f401xc.o(.text)
    I2C3_ER_IRQHandler                       0x0800025f   Thumb Code     0  startup_stm32f401xc.o(.text)
    I2C3_EV_IRQHandler                       0x0800025f   Thumb Code     0  startup_stm32f401xc.o(.text)
    OTG_FS_IRQHandler                        0x0800025f   Thumb Code     0  startup_stm32f401xc.o(.text)
    OTG_FS_WKUP_IRQHandler                   0x0800025f   Thumb Code     0  startup_stm32f401xc.o(.text)
    PVD_IRQHandler                           0x0800025f   Thumb Code     0  startup_stm32f401xc.o(.text)
    RCC_IRQHandler                           0x0800025f   Thumb Code     0  startup_stm32f401xc.o(.text)
    RTC_Alarm_IRQHandler                     0x0800025f   Thumb Code     0  startup_stm32f401xc.o(.text)
    RTC_WKUP_IRQHandler                      0x0800025f   Thumb Code     0  startup_stm32f401xc.o(.text)
    SDIO_IRQHandler                          0x0800025f   Thumb Code     0  startup_stm32f401xc.o(.text)
    SPI1_IRQHandler                          0x0800025f   Thumb Code     0  startup_stm32f401xc.o(.text)
    SPI2_IRQHandler                          0x0800025f   Thumb Code     0  startup_stm32f401xc.o(.text)
    SPI3_IRQHandler                          0x0800025f   Thumb Code     0  startup_stm32f401xc.o(.text)
    SPI4_IRQHandler                          0x0800025f   Thumb Code     0  startup_stm32f401xc.o(.text)
    TAMP_STAMP_IRQHandler                    0x0800025f   Thumb Code     0  startup_stm32f401xc.o(.text)
    TIM1_BRK_TIM9_IRQHandler                 0x0800025f   Thumb Code     0  startup_stm32f401xc.o(.text)
    TIM1_CC_IRQHandler                       0x0800025f   Thumb Code     0  startup_stm32f401xc.o(.text)
    TIM1_TRG_COM_TIM11_IRQHandler            0x0800025f   Thumb Code     0  startup_stm32f401xc.o(.text)
    TIM1_UP_TIM10_IRQHandler                 0x0800025f   Thumb Code     0  startup_stm32f401xc.o(.text)
    TIM2_IRQHandler                          0x0800025f   Thumb Code     0  startup_stm32f401xc.o(.text)
    TIM3_IRQHandler                          0x0800025f   Thumb Code     0  startup_stm32f401xc.o(.text)
    TIM4_IRQHandler                          0x0800025f   Thumb Code     0  startup_stm32f401xc.o(.text)
    TIM5_IRQHandler                          0x0800025f   Thumb Code     0  startup_stm32f401xc.o(.text)
    USART2_IRQHandler                        0x0800025f   Thumb Code     0  startup_stm32f401xc.o(.text)
    USART6_IRQHandler                        0x0800025f   Thumb Code     0  startup_stm32f401xc.o(.text)
    WWDG_IRQHandler                          0x0800025f   Thumb Code     0  startup_stm32f401xc.o(.text)
    __user_initial_stackheap                 0x08000261   Thumb Code     0  startup_stm32f401xc.o(.text)
    __aeabi_uldivmod                         0x08000285   Thumb Code     0  lludivv7m.o(.text)
    _ll_udiv                                 0x08000285   Thumb Code   238  lludivv7m.o(.text)
    __0sscanf                                0x08000375   Thumb Code    52  __0sscanf.o(.text)
    _scanf_int                               0x080003b1   Thumb Code   332  _scanf_int.o(.text)
    __aeabi_memcpy                           0x080004fd   Thumb Code     0  rt_memcpy_v6.o(.text)
    __rt_memcpy                              0x080004fd   Thumb Code   138  rt_memcpy_v6.o(.text)
    _memcpy_lastbytes                        0x08000563   Thumb Code     0  rt_memcpy_v6.o(.text)
    __aeabi_memclr                           0x08000587   Thumb Code     0  rt_memclr.o(.text)
    __rt_memclr                              0x08000587   Thumb Code    68  rt_memclr.o(.text)
    _memset                                  0x0800058b   Thumb Code     0  rt_memclr.o(.text)
    __aeabi_memclr4                          0x080005cb   Thumb Code     0  rt_memclr_w.o(.text)
    __aeabi_memclr8                          0x080005cb   Thumb Code     0  rt_memclr_w.o(.text)
    __rt_memclr_w                            0x080005cb   Thumb Code    78  rt_memclr_w.o(.text)
    _memset_w                                0x080005cf   Thumb Code     0  rt_memclr_w.o(.text)
    __use_two_region_memory                  0x08000619   Thumb Code     2  heapauxi.o(.text)
    __rt_heap_escrow$2region                 0x0800061b   Thumb Code     2  heapauxi.o(.text)
    __rt_heap_expand$2region                 0x0800061d   Thumb Code     2  heapauxi.o(.text)
    __read_errno                             0x0800061f   Thumb Code    10  _rserrno.o(.text)
    __set_errno                              0x08000629   Thumb Code    12  _rserrno.o(.text)
    _chval                                   0x08000635   Thumb Code    28  _chval.o(.text)
    __vfscanf_char                           0x0800065d   Thumb Code    24  scanf_char.o(.text)
    _sgetc                                   0x0800067d   Thumb Code    30  _sgetc.o(.text)
    _sbackspace                              0x0800069b   Thumb Code    34  _sgetc.o(.text)
    __aeabi_memcpy4                          0x080006bd   Thumb Code     0  rt_memcpy_w.o(.text)
    __aeabi_memcpy8                          0x080006bd   Thumb Code     0  rt_memcpy_w.o(.text)
    __rt_memcpy_w                            0x080006bd   Thumb Code   100  rt_memcpy_w.o(.text)
    _memcpy_lastbytes_aligned                0x08000705   Thumb Code     0  rt_memcpy_w.o(.text)
    __aeabi_errno_addr                       0x08000721   Thumb Code     8  rt_errno_addr_intlibspace.o(.text)
    __errno$intlibspace                      0x08000721   Thumb Code     0  rt_errno_addr_intlibspace.o(.text)
    __rt_errno_addr$intlibspace              0x08000721   Thumb Code     0  rt_errno_addr_intlibspace.o(.text)
    isspace                                  0x08000729   Thumb Code    18  isspace.o(.text)
    __vfscanf                                0x0800073d   Thumb Code   878  _scanf.o(.text)
    __user_libspace                          0x08000ab1   Thumb Code     8  libspace.o(.text)
    __user_perproc_libspace                  0x08000ab1   Thumb Code     0  libspace.o(.text)
    __user_perthread_libspace                0x08000ab1   Thumb Code     0  libspace.o(.text)
    __user_setup_stackheap                   0x08000ab9   Thumb Code    74  sys_stackheap_outer.o(.text)
    __rt_ctype_table                         0x08000b05   Thumb Code    16  rt_ctype_table.o(.text)
    exit                                     0x08000b15   Thumb Code    18  exit.o(.text)
    __rt_locale                              0x08000b29   Thumb Code     8  rt_locale_intlibspace.o(.text)
    _sys_exit                                0x08000b31   Thumb Code     8  sys_exit.o(.text)
    strcmp                                   0x08000b3d   Thumb Code   128  strcmpv7m.o(.text)
    __I$use$semihosting                      0x08000bbd   Thumb Code     0  use_no_semi.o(.text)
    __use_no_semihosting_swi                 0x08000bbd   Thumb Code     2  use_no_semi.o(.text)
    BusFault_Handler                         0x08000bbf   Thumb Code     4  stm32f4xx_it.o(i.BusFault_Handler)
    __semihosting_library_function           0x08000bbf   Thumb Code     0  indicate_semi.o(.text)
    DMA2_Stream2_IRQHandler                  0x08000bc5   Thumb Code    10  stm32f4xx_it.o(i.DMA2_Stream2_IRQHandler)
    DebugMon_Handler                         0x08000cdf   Thumb Code     2  stm32f4xx_it.o(i.DebugMon_Handler)
    Error_Handler                            0x08000ce1   Thumb Code     6  main.o(i.Error_Handler)
    HAL_DMA_Abort                            0x08000ce7   Thumb Code   172  stm32f4xx_hal_dma.o(i.HAL_DMA_Abort)
    HAL_DMA_Abort_IT                         0x08000d93   Thumb Code    40  stm32f4xx_hal_dma.o(i.HAL_DMA_Abort_IT)
    HAL_DMA_IRQHandler                       0x08000dbd   Thumb Code   570  stm32f4xx_hal_dma.o(i.HAL_DMA_IRQHandler)
    HAL_DMA_Init                             0x08000ffd   Thumb Code   232  stm32f4xx_hal_dma.o(i.HAL_DMA_Init)
    HAL_DMA_Start_IT                         0x080010e9   Thumb Code   146  stm32f4xx_hal_dma.o(i.HAL_DMA_Start_IT)
    HAL_GPIO_Init                            0x0800117d   Thumb Code   424  stm32f4xx_hal_gpio.o(i.HAL_GPIO_Init)
    HAL_GPIO_WritePin                        0x08001345   Thumb Code    12  stm32f4xx_hal_gpio.o(i.HAL_GPIO_WritePin)
    HAL_GetTick                              0x08001351   Thumb Code     6  stm32f4xx_hal.o(i.HAL_GetTick)
    HAL_IncTick                              0x0800135d   Thumb Code    16  stm32f4xx_hal.o(i.HAL_IncTick)
    HAL_Init                                 0x08001375   Thumb Code    54  stm32f4xx_hal.o(i.HAL_Init)
    HAL_InitTick                             0x080013b1   Thumb Code    64  stm32f4xx_hal.o(i.HAL_InitTick)
    HAL_MspInit                              0x080013fd   Thumb Code    68  stm32f4xx_hal_msp.o(i.HAL_MspInit)
    HAL_NVIC_EnableIRQ                       0x08001445   Thumb Code    40  stm32f4xx_hal_cortex.o(i.HAL_NVIC_EnableIRQ)
    HAL_NVIC_SetPriority                     0x0800146d   Thumb Code   124  stm32f4xx_hal_cortex.o(i.HAL_NVIC_SetPriority)
    HAL_NVIC_SetPriorityGrouping             0x080014e9   Thumb Code    32  stm32f4xx_hal_cortex.o(i.HAL_NVIC_SetPriorityGrouping)
    HAL_RCC_ClockConfig                      0x08001511   Thumb Code   368  stm32f4xx_hal_rcc.o(i.HAL_RCC_ClockConfig)
    HAL_RCC_GetHCLKFreq                      0x08001695   Thumb Code     6  stm32f4xx_hal_rcc.o(i.HAL_RCC_GetHCLKFreq)
    HAL_RCC_GetPCLK1Freq                     0x080016a1   Thumb Code    22  stm32f4xx_hal_rcc.o(i.HAL_RCC_GetPCLK1Freq)
    HAL_RCC_GetPCLK2Freq                     0x080016c1   Thumb Code    22  stm32f4xx_hal_rcc.o(i.HAL_RCC_GetPCLK2Freq)
    HAL_RCC_GetSysClockFreq                  0x080016e1   Thumb Code   162  stm32f4xx_hal_rcc.o(i.HAL_RCC_GetSysClockFreq)
    HAL_RCC_OscConfig                        0x08001791   Thumb Code  1172  stm32f4xx_hal_rcc.o(i.HAL_RCC_OscConfig)
    HAL_SPI_Init                             0x08001c2d   Thumb Code   200  stm32f4xx_hal_spi.o(i.HAL_SPI_Init)
    HAL_SPI_MspInit                          0x08001cf5   Thumb Code   122  spi.o(i.HAL_SPI_MspInit)
    HAL_SYSTICK_Config                       0x08001d7d   Thumb Code    52  stm32f4xx_hal_cortex.o(i.HAL_SYSTICK_Config)
    HAL_UARTEx_ReceiveToIdle_DMA             0x08001db1   Thumb Code   112  stm32f4xx_hal_uart.o(i.HAL_UARTEx_ReceiveToIdle_DMA)
    HAL_UARTEx_RxEventCallback               0x08001e21   Thumb Code   254  main.o(i.HAL_UARTEx_RxEventCallback)
    HAL_UART_ErrorCallback                   0x08001f4d   Thumb Code     2  stm32f4xx_hal_uart.o(i.HAL_UART_ErrorCallback)
    HAL_UART_IRQHandler                      0x08001f51   Thumb Code   772  stm32f4xx_hal_uart.o(i.HAL_UART_IRQHandler)
    HAL_UART_Init                            0x08002259   Thumb Code   118  stm32f4xx_hal_uart.o(i.HAL_UART_Init)
    HAL_UART_MspInit                         0x080022d1   Thumb Code   198  usart.o(i.HAL_UART_MspInit)
    HAL_UART_RxCpltCallback                  0x080023ad   Thumb Code     2  stm32f4xx_hal_uart.o(i.HAL_UART_RxCpltCallback)
    HAL_UART_RxHalfCpltCallback              0x080023af   Thumb Code     2  stm32f4xx_hal_uart.o(i.HAL_UART_RxHalfCpltCallback)
    HAL_UART_TxCpltCallback                  0x080023b1   Thumb Code     2  stm32f4xx_hal_uart.o(i.HAL_UART_TxCpltCallback)
    HardFault_Handler                        0x080023b3   Thumb Code     4  stm32f4xx_it.o(i.HardFault_Handler)
    MX_DMA_Init                              0x080023b9   Thumb Code    52  dma.o(i.MX_DMA_Init)
    MX_GPIO_Init                             0x080023f1   Thumb Code   254  gpio.o(i.MX_GPIO_Init)
    MX_SPI1_Init                             0x08002501   Thumb Code    60  spi.o(i.MX_SPI1_Init)
    MX_USART1_UART_Init                      0x08002545   Thumb Code    44  usart.o(i.MX_USART1_UART_Init)
    MemManage_Handler                        0x0800257d   Thumb Code     4  stm32f4xx_it.o(i.MemManage_Handler)
    NMI_Handler                              0x08002581   Thumb Code     4  stm32f4xx_it.o(i.NMI_Handler)
    PendSV_Handler                           0x08002585   Thumb Code     2  stm32f4xx_it.o(i.PendSV_Handler)
    SVC_Handler                              0x08002587   Thumb Code     2  stm32f4xx_it.o(i.SVC_Handler)
    SysTick_Handler                          0x08002589   Thumb Code     8  stm32f4xx_it.o(i.SysTick_Handler)
    SystemClock_Config                       0x08002591   Thumb Code   172  main.o(i.SystemClock_Config)
    SystemInit                               0x08002645   Thumb Code    14  system_stm32f4xx.o(i.SystemInit)
    UART_Start_Receive_DMA                   0x08002b6d   Thumb Code   202  stm32f4xx_hal_uart.o(i.UART_Start_Receive_DMA)
    USART1_IRQHandler                        0x08002ca5   Thumb Code    10  stm32f4xx_it.o(i.USART1_IRQHandler)
    UsageFault_Handler                       0x08002cb5   Thumb Code     4  stm32f4xx_it.o(i.UsageFault_Handler)
    __ARM_fpclassifyf                        0x08002cb9   Thumb Code    38  fpclassifyf.o(i.__ARM_fpclassifyf)
    __hardfp_cosf                            0x08002d19   Thumb Code   280  cosf.o(i.__hardfp_cosf)
    __hardfp_sinf                            0x08002e69   Thumb Code   344  sinf.o(i.__hardfp_sinf)
    __mathlib_flt_infnan                     0x08002ff9   Thumb Code     6  funder.o(i.__mathlib_flt_infnan)
    __mathlib_flt_invalid                    0x08003001   Thumb Code    10  funder.o(i.__mathlib_flt_invalid)
    __mathlib_flt_underflow                  0x08003011   Thumb Code    10  funder.o(i.__mathlib_flt_underflow)
    __mathlib_rredf2                         0x08003021   Thumb Code   316  rredf.o(i.__mathlib_rredf2)
    dac8563_init                             0x08003175   Thumb Code    74  dac8563.o(i.dac8563_init)
    dac8563_output                           0x080031c9   Thumb Code    50  dac8563.o(i.dac8563_output)
    dac8563_output_int16                     0x08003201   Thumb Code    24  dac8563.o(i.dac8563_output_int16)
    dac8563_write                            0x08003219   Thumb Code    96  dac8563.o(i.dac8563_write)
    draw_circle                              0x08003281   Thumb Code   162  main.o(i.draw_circle)
    draw_rectangle                           0x0800332d   Thumb Code   206  main.o(i.draw_rectangle)
    get_next_pose                            0x080033fb   Thumb Code    88  main.o(i.get_next_pose)
    main                                     0x08003455   Thumb Code   314  main.o(i.main)
    move                                     0x080035ad   Thumb Code    54  main.o(i.move)
    zjs_delay_us                             0x080035e9   Thumb Code   156  zzy_lib_delay.o(i.zjs_delay_us)
    _get_lc_ctype                            0x08003695   Thumb Code    44  lc_ctype_c.o(locale$$code)
    _fp_init                                 0x080036c1   Thumb Code    10  fpinit.o(x$fpl$fpinit)
    __fplib_config_fpu_vfp                   0x080036c9   Thumb Code     0  fpinit.o(x$fpl$fpinit)
    __fplib_config_pureend_doubles           0x080036c9   Thumb Code     0  fpinit.o(x$fpl$fpinit)
    __I$use$fp                               0x080036ca   Number         0  usenofp.o(x$fpl$usenofp)
    AHBPrescTable                            0x080036d2   Data          16  system_stm32f4xx.o(.constdata)
    APBPrescTable                            0x080036e2   Data           8  system_stm32f4xx.o(.constdata)
    Region$$Table$$Base                      0x0800370c   Number         0  anon$$obj.o(Region$$Table)
    Region$$Table$$Limit                     0x0800372c   Number         0  anon$$obj.o(Region$$Table)
    __ctype                                  0x08003739   Data           0  lc_ctype_c.o(locale$$data)
    flag_update                              0x20000000   Data           1  main.o(.data)
    uwTick                                   0x20000004   Data           4  stm32f4xx_hal.o(.data)
    uwTickPrio                               0x20000008   Data           4  stm32f4xx_hal.o(.data)
    uwTickFreq                               0x2000000c   Data           1  stm32f4xx_hal.o(.data)
    SystemCoreClock                          0x20000010   Data           4  system_stm32f4xx.o(.data)
    uart1_rx_buf                             0x20000020   Data        1024  main.o(.bss)
    task_buf                                 0x20000420   Data         140  main.o(.bss)
    task_buf_1                               0x200004ac   Data         140  main.o(.bss)
    hspi1                                    0x20000538   Data          88  spi.o(.bss)
    huart1                                   0x20000590   Data          72  usart.o(.bss)
    hdma_usart1_rx                           0x200005d8   Data          96  usart.o(.bss)
    __libspace_start                         0x20000638   Data          96  libspace.o(.bss)
    __temporary_stack_top$libspace           0x20000698   Data           0  libspace.o(.bss)



==============================================================================

Memory Map of the image

  Image Entry point : 0x08000195

  Load Region LR_IROM1 (Base: 0x08000000, Size: 0x0000385c, Max: 0x00040000, ABSOLUTE)

    Execution Region ER_IROM1 (Exec base: 0x08000000, Load base: 0x08000000, Size: 0x0000383c, Max: 0x00040000, ABSOLUTE)

    Exec Addr    Load Addr    Size         Type   Attr      Idx    E Section Name        Object

    0x08000000   0x08000000   0x00000194   Data   RO            3    RESET               startup_stm32f401xc.o
    0x08000194   0x08000194   0x00000008   Code   RO         2555  * !!!main             c_w.l(__main.o)
    0x0800019c   0x0800019c   0x00000034   Code   RO         2797    !!!scatter          c_w.l(__scatter.o)
    0x080001d0   0x080001d0   0x0000001a   Code   RO         2799    !!handler_copy      c_w.l(__scatter_copy.o)
    0x080001ea   0x080001ea   0x00000002   PAD
    0x080001ec   0x080001ec   0x0000001c   Code   RO         2801    !!handler_zi        c_w.l(__scatter_zi.o)
    0x08000208   0x08000208   0x00000002   Code   RO         2660    .ARM.Collect$$libinit$$00000000  c_w.l(libinit.o)
    0x0800020a   0x0800020a   0x00000004   Code   RO         2677    .ARM.Collect$$libinit$$00000001  c_w.l(libinit2.o)
    0x0800020e   0x0800020e   0x00000000   Code   RO         2680    .ARM.Collect$$libinit$$00000004  c_w.l(libinit2.o)
    0x0800020e   0x0800020e   0x00000000   Code   RO         2683    .ARM.Collect$$libinit$$0000000A  c_w.l(libinit2.o)
    0x0800020e   0x0800020e   0x00000000   Code   RO         2685    .ARM.Collect$$libinit$$0000000C  c_w.l(libinit2.o)
    0x0800020e   0x0800020e   0x00000000   Code   RO         2687    .ARM.Collect$$libinit$$0000000E  c_w.l(libinit2.o)
    0x0800020e   0x0800020e   0x00000006   Code   RO         2688    .ARM.Collect$$libinit$$0000000F  c_w.l(libinit2.o)
    0x08000214   0x08000214   0x00000000   Code   RO         2690    .ARM.Collect$$libinit$$00000011  c_w.l(libinit2.o)
    0x08000214   0x08000214   0x0000000c   Code   RO         2691    .ARM.Collect$$libinit$$00000012  c_w.l(libinit2.o)
    0x08000220   0x08000220   0x00000000   Code   RO         2692    .ARM.Collect$$libinit$$00000013  c_w.l(libinit2.o)
    0x08000220   0x08000220   0x00000000   Code   RO         2694    .ARM.Collect$$libinit$$00000015  c_w.l(libinit2.o)
    0x08000220   0x08000220   0x00000000   Code   RO         2696    .ARM.Collect$$libinit$$00000017  c_w.l(libinit2.o)
    0x08000220   0x08000220   0x00000000   Code   RO         2698    .ARM.Collect$$libinit$$00000019  c_w.l(libinit2.o)
    0x08000220   0x08000220   0x00000000   Code   RO         2700    .ARM.Collect$$libinit$$0000001B  c_w.l(libinit2.o)
    0x08000220   0x08000220   0x00000000   Code   RO         2702    .ARM.Collect$$libinit$$0000001D  c_w.l(libinit2.o)
    0x08000220   0x08000220   0x00000000   Code   RO         2704    .ARM.Collect$$libinit$$0000001F  c_w.l(libinit2.o)
    0x08000220   0x08000220   0x00000000   Code   RO         2706    .ARM.Collect$$libinit$$00000021  c_w.l(libinit2.o)
    0x08000220   0x08000220   0x00000000   Code   RO         2708    .ARM.Collect$$libinit$$00000023  c_w.l(libinit2.o)
    0x08000220   0x08000220   0x00000000   Code   RO         2710    .ARM.Collect$$libinit$$00000025  c_w.l(libinit2.o)
    0x08000220   0x08000220   0x00000000   Code   RO         2714    .ARM.Collect$$libinit$$0000002C  c_w.l(libinit2.o)
    0x08000220   0x08000220   0x00000000   Code   RO         2716    .ARM.Collect$$libinit$$0000002E  c_w.l(libinit2.o)
    0x08000220   0x08000220   0x00000000   Code   RO         2718    .ARM.Collect$$libinit$$00000030  c_w.l(libinit2.o)
    0x08000220   0x08000220   0x00000000   Code   RO         2720    .ARM.Collect$$libinit$$00000032  c_w.l(libinit2.o)
    0x08000220   0x08000220   0x00000002   Code   RO         2721    .ARM.Collect$$libinit$$00000033  c_w.l(libinit2.o)
    0x08000222   0x08000222   0x00000002   Code   RO         2754    .ARM.Collect$$libshutdown$$00000000  c_w.l(libshutdown.o)
    0x08000224   0x08000224   0x00000000   Code   RO         2780    .ARM.Collect$$libshutdown$$00000002  c_w.l(libshutdown2.o)
    0x08000224   0x08000224   0x00000000   Code   RO         2782    .ARM.Collect$$libshutdown$$00000004  c_w.l(libshutdown2.o)
    0x08000224   0x08000224   0x00000000   Code   RO         2785    .ARM.Collect$$libshutdown$$00000007  c_w.l(libshutdown2.o)
    0x08000224   0x08000224   0x00000000   Code   RO         2788    .ARM.Collect$$libshutdown$$0000000A  c_w.l(libshutdown2.o)
    0x08000224   0x08000224   0x00000000   Code   RO         2790    .ARM.Collect$$libshutdown$$0000000C  c_w.l(libshutdown2.o)
    0x08000224   0x08000224   0x00000000   Code   RO         2793    .ARM.Collect$$libshutdown$$0000000F  c_w.l(libshutdown2.o)
    0x08000224   0x08000224   0x00000002   Code   RO         2794    .ARM.Collect$$libshutdown$$00000010  c_w.l(libshutdown2.o)
    0x08000226   0x08000226   0x00000000   Code   RO         2581    .ARM.Collect$$rtentry$$00000000  c_w.l(__rtentry.o)
    0x08000226   0x08000226   0x00000000   Code   RO         2617    .ARM.Collect$$rtentry$$00000002  c_w.l(__rtentry2.o)
    0x08000226   0x08000226   0x00000006   Code   RO         2629    .ARM.Collect$$rtentry$$00000004  c_w.l(__rtentry4.o)
    0x0800022c   0x0800022c   0x00000000   Code   RO         2619    .ARM.Collect$$rtentry$$00000009  c_w.l(__rtentry2.o)
    0x0800022c   0x0800022c   0x00000004   Code   RO         2620    .ARM.Collect$$rtentry$$0000000A  c_w.l(__rtentry2.o)
    0x08000230   0x08000230   0x00000000   Code   RO         2622    .ARM.Collect$$rtentry$$0000000C  c_w.l(__rtentry2.o)
    0x08000230   0x08000230   0x00000008   Code   RO         2623    .ARM.Collect$$rtentry$$0000000D  c_w.l(__rtentry2.o)
    0x08000238   0x08000238   0x00000002   Code   RO         2661    .ARM.Collect$$rtexit$$00000000  c_w.l(rtexit.o)
    0x0800023a   0x0800023a   0x00000000   Code   RO         2725    .ARM.Collect$$rtexit$$00000002  c_w.l(rtexit2.o)
    0x0800023a   0x0800023a   0x00000004   Code   RO         2726    .ARM.Collect$$rtexit$$00000003  c_w.l(rtexit2.o)
    0x0800023e   0x0800023e   0x00000006   Code   RO         2727    .ARM.Collect$$rtexit$$00000004  c_w.l(rtexit2.o)
    0x08000244   0x08000244   0x00000040   Code   RO            4    .text               startup_stm32f401xc.o
    0x08000284   0x08000284   0x000000ee   Code   RO         2541    .text               c_w.l(lludivv7m.o)
    0x08000372   0x08000372   0x00000002   PAD
    0x08000374   0x08000374   0x0000003c   Code   RO         2543    .text               c_w.l(__0sscanf.o)
    0x080003b0   0x080003b0   0x0000014c   Code   RO         2545    .text               c_w.l(_scanf_int.o)
    0x080004fc   0x080004fc   0x0000008a   Code   RO         2547    .text               c_w.l(rt_memcpy_v6.o)
    0x08000586   0x08000586   0x00000044   Code   RO         2549    .text               c_w.l(rt_memclr.o)
    0x080005ca   0x080005ca   0x0000004e   Code   RO         2551    .text               c_w.l(rt_memclr_w.o)
    0x08000618   0x08000618   0x00000006   Code   RO         2553    .text               c_w.l(heapauxi.o)
    0x0800061e   0x0800061e   0x00000016   Code   RO         2586    .text               c_w.l(_rserrno.o)
    0x08000634   0x08000634   0x0000001c   Code   RO         2588    .text               c_w.l(_chval.o)
    0x08000650   0x08000650   0x0000002c   Code   RO         2590    .text               c_w.l(scanf_char.o)
    0x0800067c   0x0800067c   0x00000040   Code   RO         2592    .text               c_w.l(_sgetc.o)
    0x080006bc   0x080006bc   0x00000064   Code   RO         2594    .text               c_w.l(rt_memcpy_w.o)
    0x08000720   0x08000720   0x00000008   Code   RO         2636    .text               c_w.l(rt_errno_addr_intlibspace.o)
    0x08000728   0x08000728   0x00000012   Code   RO         2638    .text               c_w.l(isspace.o)
    0x0800073a   0x0800073a   0x00000002   PAD
    0x0800073c   0x0800073c   0x00000374   Code   RO         2640    .text               c_w.l(_scanf.o)
    0x08000ab0   0x08000ab0   0x00000008   Code   RO         2642    .text               c_w.l(libspace.o)
    0x08000ab8   0x08000ab8   0x0000004a   Code   RO         2645    .text               c_w.l(sys_stackheap_outer.o)
    0x08000b02   0x08000b02   0x00000002   PAD
    0x08000b04   0x08000b04   0x00000010   Code   RO         2647    .text               c_w.l(rt_ctype_table.o)
    0x08000b14   0x08000b14   0x00000012   Code   RO         2649    .text               c_w.l(exit.o)
    0x08000b26   0x08000b26   0x00000002   PAD
    0x08000b28   0x08000b28   0x00000008   Code   RO         2668    .text               c_w.l(rt_locale_intlibspace.o)
    0x08000b30   0x08000b30   0x0000000c   Code   RO         2722    .text               c_w.l(sys_exit.o)
    0x08000b3c   0x08000b3c   0x00000080   Code   RO         2735    .text               c_w.l(strcmpv7m.o)
    0x08000bbc   0x08000bbc   0x00000002   Code   RO         2743    .text               c_w.l(use_no_semi.o)
    0x08000bbe   0x08000bbe   0x00000000   Code   RO         2745    .text               c_w.l(indicate_semi.o)
    0x08000bbe   0x08000bbe   0x00000004   Code   RO          348    i.BusFault_Handler  stm32f4xx_it.o
    0x08000bc2   0x08000bc2   0x00000002   PAD
    0x08000bc4   0x08000bc4   0x00000010   Code   RO          349    i.DMA2_Stream2_IRQHandler  stm32f4xx_it.o
    0x08000bd4   0x08000bd4   0x00000034   Code   RO         1320    i.DMA_CalcBaseAndBitshift  stm32f4xx_hal_dma.o
    0x08000c08   0x08000c08   0x000000aa   Code   RO         1321    i.DMA_CheckFifoParam  stm32f4xx_hal_dma.o
    0x08000cb2   0x08000cb2   0x0000002c   Code   RO         1322    i.DMA_SetConfig     stm32f4xx_hal_dma.o
    0x08000cde   0x08000cde   0x00000002   Code   RO          350    i.DebugMon_Handler  stm32f4xx_it.o
    0x08000ce0   0x08000ce0   0x00000006   Code   RO           13    i.Error_Handler     main.o
    0x08000ce6   0x08000ce6   0x000000ac   Code   RO         1323    i.HAL_DMA_Abort     stm32f4xx_hal_dma.o
    0x08000d92   0x08000d92   0x00000028   Code   RO         1324    i.HAL_DMA_Abort_IT  stm32f4xx_hal_dma.o
    0x08000dba   0x08000dba   0x00000002   PAD
    0x08000dbc   0x08000dbc   0x00000240   Code   RO         1328    i.HAL_DMA_IRQHandler  stm32f4xx_hal_dma.o
    0x08000ffc   0x08000ffc   0x000000ec   Code   RO         1329    i.HAL_DMA_Init      stm32f4xx_hal_dma.o
    0x080010e8   0x080010e8   0x00000092   Code   RO         1333    i.HAL_DMA_Start_IT  stm32f4xx_hal_dma.o
    0x0800117a   0x0800117a   0x00000002   PAD
    0x0800117c   0x0800117c   0x000001c8   Code   RO         1216    i.HAL_GPIO_Init     stm32f4xx_hal_gpio.o
    0x08001344   0x08001344   0x0000000c   Code   RO         1220    i.HAL_GPIO_WritePin  stm32f4xx_hal_gpio.o
    0x08001350   0x08001350   0x0000000c   Code   RO         1795    i.HAL_GetTick       stm32f4xx_hal.o
    0x0800135c   0x0800135c   0x00000018   Code   RO         1801    i.HAL_IncTick       stm32f4xx_hal.o
    0x08001374   0x08001374   0x0000003c   Code   RO         1802    i.HAL_Init          stm32f4xx_hal.o
    0x080013b0   0x080013b0   0x0000004c   Code   RO         1803    i.HAL_InitTick      stm32f4xx_hal.o
    0x080013fc   0x080013fc   0x00000048   Code   RO          436    i.HAL_MspInit       stm32f4xx_hal_msp.o
    0x08001444   0x08001444   0x00000028   Code   RO         1632    i.HAL_NVIC_EnableIRQ  stm32f4xx_hal_cortex.o
    0x0800146c   0x0800146c   0x0000007c   Code   RO         1638    i.HAL_NVIC_SetPriority  stm32f4xx_hal_cortex.o
    0x080014e8   0x080014e8   0x00000028   Code   RO         1639    i.HAL_NVIC_SetPriorityGrouping  stm32f4xx_hal_cortex.o
    0x08001510   0x08001510   0x00000184   Code   RO          783    i.HAL_RCC_ClockConfig  stm32f4xx_hal_rcc.o
    0x08001694   0x08001694   0x0000000c   Code   RO          788    i.HAL_RCC_GetHCLKFreq  stm32f4xx_hal_rcc.o
    0x080016a0   0x080016a0   0x00000020   Code   RO          790    i.HAL_RCC_GetPCLK1Freq  stm32f4xx_hal_rcc.o
    0x080016c0   0x080016c0   0x00000020   Code   RO          791    i.HAL_RCC_GetPCLK2Freq  stm32f4xx_hal_rcc.o
    0x080016e0   0x080016e0   0x000000b0   Code   RO          792    i.HAL_RCC_GetSysClockFreq  stm32f4xx_hal_rcc.o
    0x08001790   0x08001790   0x0000049c   Code   RO          795    i.HAL_RCC_OscConfig  stm32f4xx_hal_rcc.o
    0x08001c2c   0x08001c2c   0x000000c8   Code   RO          471    i.HAL_SPI_Init      stm32f4xx_hal_spi.o
    0x08001cf4   0x08001cf4   0x00000088   Code   RO          265    i.HAL_SPI_MspInit   spi.o
    0x08001d7c   0x08001d7c   0x00000034   Code   RO         1643    i.HAL_SYSTICK_Config  stm32f4xx_hal_cortex.o
    0x08001db0   0x08001db0   0x00000070   Code   RO         2050    i.HAL_UARTEx_ReceiveToIdle_DMA  stm32f4xx_hal_uart.o
    0x08001e20   0x08001e20   0x0000012c   Code   RO           14    i.HAL_UARTEx_RxEventCallback  main.o
    0x08001f4c   0x08001f4c   0x00000002   Code   RO         2066    i.HAL_UART_ErrorCallback  stm32f4xx_hal_uart.o
    0x08001f4e   0x08001f4e   0x00000002   PAD
    0x08001f50   0x08001f50   0x00000308   Code   RO         2069    i.HAL_UART_IRQHandler  stm32f4xx_hal_uart.o
    0x08002258   0x08002258   0x00000076   Code   RO         2070    i.HAL_UART_Init     stm32f4xx_hal_uart.o
    0x080022ce   0x080022ce   0x00000002   PAD
    0x080022d0   0x080022d0   0x000000dc   Code   RO          307    i.HAL_UART_MspInit  usart.o
    0x080023ac   0x080023ac   0x00000002   Code   RO         2076    i.HAL_UART_RxCpltCallback  stm32f4xx_hal_uart.o
    0x080023ae   0x080023ae   0x00000002   Code   RO         2077    i.HAL_UART_RxHalfCpltCallback  stm32f4xx_hal_uart.o
    0x080023b0   0x080023b0   0x00000002   Code   RO         2081    i.HAL_UART_TxCpltCallback  stm32f4xx_hal_uart.o
    0x080023b2   0x080023b2   0x00000004   Code   RO          351    i.HardFault_Handler  stm32f4xx_it.o
    0x080023b6   0x080023b6   0x00000002   PAD
    0x080023b8   0x080023b8   0x00000038   Code   RO          240    i.MX_DMA_Init       dma.o
    0x080023f0   0x080023f0   0x00000110   Code   RO          216    i.MX_GPIO_Init      gpio.o
    0x08002500   0x08002500   0x00000044   Code   RO          266    i.MX_SPI1_Init      spi.o
    0x08002544   0x08002544   0x00000038   Code   RO          308    i.MX_USART1_UART_Init  usart.o
    0x0800257c   0x0800257c   0x00000004   Code   RO          352    i.MemManage_Handler  stm32f4xx_it.o
    0x08002580   0x08002580   0x00000004   Code   RO          353    i.NMI_Handler       stm32f4xx_it.o
    0x08002584   0x08002584   0x00000002   Code   RO          354    i.PendSV_Handler    stm32f4xx_it.o
    0x08002586   0x08002586   0x00000002   Code   RO          355    i.SVC_Handler       stm32f4xx_it.o
    0x08002588   0x08002588   0x00000008   Code   RO          356    i.SysTick_Handler   stm32f4xx_it.o
    0x08002590   0x08002590   0x000000b4   Code   RO           15    i.SystemClock_Config  main.o
    0x08002644   0x08002644   0x00000014   Code   RO         2414    i.SystemInit        system_stm32f4xx.o
    0x08002658   0x08002658   0x00000012   Code   RO         2083    i.UART_DMAAbortOnError  stm32f4xx_hal_uart.o
    0x0800266a   0x0800266a   0x00000050   Code   RO         2084    i.UART_DMAError     stm32f4xx_hal_uart.o
    0x080026ba   0x080026ba   0x000000b4   Code   RO         2085    i.UART_DMAReceiveCplt  stm32f4xx_hal_uart.o
    0x0800276e   0x0800276e   0x00000024   Code   RO         2087    i.UART_DMARxHalfCplt  stm32f4xx_hal_uart.o
    0x08002792   0x08002792   0x0000006c   Code   RO         2093    i.UART_EndRxTransfer  stm32f4xx_hal_uart.o
    0x080027fe   0x080027fe   0x00000020   Code   RO         2094    i.UART_EndTransmit_IT  stm32f4xx_hal_uart.o
    0x0800281e   0x0800281e   0x00000026   Code   RO         2095    i.UART_EndTxTransfer  stm32f4xx_hal_uart.o
    0x08002844   0x08002844   0x000000fc   Code   RO         2096    i.UART_Receive_IT   stm32f4xx_hal_uart.o
    0x08002940   0x08002940   0x0000022c   Code   RO         2097    i.UART_SetConfig    stm32f4xx_hal_uart.o
    0x08002b6c   0x08002b6c   0x000000d8   Code   RO         2098    i.UART_Start_Receive_DMA  stm32f4xx_hal_uart.o
    0x08002c44   0x08002c44   0x00000060   Code   RO         2100    i.UART_Transmit_IT  stm32f4xx_hal_uart.o
    0x08002ca4   0x08002ca4   0x00000010   Code   RO          357    i.USART1_IRQHandler  stm32f4xx_it.o
    0x08002cb4   0x08002cb4   0x00000004   Code   RO          358    i.UsageFault_Handler  stm32f4xx_it.o
    0x08002cb8   0x08002cb8   0x00000026   Code   RO         2597    i.__ARM_fpclassifyf  m_wm.l(fpclassifyf.o)
    0x08002cde   0x08002cde   0x00000002   PAD
    0x08002ce0   0x08002ce0   0x00000010   Code   RO         1645    i.__NVIC_GetPriorityGrouping  stm32f4xx_hal_cortex.o
    0x08002cf0   0x08002cf0   0x00000028   Code   RO         1646    i.__NVIC_SetPriority  stm32f4xx_hal_cortex.o
    0x08002d18   0x08002d18   0x00000150   Code   RO         2557    i.__hardfp_cosf     m_wm.l(cosf.o)
    0x08002e68   0x08002e68   0x00000190   Code   RO         2569    i.__hardfp_sinf     m_wm.l(sinf.o)
    0x08002ff8   0x08002ff8   0x00000006   Code   RO         2600    i.__mathlib_flt_infnan  m_wm.l(funder.o)
    0x08002ffe   0x08002ffe   0x00000002   PAD
    0x08003000   0x08003000   0x00000010   Code   RO         2602    i.__mathlib_flt_invalid  m_wm.l(funder.o)
    0x08003010   0x08003010   0x00000010   Code   RO         2605    i.__mathlib_flt_underflow  m_wm.l(funder.o)
    0x08003020   0x08003020   0x00000154   Code   RO         2613    i.__mathlib_rredf2  m_wm.l(rredf.o)
    0x08003174   0x08003174   0x00000054   Code   RO         2488    i.dac8563_init      dac8563.o
    0x080031c8   0x080031c8   0x00000038   Code   RO         2489    i.dac8563_output    dac8563.o
    0x08003200   0x08003200   0x00000018   Code   RO         2491    i.dac8563_output_int16  dac8563.o
    0x08003218   0x08003218   0x00000068   Code   RO         2492    i.dac8563_write     dac8563.o
    0x08003280   0x08003280   0x000000ac   Code   RO           16    i.draw_circle       main.o
    0x0800332c   0x0800332c   0x000000ce   Code   RO           17    i.draw_rectangle    main.o
    0x080033fa   0x080033fa   0x00000058   Code   RO           18    i.get_next_pose     main.o
    0x08003452   0x08003452   0x00000002   PAD
    0x08003454   0x08003454   0x00000158   Code   RO           19    i.main              main.o
    0x080035ac   0x080035ac   0x0000003c   Code   RO           20    i.move              main.o
    0x080035e8   0x080035e8   0x000000ac   Code   RO         2451    i.zjs_delay_us      zzy_lib_delay.o
    0x08003694   0x08003694   0x0000002c   Code   RO         2671    locale$$code        c_w.l(lc_ctype_c.o)
    0x080036c0   0x080036c0   0x0000000a   Code   RO         2739    x$fpl$fpinit        fz_wm.l(fpinit.o)
    0x080036ca   0x080036ca   0x00000000   Code   RO         2596    x$fpl$usenofp       fz_wm.l(usenofp.o)
    0x080036ca   0x080036ca   0x00000008   Data   RO         1335    .constdata          stm32f4xx_hal_dma.o
    0x080036d2   0x080036d2   0x00000018   Data   RO         2415    .constdata          system_stm32f4xx.o
    0x080036ea   0x080036ea   0x00000002   PAD
    0x080036ec   0x080036ec   0x00000020   Data   RO         2614    .constdata          m_wm.l(rredf.o)
    0x0800370c   0x0800370c   0x00000020   Data   RO         2795    Region$$Table       anon$$obj.o
    0x0800372c   0x0800372c   0x00000110   Data   RO         2670    locale$$data        c_w.l(lc_ctype_c.o)


    Execution Region RW_IRAM1 (Exec base: 0x20000000, Load base: 0x0800383c, Size: 0x00000c98, Max: 0x00010000, ABSOLUTE)

    Exec Addr    Load Addr    Size         Type   Attr      Idx    E Section Name        Object

    0x20000000   0x0800383c   0x00000001   Data   RW           23    .data               main.o
    0x20000001   0x0800383d   0x00000003   PAD
    0x20000004   0x08003840   0x00000009   Data   RW         1809    .data               stm32f4xx_hal.o
    0x2000000d   0x08003849   0x00000003   PAD
    0x20000010   0x0800384c   0x00000004   Data   RW         2416    .data               system_stm32f4xx.o
    0x20000014   0x08003850   0x0000000c   Data   RW         2452    .data               zzy_lib_delay.o
    0x20000020        -       0x00000518   Zero   RW           21    .bss                main.o
    0x20000538        -       0x00000058   Zero   RW          267    .bss                spi.o
    0x20000590        -       0x000000a8   Zero   RW          309    .bss                usart.o
    0x20000638        -       0x00000060   Zero   RW         2643    .bss                c_w.l(libspace.o)
    0x20000698        -       0x00000200   Zero   RW            2    HEAP                startup_stm32f401xc.o
    0x20000898        -       0x00000400   Zero   RW            1    STACK               startup_stm32f401xc.o


==============================================================================

Image component sizes


      Code (inc. data)   RO Data    RW Data    ZI Data      Debug   Object Name

       268         24          0          0          0       2319   dac8563.o
        56          4          0          0          0        762   dma.o
       272         18          0          0          0       1023   gpio.o
      1356        100          0          1       1304     397541   main.o
       204         22          0          0         88       1669   spi.o
        64         26        404          0       1536        844   startup_stm32f401xc.o
       172         32          0          9          0       8613   stm32f4xx_hal.o
       312         22          0          0          0      34331   stm32f4xx_hal_cortex.o
      1436         16          8          0          0       7026   stm32f4xx_hal_dma.o
       468         32          0          0          0       2084   stm32f4xx_hal_gpio.o
        72          4          0          0          0        858   stm32f4xx_hal_msp.o
      1820         84          0          0          0       5632   stm32f4xx_hal_rcc.o
       200          0          0          0          0       1203   stm32f4xx_hal_spi.o
      2626         28          0          0          0      14301   stm32f4xx_hal_uart.o
        66         12          0          0          0       5216   stm32f4xx_it.o
        20          6         24          4          0       1127   system_stm32f4xx.o
       276         34          0          0        168       1781   usart.o
       172         16          0         12          0       1023   zzy_lib_delay.o

    ----------------------------------------------------------------------
      9874        480        470         32       3096     487353   Object Totals
         0          0         32          0          0          0   (incl. Generated)
        14          0          2          6          0          0   (incl. Padding)

    ----------------------------------------------------------------------

      Code (inc. data)   RO Data    RW Data    ZI Data      Debug   Library Member Name

        60          8          0          0          0         84   __0sscanf.o
         8          0          0          0          0         68   __main.o
         0          0          0          0          0          0   __rtentry.o
        12          0          0          0          0          0   __rtentry2.o
         6          0          0          0          0          0   __rtentry4.o
        52          8          0          0          0          0   __scatter.o
        26          0          0          0          0          0   __scatter_copy.o
        28          0          0          0          0          0   __scatter_zi.o
        28          0          0          0          0         68   _chval.o
        22          0          0          0          0        100   _rserrno.o
       884          6          0          0          0        100   _scanf.o
       332          0          0          0          0         96   _scanf_int.o
        64          0          0          0          0         84   _sgetc.o
        18          0          0          0          0         80   exit.o
         6          0          0          0          0        152   heapauxi.o
         0          0          0          0          0          0   indicate_semi.o
        18          0          0          0          0         76   isspace.o
        44         10        272          0          0         76   lc_ctype_c.o
         2          0          0          0          0          0   libinit.o
        24          0          0          0          0          0   libinit2.o
         2          0          0          0          0          0   libshutdown.o
         2          0          0          0          0          0   libshutdown2.o
         8          4          0          0         96         68   libspace.o
       238          0          0          0          0        100   lludivv7m.o
        16          4          0          0          0         76   rt_ctype_table.o
         8          4          0          0          0         68   rt_errno_addr_intlibspace.o
         8          4          0          0          0         68   rt_locale_intlibspace.o
        68          0          0          0          0         68   rt_memclr.o
        78          0          0          0          0         80   rt_memclr_w.o
       138          0          0          0          0         68   rt_memcpy_v6.o
       100          0          0          0          0         80   rt_memcpy_w.o
         2          0          0          0          0          0   rtexit.o
        10          0          0          0          0          0   rtexit2.o
        44          8          0          0          0         84   scanf_char.o
       128          0          0          0          0         68   strcmpv7m.o
        12          4          0          0          0         68   sys_exit.o
        74          0          0          0          0         80   sys_stackheap_outer.o
         2          0          0          0          0         68   use_no_semi.o
        10          0          0          0          0        116   fpinit.o
         0          0          0          0          0          0   usenofp.o
       336         56          0          0          0        136   cosf.o
        38          0          0          0          0        116   fpclassifyf.o
        38         12          0          0          0        348   funder.o
       340         24         32          0          0        160   rredf.o
       400         56          0          0          0        212   sinf.o

    ----------------------------------------------------------------------
      3748        208        304          0         96       3116   Library Totals
        14          0          0          0          0          0   (incl. Padding)

    ----------------------------------------------------------------------

      Code (inc. data)   RO Data    RW Data    ZI Data      Debug   Library Name

      2572         60        272          0         96       2028   c_w.l
        10          0          0          0          0        116   fz_wm.l
      1152        148         32          0          0        972   m_wm.l

    ----------------------------------------------------------------------
      3748        208        304          0         96       3116   Library Totals

    ----------------------------------------------------------------------

==============================================================================


      Code (inc. data)   RO Data    RW Data    ZI Data      Debug   

     13622        688        774         32       3192     481677   Grand Totals
     13622        688        774         32       3192     481677   ELF Image Totals
     13622        688        774         32          0          0   ROM Totals

==============================================================================

    Total RO  Size (Code + RO Data)                14396 (  14.06kB)
    Total RW  Size (RW Data + ZI Data)              3224 (   3.15kB)
    Total ROM Size (Code + RO Data + RW Data)      14428 (  14.09kB)

==============================================================================

